Archive member included to satisfy reference by file (symbol)

c:/program files (x86)/atmel/studio/7.0/toolchain/avr8/avr8-gnu-toolchain/bin/../lib/gcc/avr/5.4.0/../../../../avr/lib/avrxmega7\libm.a(addsf3.o)
                              source/motor_control.o (__subsf3)
c:/program files (x86)/atmel/studio/7.0/toolchain/avr8/avr8-gnu-toolchain/bin/../lib/gcc/avr/5.4.0/../../../../avr/lib/avrxmega7\libm.a(addsf3x.o)
                              c:/program files (x86)/atmel/studio/7.0/toolchain/avr8/avr8-gnu-toolchain/bin/../lib/gcc/avr/5.4.0/../../../../avr/lib/avrxmega7\libm.a(addsf3.o) (__addsf3x)
c:/program files (x86)/atmel/studio/7.0/toolchain/avr8/avr8-gnu-toolchain/bin/../lib/gcc/avr/5.4.0/../../../../avr/lib/avrxmega7\libm.a(cmpsf2.o)
                              source/motor_control.o (__ltsf2)
c:/program files (x86)/atmel/studio/7.0/toolchain/avr8/avr8-gnu-toolchain/bin/../lib/gcc/avr/5.4.0/../../../../avr/lib/avrxmega7\libm.a(fixsfsi.o)
                              source/motor_control.o (__fixsfsi)
c:/program files (x86)/atmel/studio/7.0/toolchain/avr8/avr8-gnu-toolchain/bin/../lib/gcc/avr/5.4.0/../../../../avr/lib/avrxmega7\libm.a(fixunssfsi.o)
                              source/sermo_control.o (__fixunssfsi)
c:/program files (x86)/atmel/studio/7.0/toolchain/avr8/avr8-gnu-toolchain/bin/../lib/gcc/avr/5.4.0/../../../../avr/lib/avrxmega7\libm.a(floatsisf.o)
                              source/sermo_control.o (__floatunsisf)
c:/program files (x86)/atmel/studio/7.0/toolchain/avr8/avr8-gnu-toolchain/bin/../lib/gcc/avr/5.4.0/../../../../avr/lib/avrxmega7\libm.a(fmod.o)
                              source/xmega_usart.o (fmod)
c:/program files (x86)/atmel/studio/7.0/toolchain/avr8/avr8-gnu-toolchain/bin/../lib/gcc/avr/5.4.0/../../../../avr/lib/avrxmega7\libm.a(fp_cmp.o)
                              c:/program files (x86)/atmel/studio/7.0/toolchain/avr8/avr8-gnu-toolchain/bin/../lib/gcc/avr/5.4.0/../../../../avr/lib/avrxmega7\libm.a(cmpsf2.o) (__fp_cmp)
c:/program files (x86)/atmel/studio/7.0/toolchain/avr8/avr8-gnu-toolchain/bin/../lib/gcc/avr/5.4.0/../../../../avr/lib/avrxmega7\libm.a(fp_inf.o)
                              c:/program files (x86)/atmel/studio/7.0/toolchain/avr8/avr8-gnu-toolchain/bin/../lib/gcc/avr/5.4.0/../../../../avr/lib/avrxmega7\libm.a(addsf3x.o) (__fp_inf)
c:/program files (x86)/atmel/studio/7.0/toolchain/avr8/avr8-gnu-toolchain/bin/../lib/gcc/avr/5.4.0/../../../../avr/lib/avrxmega7\libm.a(fp_mpack.o)
                              c:/program files (x86)/atmel/studio/7.0/toolchain/avr8/avr8-gnu-toolchain/bin/../lib/gcc/avr/5.4.0/../../../../avr/lib/avrxmega7\libm.a(fmod.o) (__fp_mpack)
c:/program files (x86)/atmel/studio/7.0/toolchain/avr8/avr8-gnu-toolchain/bin/../lib/gcc/avr/5.4.0/../../../../avr/lib/avrxmega7\libm.a(fp_nan.o)
                              c:/program files (x86)/atmel/studio/7.0/toolchain/avr8/avr8-gnu-toolchain/bin/../lib/gcc/avr/5.4.0/../../../../avr/lib/avrxmega7\libm.a(addsf3x.o) (__fp_nan)
c:/program files (x86)/atmel/studio/7.0/toolchain/avr8/avr8-gnu-toolchain/bin/../lib/gcc/avr/5.4.0/../../../../avr/lib/avrxmega7\libm.a(fp_pscA.o)
                              c:/program files (x86)/atmel/studio/7.0/toolchain/avr8/avr8-gnu-toolchain/bin/../lib/gcc/avr/5.4.0/../../../../avr/lib/avrxmega7\libm.a(addsf3x.o) (__fp_pscA)
c:/program files (x86)/atmel/studio/7.0/toolchain/avr8/avr8-gnu-toolchain/bin/../lib/gcc/avr/5.4.0/../../../../avr/lib/avrxmega7\libm.a(fp_pscB.o)
                              c:/program files (x86)/atmel/studio/7.0/toolchain/avr8/avr8-gnu-toolchain/bin/../lib/gcc/avr/5.4.0/../../../../avr/lib/avrxmega7\libm.a(addsf3x.o) (__fp_pscB)
c:/program files (x86)/atmel/studio/7.0/toolchain/avr8/avr8-gnu-toolchain/bin/../lib/gcc/avr/5.4.0/../../../../avr/lib/avrxmega7\libm.a(fp_round.o)
                              c:/program files (x86)/atmel/studio/7.0/toolchain/avr8/avr8-gnu-toolchain/bin/../lib/gcc/avr/5.4.0/../../../../avr/lib/avrxmega7\libm.a(addsf3.o) (__fp_round)
c:/program files (x86)/atmel/studio/7.0/toolchain/avr8/avr8-gnu-toolchain/bin/../lib/gcc/avr/5.4.0/../../../../avr/lib/avrxmega7\libm.a(fp_split3.o)
                              c:/program files (x86)/atmel/studio/7.0/toolchain/avr8/avr8-gnu-toolchain/bin/../lib/gcc/avr/5.4.0/../../../../avr/lib/avrxmega7\libm.a(addsf3x.o) (__fp_split3)
c:/program files (x86)/atmel/studio/7.0/toolchain/avr8/avr8-gnu-toolchain/bin/../lib/gcc/avr/5.4.0/../../../../avr/lib/avrxmega7\libm.a(fp_zero.o)
                              c:/program files (x86)/atmel/studio/7.0/toolchain/avr8/avr8-gnu-toolchain/bin/../lib/gcc/avr/5.4.0/../../../../avr/lib/avrxmega7\libm.a(addsf3x.o) (__fp_zero)
c:/program files (x86)/atmel/studio/7.0/toolchain/avr8/avr8-gnu-toolchain/bin/../lib/gcc/avr/5.4.0/../../../../avr/lib/avrxmega7\libm.a(gesf2.o)
                              source/motor_control.o (__gesf2)
[...]
Memory Configuration

Name             Origin             Length             Attributes
text             0x00000000         0x00100000         xr
data             0x00802000         0x0000ffa0         rw !x
eeprom           0x00810000         0x00010000         rw !x
fuse             0x00820000         0x00000006         rw !x
lock             0x00830000         0x00000400         rw !x
signature        0x00840000         0x00000400         rw !x
user_signatures  0x00850000         0x00000400         rw !x
*default*        0x00000000         0xffffffff

Linker script and memory map

LOAD C:/Program Files (x86)/Atmel/Studio/7.0/Packs/atmel/XMEGAA_DFP/1.1.68/gcc/dev/atxmega128a1u/avrxmega7/crtatxmega128a1u.o
LOAD main.o
LOAD source/action.o
LOAD source/color_control.o
LOAD source/gyro_control.o
LOAD source/initializing.o
LOAD source/lcd_control.o
LOAD source/motor_control.o
LOAD source/mv_control.o
LOAD source/ping_control.o
LOAD source/sermo_control.o
LOAD source/ui_control.o
LOAD source/vl53lox.o
LOAD source/xmega_spi.o
LOAD source/xmega_twi.o
LOAD source/xmega_usart.o
START GROUP
LOAD c:/program files (x86)/atmel/studio/7.0/toolchain/avr8/avr8-gnu-toolchain/bin/../lib/gcc/avr/5.4.0/../../../../avr/lib/avrxmega7\libm.a
END GROUP
LOAD c:/program files (x86)/atmel/studio/7.0/toolchain/avr8/avr8-gnu-toolchain/bin/../lib/gcc/avr/5.4.0/avrxmega7\libgcc.a
LOAD c:/program files (x86)/atmel/studio/7.0/toolchain/avr8/avr8-gnu-toolchain/bin/../lib/gcc/avr/5.4.0/../../../../avr/lib/avrxmega7\libm.a
START GROUP
LOAD c:/program files (x86)/atmel/studio/7.0/toolchain/avr8/avr8-gnu-toolchain/bin/../lib/gcc/avr/5.4.0/avrxmega7\libgcc.a
LOAD c:/program files (x86)/atmel/studio/7.0/toolchain/avr8/avr8-gnu-toolchain/bin/../lib/gcc/avr/5.4.0/../../../../avr/lib/avrxmega7\libm.a
LOAD c:/program files (x86)/atmel/studio/7.0/toolchain/avr8/avr8-gnu-toolchain/bin/../lib/gcc/avr/5.4.0/../../../../avr/lib/avrxmega7\libc.a
LOAD C:/Program Files (x86)/Atmel/Studio/7.0/Packs/atmel/XMEGAA_DFP/1.1.68/gcc/dev/atxmega128a1u/avrxmega7\libatxmega128a1u.a
END GROUP
                0x00100000                __TEXT_REGION_LENGTH__ = DEFINED (__TEXT_REGION_LENGTH__)?__TEXT_REGION_LENGTH__:0x100000
                0x0000ffa0                __DATA_REGION_LENGTH__ = DEFINED (__DATA_REGION_LENGTH__)?__DATA_REGION_LENGTH__:0xffa0
                0x00010000                __EEPROM_REGION_LENGTH__ = DEFINED (__EEPROM_REGION_LENGTH__)?__EEPROM_REGION_LENGTH__:0x10000
                [0x00000006]                __FUSE_REGION_LENGTH__ = DEFINED (__FUSE_REGION_LENGTH__)?__FUSE_REGION_LENGTH__:0x400
                0x00000400                __LOCK_REGION_LENGTH__ = DEFINED (__LOCK_REGION_LENGTH__)?__LOCK_REGION_LENGTH__:0x400
                0x00000400                __SIGNATURE_REGION_LENGTH__ = DEFINED (__SIGNATURE_REGION_LENGTH__)?__SIGNATURE_REGION_LENGTH__:0x400
                0x00000400                __USER_SIGNATURE_REGION_LENGTH__ = DEFINED (__USER_SIGNATURE_REGION_LENGTH__)?__USER_SIGNATURE_REGION_LENGTH__:0x400

.hash
 *(.hash)

.dynsym
 *(.dynsym)

.dynstr
 *(.dynstr)

.gnu.version
 *(.gnu.version)

.gnu.version_d
 *(.gnu.version_d)

.gnu.version_r
 *(.gnu.version_r)

.rel.init
 *(.rel.init)

.rela.init
 *(.rela.init)

.rel.text
 *(.rel.text)
 *(.rel.text.*)
 *(.rel.gnu.linkonce.t*)

.rela.text
 *(.rela.text)
 *(.rela.text.*)
 *(.rela.gnu.linkonce.t*)

.rel.fini
 *(.rel.fini)

.rela.fini
 *(.rela.fini)

.rel.rodata
 *(.rel.rodata)
 *(.rel.rodata.*)
 *(.rel.gnu.linkonce.r*)

.rela.rodata
 *(.rela.rodata)
 *(.rela.rodata.*)
 *(.rela.gnu.linkonce.r*)

.rel.data
 *(.rel.data)
 *(.rel.data.*)
 *(.rel.gnu.linkonce.d*)

.rela.data
 *(.rela.data)
 *(.rela.data.*)
 *(.rela.gnu.linkonce.d*)

.rel.ctors
 *(.rel.ctors)

.rela.ctors
 *(.rela.ctors)

.rel.dtors
 *(.rel.dtors)

.rela.dtors
 *(.rela.dtors)

.rel.got
 *(.rel.got)

.rela.got
 *(.rela.got)

.rel.bss
 *(.rel.bss)

.rela.bss
 *(.rela.bss)

.rel.plt
 *(.rel.plt)

.rela.plt
 *(.rela.plt)

.text           0x00000000    0x138e0
 *(.vectors)
 .vectors       0x00000000      0x1fc C:/Program Files (x86)/Atmel/Studio/7.0/Packs/atmel/XMEGAA_DFP/1.1.68/gcc/dev/atxmega128a1u/avrxmega7/crtatxmega128a1u.o
                0x00000000                __vector_default
                0x00000000                __vectors
 *(.vectors)
 *(.progmem.gcc*)
 .progmem.gcc_sw_table._ZN5motor4moveEh
                0x000001fc       0x14 source/motor_control.o
 .progmem.gcc_sw_table._ZN5usart6putintEl
                0x00000210       0x14 source/xmega_usart.o
 .progmem.gcc_fplib
                0x00000224       0x5a c:/program files (x86)/atmel/studio/7.0/toolchain/avr8/avr8-gnu-toolchain/bin/../lib/gcc/avr/5.4.0/../../../../avr/lib/avrxmega7\libm.a(log.o)
                0x0000027e                . = ALIGN (0x2)
                0x0000027e                __trampolines_start = .
 *(.trampolines)
 .trampolines   0x0000027e       0x64 linker stubs
 *(.trampolines*)
                0x000002e2                __trampolines_end = .
 *libprintf_flt.a:*(.progmem.data)
 *libc.a:*(.progmem.data)
 *(.progmem*)
                0x000002e2                . = ALIGN (0x2)
 *(.jumptables)
 *(.jumptables*)
 *(.lowtext)
 *(.lowtext*)
                0x000002e2                __ctors_start = .
 *(.ctors)
 .ctors         0x000002e2        0x2 main.o
 .ctors         0x000002e4        0x2 source/gyro_control.o
 .ctors         0x000002e6        0x2 source/motor_control.o
 .ctors         0x000002e8        0x2 source/mv_control.o
 .ctors         0x000002ea        0x2 source/vl53lox.o
                0x000002ec                __ctors_end = .
                0x000002ec                __dtors_start = .
 *(.dtors)
                0x000002ec                __dtors_end = .
 SORT(*)(.ctors)
 SORT(*)(.dtors)
 *(.init0)
 .init0         0x000002ec        0x0 C:/Program Files (x86)/Atmel/Studio/7.0/Packs/atmel/XMEGAA_DFP/1.1.68/gcc/dev/atxmega128a1u/avrxmega7/crtatxmega128a1u.o
                0x000002ec                __init
 *(.init0)
 *(.init1)
 *(.init1)
 *(.init2)
 .init2         0x000002ec       0x18 C:/Program Files (x86)/Atmel/Studio/7.0/Packs/atmel/XMEGAA_DFP/1.1.68/gcc/dev/atxmega128a1u/avrxmega7/crtatxmega128a1u.o
 *(.init2)
 *(.init3)
 *(.init3)
 *(.init4)
 .init4         0x00000304       0x1c c:/program files (x86)/atmel/studio/7.0/toolchain/avr8/avr8-gnu-toolchain/bin/../lib/gcc/avr/5.4.0/avrxmega7\libgcc.a(_copy_data.o)
                0x00000304                __do_copy_data
 .init4         0x00000320       0x10 c:/program files (x86)/atmel/studio/7.0/toolchain/avr8/avr8-gnu-toolchain/bin/../lib/gcc/avr/5.4.0/avrxmega7\libgcc.a(_clear_bss.o)
                0x00000320                __do_clear_bss
 *(.init4)
 *(.init5)
 *(.init5)
 *(.init6)
 .init6         0x00000330       0x20 c:/program files (x86)/atmel/studio/7.0/toolchain/avr8/avr8-gnu-toolchain/bin/../lib/gcc/avr/5.4.0/avrxmega7\libgcc.a(_ctors.o)
                0x00000330                __do_global_ctors
 *(.init6)
 *(.init7)
 *(.init7)
 *(.init8)
 *(.init8)
 *(.init9)
 .init9         0x00000350        0x8 C:/Program Files (x86)/Atmel/Studio/7.0/Packs/atmel/XMEGAA_DFP/1.1.68/gcc/dev/atxmega128a1u/avrxmega7/crtatxmega128a1u.o
 *(.init9)
 *(.text)
 .text          0x00000358        0x4 C:/Program Files (x86)/Atmel/Studio/7.0/Packs/atmel/XMEGAA_DFP/1.1.68/gcc/dev/atxmega128a1u/avrxmega7/crtatxmega128a1u.o
                0x00000358                __vector_38
                0x00000358                __vector_104
                0x00000358                __vector_22
                0x00000358                __vector_63
                0x00000358                __vector_28
                0x00000358                __vector_67
                0x00000358                __vector_1
                0x00000358                __vector_119
                0x00000358                __vector_32
                0x00000358                __vector_75
                0x00000358                __vector_71
                0x00000358                __vector_91
                0x00000358                __vector_34
                0x00000358                __vector_62
                0x00000358                __vector_102
                0x00000358                __vector_24
                0x00000358                __vector_12
                0x00000358                __vector_55
                0x00000358                __vector_69
                0x00000358                __vector_81
                0x00000358                __vector_90
                0x00000358                __vector_46
                0x00000358                __bad_interrupt
                0x00000358                __vector_122
                0x00000358                __vector_72
                0x00000358                __vector_114
                0x00000358                __vector_6
                0x00000358                __vector_110
                0x00000358                __vector_31
                0x00000358                __vector_92
                0x00000358                __vector_35
                0x00000358                __vector_78
                0x00000358                __vector_74
                0x00000358                __vector_117
                0x00000358                __vector_39
                0x00000358                __vector_107
                0x00000358                __vector_3
                0x00000358                __vector_105
                0x00000358                __vector_98
                0x00000358                __vector_23
                0x00000358                __vector_68
                0x00000358                __vector_30
                0x00000358                __vector_73
                0x00000358                __vector_45
                0x00000358                __vector_25
                0x00000358                __vector_93
                0x00000358                __vector_61
                0x00000358                __vector_11
                0x00000358                __vector_54
                0x00000358                __vector_99
                0x00000358                __vector_13
                0x00000358                __vector_17
                0x00000358                __vector_19
                0x00000358                __vector_56
                0x00000358                __vector_7
                0x00000358                __vector_125
                0x00000358                __vector_49
                0x00000358                __vector_123
                0x00000358                __vector_41
                0x00000358                __vector_86
                0x00000358                __vector_100
                0x00000358                __vector_101
                0x00000358                __vector_64
                0x00000358                __vector_88
                0x00000358                __vector_109
                0x00000358                __vector_43
                0x00000358                __vector_27
                0x00000358                __vector_5
                0x00000358                __vector_113
                0x00000358                __vector_33
                0x00000358                __vector_76
                0x00000358                __vector_115
                0x00000358                __vector_47
                0x00000358                __vector_52
                0x00000358                __vector_37
                0x00000358                __vector_95
                0x00000358                __vector_103
                0x00000358                __vector_96
                0x00000358                __vector_89
                0x00000358                __vector_108
                0x00000358                __vector_4
                0x00000358                __vector_44
                0x00000358                __vector_82
                0x00000358                __vector_106
                0x00000358                __vector_118
                0x00000358                __vector_51
                0x00000358                __vector_9
                0x00000358                __vector_2
                0x00000358                __vector_21
                0x00000358                __vector_15
                0x00000358                __vector_66
                0x00000358                __vector_36
                0x00000358                __vector_79
                0x00000358                __vector_58
                0x00000358                __vector_70
                0x00000358                __vector_83
                0x00000358                __vector_29
                0x00000358                __vector_60
                0x00000358                __vector_121
                0x00000358                __vector_40
                0x00000358                __vector_85
                0x00000358                __vector_94
                0x00000358                __vector_126
                0x00000358                __vector_8
                0x00000358                __vector_26
                0x00000358                __vector_48
                0x00000358                __vector_124
                0x00000358                __vector_116
                0x00000358                __vector_112
                0x00000358                __vector_111
                0x00000358                __vector_80
                0x00000358                __vector_14
                0x00000358                __vector_84
                0x00000358                __vector_57
                0x00000358                __vector_53
                0x00000358                __vector_10
                0x00000358                __vector_50
                0x00000358                __vector_16
                0x00000358                __vector_59
                0x00000358                __vector_18
                0x00000358                __vector_97
                0x00000358                __vector_20
                0x00000358                __vector_42
                0x00000358                __vector_87
                0x00000358                __vector_65
                0x00000358                __vector_120
                0x0000035c                . = ALIGN (0x2)
 *(.text.*)
 .text._ZN4core3dfsEP4nodeiiii
                0x0000035c      0xa6c main.o
                0x0000035c                _ZN4core3dfsEP4nodeiiii
 .text._ZN4core7ap_nodeEP4nodei
                0x00000dc8     0x4160 main.o
                0x00000dc8                _ZN4core7ap_nodeEP4nodei
 .text._ZN4core7ac_nextEP4nodeiii
                0x00004f28     0x4126 main.o
                0x00004f28                _ZN4core7ac_nextEP4nodeiii
 .text._ZN4core7cl_distEP4nodei
                0x0000904e      0x404 main.o
                0x0000904e                _ZN4core7cl_distEP4nodei
 .text._Z10make_nodesv
                0x00009452      0x14a main.o
                0x00009452                _Z10make_nodesv
 .text._Z10black_tilev
                0x0000959c      0x1c2 main.o
                0x0000959c                _Z10black_tilev
 .text._Z4movei
                0x0000975e      0x73e main.o
                0x0000975e                _Z4movei
 .text._Z6move_nP4node
                0x00009e9c       0xd0 main.o
                0x00009e9c                _Z6move_nP4node
 .text._Z8move_toaP4node
                0x00009f6c     0x3ab4 main.o
                0x00009f6c                _Z8move_toaP4node
 .text._Z9stack_dfsv
                0x0000da20     0x3c68 main.o
                0x0000da20                _Z9stack_dfsv
 .text.main     0x00011688       0x6e main.o
                0x00011688                main
 .text._GLOBAL__sub_I__Z3maxii
                0x000116f6       0xac main.o
 .text._Z13finded_victimh
                0x000117a2       0xfe source/action.o
                0x000117a2                _Z13finded_victimh
 .text._Z10init_colorv
                0x000118a0        0x8 source/color_control.o
                0x000118a0                _Z10init_colorv
 .text._Z11color_shiftv
                0x000118a8       0x52 source/color_control.o
                0x000118a8                _Z11color_shiftv
 .text._Z10color_readv
                0x000118fa       0x84 source/color_control.o
                0x000118fa                _Z10color_readv
 .text._Z11color_checkv
                0x0001197e       0x30 source/color_control.o
                0x0001197e                _Z11color_checkv
 .text._Z10jy_recv_wdhPi
                0x000119ae       0x5e source/gyro_control.o
                0x000119ae                _Z10jy_recv_wdhPi
 .text._Z10gyro_anglev
                0x00011a0c       0x62 source/gyro_control.o
                0x00011a0c                _Z10gyro_anglev
 .text._GLOBAL__sub_I_gyro
                0x00011a6e       0x16 source/gyro_control.o
 .text._Z10init_clockv
                0x00011a84       0x2c source/initializing.o
                0x00011a84                _Z10init_clockv
 .text._Z3rtcv  0x00011ab0       0x1e source/initializing.o
                0x00011ab0                _Z3rtcv
 .text._Z8init_avrv
                0x00011ace       0x1e source/initializing.o
                0x00011ace                _Z8init_avrv
 .text._Z8init_allv
                0x00011aec       0x1a source/initializing.o
                0x00011aec                _Z8init_allv
 .text._Z8init_lcdv
                0x00011b06      0x29a source/lcd_control.o
                0x00011b06                _Z8init_lcdv
 .text._Z10lcd_putstrP10TWI_structPKc
                0x00011da0       0xc4 source/lcd_control.o
                0x00011da0                _Z10lcd_putstrP10TWI_structPKc
 .text._Z9lcd_clearv
                0x00011e64       0x66 source/lcd_control.o
                0x00011e64                _Z9lcd_clearv
 .text._Z10init_motorv
                0x00011eca       0x10 source/motor_control.o
                0x00011eca                _Z10init_motorv
 .text._Z4mspihh
                0x00011eda       0x38 source/motor_control.o
                0x00011eda                _Z4mspihh
 .text._Z6m_sendhhhh
                0x00011f12       0x66 source/motor_control.o
                0x00011f12                _Z6m_sendhhhh
 .text._ZN5motor5brakeEh
                0x00011f78        0xc source/motor_control.o
                0x00011f78                _ZN5motor5brakeEh
 .text._ZN5motor4waitEb
                0x00011f84      0x14a source/motor_control.o
                0x00011f84                _ZN5motor4waitEb
 .text._ZN5motor4moveEh
                0x000120ce      0x42a source/motor_control.o
                0x000120ce                _ZN5motor4moveEh
 .text._ZN5motor6gb_fixEv
                0x000124f8      0x160 source/motor_control.o
                0x000124f8                _ZN5motor6gb_fixEv
 .text._ZN5motor8turn_fixEh
                0x00012658      0x20a source/motor_control.o
                0x00012658                _ZN5motor8turn_fixEh
 .text._ZN5motor11notify_halfEv
                0x00012862       0x8a source/motor_control.o
                0x00012862                _ZN5motor11notify_halfEv
 .text._ZN5motor12fix_positionEv
                0x000128ec       0x1a source/motor_control.o
                0x000128ec                _ZN5motor12fix_positionEv
 .text._GLOBAL__sub_I_motor_spi
                0x00012906       0x14 source/motor_control.o
 .text._Z7init_mvv
                0x0001291a       0x1c source/mv_control.o
                0x0001291a                _Z7init_mvv
 .text._Z6mv_caphb
                0x00012936       0x48 source/mv_control.o
                0x00012936                _Z6mv_caphb
 .text._Z11mv_spi_sendhh
                0x0001297e       0xd6 source/mv_control.o
                0x0001297e                _Z11mv_spi_sendhh
 .text._Z8check_mvh
                0x00012a54      0x11c source/mv_control.o
                0x00012a54                _Z8check_mvh
 .text._GLOBAL__sub_I_mv
                0x00012b70       0x18 source/mv_control.o
 .text._Z10ping_checkP11PORT_structh
                0x00012b88       0x4a source/ping_control.o
                0x00012b88                _Z10ping_checkP11PORT_structh
 .text._Z4pingi
                0x00012bd2       0x70 source/ping_control.o
                0x00012bd2                _Z4pingi
 .text._Z3c_pi  0x00012c42       0x4c source/ping_control.o
                0x00012c42                _Z3c_pi
 .text._Z10check_pingi
                0x00012c8e       0x7e source/ping_control.o
                0x00012c8e                _Z10check_pingi
 .text.__vector_77
                0x00012d0c       0x1e source/ui_control.o
                0x00012d0c                __vector_77
 .text._Z8delay_usj
                0x00012d2a       0x18 source/ui_control.o
                0x00012d2a                _Z8delay_usj
 .text._Z6buzzerj
                0x00012d42       0x66 source/ui_control.o
                0x00012d42                _Z6buzzerj
 .text._Z3ledhh
                0x00012da8       0x1c source/ui_control.o
                0x00012da8                _Z3ledhh
 .text._Z9error_ledhh
                0x00012dc4       0x4e source/ui_control.o
                0x00012dc4                _Z9error_ledhh
 .text._GLOBAL__sub_I_vl
                0x00012e12       0x16 source/vl53lox.o
 .text._ZN3spiC2EP10SPI_structP11PORT_struct18SPI_PRESCALER_enum
                0x00012e28       0x28 source/xmega_spi.o
                0x00012e28                _ZN3spiC1EP10SPI_structP11PORT_struct18SPI_PRESCALER_enum
                0x00012e28                _ZN3spiC2EP10SPI_structP11PORT_struct18SPI_PRESCALER_enum
 .text._ZN3spi4sendEh
                0x00012e50       0x20 source/xmega_spi.o
                0x00012e50                _ZN3spi4sendEh
 .text._ZN3twiC2EP10TWI_structm
                0x00012e70       0x5e source/xmega_twi.o
                0x00012e70                _ZN3twiC1EP10TWI_structm
                0x00012e70                _ZN3twiC2EP10TWI_structm
 .text._ZN3twi10errorCheckEv
                0x00012ece       0x2e source/xmega_twi.o
                0x00012ece                _ZN3twi10errorCheckEv
 .text._ZN3twi7AddressEhh
                0x00012efc       0x5c source/xmega_twi.o
                0x00012efc                _ZN3twi7AddressEhh
 .text._ZN3twi11WriteSingleEi
                0x00012f58       0x48 source/xmega_twi.o
                0x00012f58                _ZN3twi11WriteSingleEi
 .text._ZN3twi10ReadSingleEh
                0x00012fa0       0x30 source/xmega_twi.o
                0x00012fa0                _ZN3twi10ReadSingleEh
 .text._ZN3twi4StopEv
                0x00012fd0       0x24 source/xmega_twi.o
                0x00012fd0                _ZN3twi4StopEv
 .text._ZN5usartC2EP12USART_structP11PORT_struct
                0x00012ff4       0x44 source/xmega_usart.o
                0x00012ff4                _ZN5usartC2EP12USART_structP11PORT_struct
                0x00012ff4                _ZN5usartC1EP12USART_structP11PORT_struct
 .text._ZN5usart4sendEc
                0x00013038       0x14 source/xmega_usart.o
                0x00013038                _ZN5usart4sendEc
 .text._ZN5usart6stringEPKc
                0x0001304c       0x2a source/xmega_usart.o
                0x0001304c                _ZN5usart6stringEPKc
 .text._ZN5usart6putdecEj
                0x00013076       0xda source/xmega_usart.o
                0x00013076                _ZN5usart6putdecEj
 .text._ZN5usart6putintEl
                0x00013150      0x216 source/xmega_usart.o
                0x00013150                _ZN5usart6putintEl
 .text.avr-libc.fplib
                0x00013366        0xe c:/program files (x86)/atmel/studio/7.0/toolchain/avr8/avr8-gnu-toolchain/bin/../lib/gcc/avr/5.4.0/../../../../avr/lib/avrxmega7\libm.a(addsf3.o)
                0x00013366                __subsf3
                0x00013368                __addsf3
 .text.avr-libc.fplib
                0x00013374       0xcc c:/program files (x86)/atmel/studio/7.0/toolchain/avr8/avr8-gnu-toolchain/bin/../lib/gcc/avr/5.4.0/../../../../avr/lib/avrxmega7\libm.a(addsf3x.o)
                0x00013396                __addsf3x
 .text.avr-libc.fplib
                0x00013440        0xa c:/program files (x86)/atmel/studio/7.0/toolchain/avr8/avr8-gnu-toolchain/bin/../lib/gcc/avr/5.4.0/../../../../avr/lib/avrxmega7\libm.a(cmpsf2.o)
                0x00013440                __nesf2
                0x00013440                __eqsf2
                0x00013440                __cmpsf2
                0x00013440                __ltsf2
                0x00013440                __lesf2
 .text.avr-libc.fplib
                0x0001344a        0xe c:/program files (x86)/atmel/studio/7.0/toolchain/avr8/avr8-gnu-toolchain/bin/../lib/gcc/avr/5.4.0/../../../../avr/lib/avrxmega7\libm.a(fixsfsi.o)
                0x0001344a                __fixsfsi
 .text.avr-libc.fplib
                0x00013458       0x5e c:/program files (x86)/atmel/studio/7.0/toolchain/avr8/avr8-gnu-toolchain/bin/../lib/gcc/avr/5.4.0/../../../../avr/lib/avrxmega7\libm.a(fixunssfsi.o)
                0x00013458                __fixunssfsi
 .text.avr-libc.fplib
                0x000134b6       0x7a c:/program files (x86)/atmel/studio/7.0/toolchain/avr8/avr8-gnu-toolchain/bin/../lib/gcc/avr/5.4.0/../../../../avr/lib/avrxmega7\libm.a(floatsisf.o)
                0x000134b6                __floatunsisf
                0x000134ba                __floatsisf
 .text.avr-libc.fplib
                0x00013530       0x48 c:/program files (x86)/atmel/studio/7.0/toolchain/avr8/avr8-gnu-toolchain/bin/../lib/gcc/avr/5.4.0/../../../../avr/lib/avrxmega7\libm.a(fp_cmp.o)
                0x00013530                __fp_cmp
 .text.avr-libc.fplib
                0x00013578        0xc c:/program files (x86)/atmel/studio/7.0/toolchain/avr8/avr8-gnu-toolchain/bin/../lib/gcc/avr/5.4.0/../../../../avr/lib/avrxmega7\libm.a(fp_inf.o)
                0x00013578                __fp_inf
 .text.avr-libc.fplib
                0x00013584       0x1c c:/program files (x86)/atmel/studio/7.0/toolchain/avr8/avr8-gnu-toolchain/bin/../lib/gcc/avr/5.4.0/../../../../avr/lib/avrxmega7\libm.a(fp_mpack.o)
                0x00013584                __fp_mpack
                0x00013588                __fp_mpack_finite
 .text.avr-libc.fplib
                0x000135a0        0x6 c:/program files (x86)/atmel/studio/7.0/toolchain/avr8/avr8-gnu-toolchain/bin/../lib/gcc/avr/5.4.0/../../../../avr/lib/avrxmega7\libm.a(fp_nan.o)
                0x000135a0                __fp_nan
 .text.avr-libc.fplib
                0x000135a6        0xe c:/program files (x86)/atmel/studio/7.0/toolchain/avr8/avr8-gnu-toolchain/bin/../lib/gcc/avr/5.4.0/../../../../avr/lib/avrxmega7\libm.a(fp_pscA.o)
                0x000135a6                __fp_pscA
 .text.avr-libc.fplib
                0x000135b4        0xe c:/program files (x86)/atmel/studio/7.0/toolchain/avr8/avr8-gnu-toolchain/bin/../lib/gcc/avr/5.4.0/../../../../avr/lib/avrxmega7\libm.a(fp_pscB.o)
                0x000135b4                __fp_pscB
 .text.avr-libc.fplib
                0x000135c2       0x22 c:/program files (x86)/atmel/studio/7.0/toolchain/avr8/avr8-gnu-toolchain/bin/../lib/gcc/avr/5.4.0/../../../../avr/lib/avrxmega7\libm.a(fp_round.o)
                0x000135c2                __fp_round
 .text.avr-libc.fplib
                0x000135e4       0x44 c:/program files (x86)/atmel/studio/7.0/toolchain/avr8/avr8-gnu-toolchain/bin/../lib/gcc/avr/5.4.0/../../../../avr/lib/avrxmega7\libm.a(fp_split3.o)
                0x000135e4                __fp_split3
                0x000135f4                __fp_splitA
 .text.avr-libc.fplib
                0x00013628        0xe c:/program files (x86)/atmel/studio/7.0/toolchain/avr8/avr8-gnu-toolchain/bin/../lib/gcc/avr/5.4.0/../../../../avr/lib/avrxmega7\libm.a(fp_zero.o)
                0x00013628                __fp_zero
                0x0001362a                __fp_szero
 .text.avr-libc.fplib
                0x00013636        0xa c:/program files (x86)/atmel/studio/7.0/toolchain/avr8/avr8-gnu-toolchain/bin/../lib/gcc/avr/5.4.0/../../../../avr/lib/avrxmega7\libm.a(gesf2.o)
                0x00013636                __gesf2
                0x00013636                __gtsf2
 .text.avr-libc.fplib
                0x00013640       0x10 c:/program files (x86)/atmel/studio/7.0/toolchain/avr8/avr8-gnu-toolchain/bin/../lib/gcc/avr/5.4.0/../../../../avr/lib/avrxmega7\libm.a(log10.o)
                0x00013640                log10
 .text.avr-libc.fplib
                0x00013650       0xa0 c:/program files (x86)/atmel/studio/7.0/toolchain/avr8/avr8-gnu-toolchain/bin/../lib/gcc/avr/5.4.0/../../../../avr/lib/avrxmega7\libm.a(log.o)
                0x00013660                log
 .text.avr-libc.fplib
                0x000136f0        0x8 c:/program files (x86)/atmel/studio/7.0/toolchain/avr8/avr8-gnu-toolchain/bin/../lib/gcc/avr/5.4.0/../../../../avr/lib/avrxmega7\libm.a(mulsf3.o)
                0x000136f0                __mulsf3
 .text.avr-libc.fplib
                0x000136f8       0xd2 c:/program files (x86)/atmel/studio/7.0/toolchain/avr8/avr8-gnu-toolchain/bin/../lib/gcc/avr/5.4.0/../../../../avr/lib/avrxmega7\libm.a(mulsf3x.o)
                0x00013716                __mulsf3x
                0x0001371c                __mulsf3_pse
 .text.avr-libc.fplib
                0x000137ca       0x4e c:/program files (x86)/atmel/studio/7.0/toolchain/avr8/avr8-gnu-toolchain/bin/../lib/gcc/avr/5.4.0/../../../../avr/lib/avrxmega7\libm.a(fp_powser.o)
                0x000137ca                __fp_powser
 .text.libgcc.div
                0x00013818       0x44 c:/program files (x86)/atmel/studio/7.0/toolchain/avr8/avr8-gnu-toolchain/bin/../lib/gcc/avr/5.4.0/avrxmega7\libgcc.a(_udivmodsi4.o)
                0x00013818                __udivmodsi4
 .text.libgcc.div
                0x0001385c       0x2e c:/program files (x86)/atmel/studio/7.0/toolchain/avr8/avr8-gnu-toolchain/bin/../lib/gcc/avr/5.4.0/avrxmega7\libgcc.a(_divmodsi4.o)
                0x0001385c                __divmodsi4
 .text.libgcc.div
                0x0001388a       0x10 c:/program files (x86)/atmel/studio/7.0/toolchain/avr8/avr8-gnu-toolchain/bin/../lib/gcc/avr/5.4.0/avrxmega7\libgcc.a(_negsi2.o)
                0x0001388a                __negsi2
 .text.libgcc   0x0001389a       0x12 c:/program files (x86)/atmel/studio/7.0/toolchain/avr8/avr8-gnu-toolchain/bin/../lib/gcc/avr/5.4.0/avrxmega7\libgcc.a(_tablejump2.o)
                0x0001389a                __tablejump2__
 .text.libgcc.mul
                0x000138ac       0x1e c:/program files (x86)/atmel/studio/7.0/toolchain/avr8/avr8-gnu-toolchain/bin/../lib/gcc/avr/5.4.0/avrxmega7\libgcc.a(_umulhisi3.o)
                0x000138ac                __umulhisi3
 .text.libgcc   0x000138ca       0x12 c:/program files (x86)/atmel/studio/7.0/toolchain/avr8/avr8-gnu-toolchain/bin/../lib/gcc/avr/5.4.0/avrxmega7\libgcc.a(_cmpdi2.o)
                0x000138ca                __cmpdi2
                0x000138dc                . = ALIGN (0x2)
 *(.fini9)
 .fini9         0x000138dc        0x0 c:/program files (x86)/atmel/studio/7.0/toolchain/avr8/avr8-gnu-toolchain/bin/../lib/gcc/avr/5.4.0/avrxmega7\libgcc.a(_exit.o)
                0x000138dc                _exit
                0x000138dc                exit
 *(.fini9)
 *(.fini8)
 *(.fini8)
 *(.fini7)
 *(.fini7)
 *(.fini6)
 *(.fini6)
 *(.fini5)
 *(.fini5)
 *(.fini4)
 *(.fini4)
 *(.fini3)
 *(.fini3)
 *(.fini2)
 *(.fini2)
 *(.fini1)
 *(.fini1)
 *(.fini0)
 .fini0         0x000138dc        0x4 c:/program files (x86)/atmel/studio/7.0/toolchain/avr8/avr8-gnu-toolchain/bin/../lib/gcc/avr/5.4.0/avrxmega7\libgcc.a(_exit.o)
 *(.fini0)
                0x000138e0                _etext = .

.data           0x00802000       0xaa load address 0x000138e0
                0x00802000                PROVIDE (__data_start, .)
 *(.data)
 *(.data*)
 *(.gnu.linkonce.d*)
 *(.rodata)
 *(.rodata*)
 .rodata.str1.1
                0x00802000       0x1a main.o
 .rodata._ZN1vL2vvE
                0x0080201a       0x10 main.o
 .rodata.str1.1
                0x0080202a       0x4a source/motor_control.o
 .rodata.str1.1
                0x00802074       0x31 source/mv_control.o
                                 0x34 (size before relaxing)
 .rodata.str1.1
                0x008020a5        0x4 source/xmega_usart.o
 *(.gnu.linkonce.r*)
                0x008020aa                . = ALIGN (0x2)
 *fill*         0x008020a9        0x1 
                0x008020aa                _edata = .
                0x008020aa                PROVIDE (__data_end, .)

.bss            0x008020aa     0x199e
                0x008020aa                PROVIDE (__bss_start, .)
 *(.bss)
 *(.bss*)
 .bss.serial    0x008020aa        0x4 main.o
                0x008020aa                serial
 .bss.ta        0x008020ae      0x3f6 main.o
                0x008020ae                ta
 .bss.mall      0x008024a4     0x1580 main.o
                0x008024a4                mall
 .bss.blue      0x00803a24        0x2 source/color_control.o
                0x00803a24                blue
 .bss.green     0x00803a26        0x2 source/color_control.o
                0x00803a26                green
 .bss.red       0x00803a28        0x2 source/color_control.o
                0x00803a28                red
 .bss.gyro      0x00803a2a        0xa source/gyro_control.o
                0x00803a2a                gyro
 .bss.data      0x00803a34        0x1 source/motor_control.o
                0x00803a34                data
 .bss.motor_spi
                0x00803a35        0x4 source/motor_control.o
                0x00803a35                motor_spi
 .bss.bblk      0x00803a39        0x1 source/mv_control.o
                0x00803a39                bblk
 .bss.mv        0x00803a3a        0x4 source/mv_control.o
                0x00803a3a                mv
 .bss.vl        0x00803a3e        0xa source/vl53lox.o
                0x00803a3e                vl
 *(COMMON)
                0x00803a48                PROVIDE (__bss_end, .)
                0x000138e0                __data_load_start = LOADADDR (.data)
                0x0001398a                __data_load_end = (__data_load_start + SIZEOF (.data))

.noinit         0x00803a48        0x0
                [!provide]                PROVIDE (__noinit_start, .)
 *(.noinit*)
                [!provide]                PROVIDE (__noinit_end, .)
                0x00803a48                _end = .
                [!provide]                PROVIDE (__heap_start, .)

.eeprom         0x00810000        0x2
 *(.eeprom*)
 .eeprom        0x00810000        0x2 source/action.o
                0x00810002                __eeprom_end = .

.fuse
 *(.fuse)
 *(.lfuse)
 *(.hfuse)
 *(.efuse)

.lock
 *(.lock*)

.signature
 *(.signature*)

.user_signatures
 *(.user_signatures*)

.stab
 *(.stab)

.stabstr
 *(.stabstr)

.stab.excl
 *(.stab.excl)

.stab.exclstr
 *(.stab.exclstr)

.stab.index
 *(.stab.index)

.stab.indexstr
 *(.stab.indexstr)

.comment        0x00000000       0x30
 *(.comment)
 .comment       0x00000000       0x30 main.o
                                 0x31 (size before relaxing)
 .comment       0x00000030       0x31 source/action.o
 .comment       0x00000030       0x31 source/color_control.o
 .comment       0x00000030       0x31 source/gyro_control.o
 .comment       0x00000030       0x31 source/initializing.o
 .comment       0x00000030       0x31 source/lcd_control.o
 .comment       0x00000030       0x31 source/motor_control.o
 .comment       0x00000030       0x31 source/mv_control.o
 .comment       0x00000030       0x31 source/ping_control.o
 .comment       0x00000030       0x31 source/ui_control.o
 .comment       0x00000030       0x31 source/vl53lox.o
 .comment       0x00000030       0x31 source/xmega_spi.o
 .comment       0x00000030       0x31 source/xmega_twi.o
 .comment       0x00000030       0x31 source/xmega_usart.o

.note.gnu.avr.deviceinfo
                0x00000000       0x40
 .note.gnu.avr.deviceinfo
                0x00000000       0x40 C:/Program Files (x86)/Atmel/Studio/7.0/Packs/atmel/XMEGAA_DFP/1.1.68/gcc/dev/atxmega128a1u/avrxmega7/crtatxmega128a1u.o

.note.gnu.build-id
 *(.note.gnu.build-id)

.debug
 *(.debug)

.line
 *(.line)

.debug_srcinfo
 *(.debug_srcinfo)

.debug_sfnames
 *(.debug_sfnames)

.debug_aranges  0x00000000      0x588
 *(.debug_aranges)
 .debug_aranges
                0x00000000       0x88 main.o
 .debug_aranges
                0x00000088       0x38 source/action.o
 .debug_aranges
                0x000000c0       0x38 source/color_control.o
 .debug_aranges
                0x000000f8       0x78 source/gyro_control.o
 .debug_aranges
                0x00000170       0x60 source/initializing.o
 .debug_aranges
                0x000001d0       0x40 source/lcd_control.o
 .debug_aranges
                0x00000210       0xc0 source/motor_control.o
 .debug_aranges
                0x000002d0       0x58 source/mv_control.o
 .debug_aranges
                0x00000328       0x48 source/ping_control.o
 .debug_aranges
                0x00000370       0x50 source/ui_control.o
 .debug_aranges
                0x000003c0       0xe0 source/vl53lox.o
 .debug_aranges
                0x000004a0       0x30 source/xmega_spi.o
 .debug_aranges
                0x000004d0       0x60 source/xmega_twi.o
 .debug_aranges
                0x00000530       0x58 source/xmega_usart.o

.debug_pubnames
 *(.debug_pubnames)

.debug_info     0x00000000    0x24654
 *(.debug_info .gnu.linkonce.wi.*)
 .debug_info    0x00000000     0x3e5a C:/Program Files (x86)/Atmel/Studio/7.0/Packs/atmel/XMEGAA_DFP/1.1.68/gcc/dev/atxmega128a1u/avrxmega7/crtatxmega128a1u.o
 .debug_info    0x00003e5a    0x12e89 main.o
 .debug_info    0x00016ce3      0x720 source/action.o
 .debug_info    0x00017403      0x530 source/color_control.o
 .debug_info    0x00017933     0x1092 source/gyro_control.o
 .debug_info    0x000189c5      0xff0 source/initializing.o
 .debug_info    0x000199b5      0xf4a source/lcd_control.o
 .debug_info    0x0001a8ff     0x2ffc source/motor_control.o
 .debug_info    0x0001d8fb      0xe06 source/mv_control.o
 .debug_info    0x0001e701      0xeeb source/ping_control.o
 .debug_info    0x0001f5ec      0xe89 source/ui_control.o
 .debug_info    0x00020475     0x2bb2 source/vl53lox.o
 .debug_info    0x00023027      0x411 source/xmega_spi.o
 .debug_info    0x00023438      0x6cc source/xmega_twi.o
 .debug_info    0x00023b04      0xb50 source/xmega_usart.o

.debug_abbrev   0x00000000     0x6319
 *(.debug_abbrev)
 .debug_abbrev  0x00000000     0x3b0e C:/Program Files (x86)/Atmel/Studio/7.0/Packs/atmel/XMEGAA_DFP/1.1.68/gcc/dev/atxmega128a1u/avrxmega7/crtatxmega128a1u.o
 .debug_abbrev  0x00003b0e      0x4db main.o
 .debug_abbrev  0x00003fe9      0x1e5 source/action.o
 .debug_abbrev  0x000041ce      0x1c2 source/color_control.o
 .debug_abbrev  0x00004390      0x2e9 source/gyro_control.o
 .debug_abbrev  0x00004679      0x26f source/initializing.o
 .debug_abbrev  0x000048e8      0x24c source/lcd_control.o
 .debug_abbrev  0x00004b34      0x50a source/motor_control.o
 .debug_abbrev  0x0000503e      0x3ab source/mv_control.o
 .debug_abbrev  0x000053e9      0x323 source/ping_control.o
 .debug_abbrev  0x0000570c      0x2a5 source/ui_control.o
 .debug_abbrev  0x000059b1      0x38f source/vl53lox.o
 .debug_abbrev  0x00005d40      0x1b0 source/xmega_spi.o
 .debug_abbrev  0x00005ef0      0x217 source/xmega_twi.o
 .debug_abbrev  0x00006107      0x212 source/xmega_usart.o

.debug_line     0x00000000     0x899a
 *(.debug_line .debug_line.* .debug_line_end)
 .debug_line    0x00000000      0x3b5 C:/Program Files (x86)/Atmel/Studio/7.0/Packs/atmel/XMEGAA_DFP/1.1.68/gcc/dev/atxmega128a1u/avrxmega7/crtatxmega128a1u.o
 .debug_line    0x000003b5     0x3fe3 main.o
 .debug_line    0x00004398      0x459 source/action.o
 .debug_line    0x000047f1      0x280 source/color_control.o
 .debug_line    0x00004a71      0x4ad source/gyro_control.o
 .debug_line    0x00004f1e      0x454 source/initializing.o
 .debug_line    0x00005372      0x481 source/lcd_control.o
 .debug_line    0x000057f3     0x104e source/motor_control.o
 .debug_line    0x00006841      0x4c2 source/mv_control.o
 .debug_line    0x00006d03      0x324 source/ping_control.o
 .debug_line    0x00007027      0x3b0 source/ui_control.o
 .debug_line    0x000073d7      0xd17 source/vl53lox.o
 .debug_line    0x000080ee      0x181 source/xmega_spi.o
 .debug_line    0x0000826f      0x35d source/xmega_twi.o
 .debug_line    0x000085cc      0x3ce source/xmega_usart.o

.debug_frame    0x00000000     0x1300
 *(.debug_frame)
 .debug_frame   0x00000000      0x3b0 main.o
 .debug_frame   0x000003b0       0x74 source/action.o
 .debug_frame   0x00000424       0x64 source/color_control.o
 .debug_frame   0x00000488      0x190 source/gyro_control.o
 .debug_frame   0x00000618       0xcc source/initializing.o
 .debug_frame   0x000006e4      0x10c source/lcd_control.o
 .debug_frame   0x000007f0      0x29c source/motor_control.o
 .debug_frame   0x00000a8c       0xb0 source/mv_control.o
 .debug_frame   0x00000b3c       0x94 source/ping_control.o
 .debug_frame   0x00000bd0       0xd4 source/ui_control.o
 .debug_frame   0x00000ca4      0x358 source/vl53lox.o
 .debug_frame   0x00000ffc       0x44 source/xmega_spi.o
 .debug_frame   0x00001040      0x124 source/xmega_twi.o
 .debug_frame   0x00001164      0x19c source/xmega_usart.o

.debug_str      0x00000000     0x4feb
 *(.debug_str)
 .debug_str     0x00000000     0x2969 C:/Program Files (x86)/Atmel/Studio/7.0/Packs/atmel/XMEGAA_DFP/1.1.68/gcc/dev/atxmega128a1u/avrxmega7/crtatxmega128a1u.o
 .debug_str     0x00002969      0x9f2 main.o
                                0xa9f (size before relaxing)
 .debug_str     0x0000335b       0xd0 source/action.o
                                0x3f3 (size before relaxing)
 .debug_str     0x0000342b       0x8e source/color_control.o
                                0x390 (size before relaxing)
 .debug_str     0x000034b9      0x284 source/gyro_control.o
                                0x7ae (size before relaxing)
 .debug_str     0x0000373d      0x3cb source/initializing.o
                                0x960 (size before relaxing)
 .debug_str     0x00003b08       0x7d source/lcd_control.o
                                0x4d4 (size before relaxing)
 .debug_str     0x00003b85      0x3cb source/motor_control.o
                                0xa02 (size before relaxing)
 .debug_str     0x00003f50       0xdd source/mv_control.o
                                0x79f (size before relaxing)
 .debug_str     0x0000402d      0x42f source/ping_control.o
                                0x8ee (size before relaxing)
 .debug_str     0x0000445c      0x1a0 source/ui_control.o
                                0x8ba (size before relaxing)
 .debug_str     0x000045fc      0x7d9 source/vl53lox.o
                                0xeb9 (size before relaxing)
 .debug_str     0x00004dd5       0x64 source/xmega_spi.o
                                0x3f4 (size before relaxing)
 .debug_str     0x00004e39      0x15e source/xmega_twi.o
                                0x4fe (size before relaxing)
 .debug_str     0x00004f97       0x54 source/xmega_usart.o
                                0x46c (size before relaxing)

.debug_loc      0x00000000     0xec7e
 *(.debug_loc)
 .debug_loc     0x00000000     0x91c9 main.o
 .debug_loc     0x000091c9      0x3fb source/action.o
 .debug_loc     0x000095c4      0x239 source/color_control.o
 .debug_loc     0x000097fd      0x62e source/gyro_control.o
 .debug_loc     0x00009e2b      0x24f source/initializing.o
 .debug_loc     0x0000a07a      0x76d source/lcd_control.o
 .debug_loc     0x0000a7e7     0x1263 source/motor_control.o
 .debug_loc     0x0000ba4a      0x5a8 source/mv_control.o
 .debug_loc     0x0000bff2      0x41a source/ping_control.o
 .debug_loc     0x0000c40c      0x5b4 source/ui_control.o
 .debug_loc     0x0000c9c0     0x131f source/vl53lox.o
 .debug_loc     0x0000dcdf       0xa7 source/xmega_spi.o
 .debug_loc     0x0000dd86      0x58b source/xmega_twi.o
 .debug_loc     0x0000e311      0x96d source/xmega_usart.o

.debug_macinfo
 *(.debug_macinfo)

.debug_weaknames
 *(.debug_weaknames)

.debug_funcnames
 *(.debug_funcnames)

.debug_typenames
 *(.debug_typenames)

.debug_varnames
 *(.debug_varnames)

.debug_pubtypes
 *(.debug_pubtypes)

.debug_ranges   0x00000000      0xac0
 *(.debug_ranges)
 .debug_ranges  0x00000000      0x548 main.o
 .debug_ranges  0x00000548       0x28 source/action.o
 .debug_ranges  0x00000570       0x28 source/color_control.o
 .debug_ranges  0x00000598       0x68 source/gyro_control.o
 .debug_ranges  0x00000600       0x68 source/initializing.o
 .debug_ranges  0x00000668       0x30 source/lcd_control.o
 .debug_ranges  0x00000698       0xc8 source/motor_control.o
 .debug_ranges  0x00000760       0x88 source/mv_control.o
 .debug_ranges  0x000007e8       0x38 source/ping_control.o
 .debug_ranges  0x00000820       0xb8 source/ui_control.o
 .debug_ranges  0x000008d8      0x130 source/vl53lox.o
 .debug_ranges  0x00000a08       0x20 source/xmega_spi.o
 .debug_ranges  0x00000a28       0x50 source/xmega_twi.o
 .debug_ranges  0x00000a78       0x48 source/xmega_usart.o

.debug_macro
 *(.debug_macro)
OUTPUT(Aquila.elf elf32-avr)
LOAD linker stubs
