Archive member included to satisfy reference by file (symbol)

c:/program files (x86)/atmel/studio/7.0/toolchain/avr8/avr8-gnu-toolchain/bin/../lib/gcc/avr/5.4.0/../../../../avr/lib/avrxmega7\libm.a(addsf3.o)
                              source/motor_control.o (__subsf3)
c:/program files (x86)/atmel/studio/7.0/toolchain/avr8/avr8-gnu-toolchain/bin/../lib/gcc/avr/5.4.0/../../../../avr/lib/avrxmega7\libm.a(addsf3x.o)
                              c:/program files (x86)/atmel/studio/7.0/toolchain/avr8/avr8-gnu-toolchain/bin/../lib/gcc/avr/5.4.0/../../../../avr/lib/avrxmega7\libm.a(addsf3.o) (__addsf3x)
c:/program files (x86)/atmel/studio/7.0/toolchain/avr8/avr8-gnu-toolchain/bin/../lib/gcc/avr/5.4.0/../../../../avr/lib/avrxmega7\libm.a(cmpsf2.o)
                              source/motor_control.o (__ltsf2)
c:/program files (x86)/atmel/studio/7.0/toolchain/avr8/avr8-gnu-toolchain/bin/../lib/gcc/avr/5.4.0/../../../../avr/lib/avrxmega7\libm.a(fixsfsi.o)
                              source/motor_control.o (__fixsfsi)
c:/program files (x86)/atmel/studio/7.0/toolchain/avr8/avr8-gnu-toolchain/bin/../lib/gcc/avr/5.4.0/../../../../avr/lib/avrxmega7\libm.a(fixunssfsi.o)
                              source/sermo_control.o (__fixunssfsi)
c:/program files (x86)/atmel/studio/7.0/toolchain/avr8/avr8-gnu-toolchain/bin/../lib/gcc/avr/5.4.0/../../../../avr/lib/avrxmega7\libm.a(floatsisf.o)
                              source/sermo_control.o (__floatunsisf)
c:/program files (x86)/atmel/studio/7.0/toolchain/avr8/avr8-gnu-toolchain/bin/../lib/gcc/avr/5.4.0/../../../../avr/lib/avrxmega7\libm.a(fmod.o)
                              source/xmega_usart.o (fmod)
c:/program files (x86)/atmel/studio/7.0/toolchain/avr8/avr8-gnu-toolchain/bin/../lib/gcc/avr/5.4.0/../../../../avr/lib/avrxmega7\libm.a(fp_cmp.o)
                              c:/program files (x86)/atmel/studio/7.0/toolchain/avr8/avr8-gnu-toolchain/bin/../lib/gcc/avr/5.4.0/../../../../avr/lib/avrxmega7\libm.a(cmpsf2.o) (__fp_cmp)
c:/program files (x86)/atmel/studio/7.0/toolchain/avr8/avr8-gnu-toolchain/bin/../lib/gcc/avr/5.4.0/../../../../avr/lib/avrxmega7\libm.a(fp_inf.o)
                              c:/program files (x86)/atmel/studio/7.0/toolchain/avr8/avr8-gnu-toolchain/bin/../lib/gcc/avr/5.4.0/../../../../avr/lib/avrxmega7\libm.a(addsf3x.o) (__fp_inf)
c:/program files (x86)/atmel/studio/7.0/toolchain/avr8/avr8-gnu-toolchain/bin/../lib/gcc/avr/5.4.0/../../../../avr/lib/avrxmega7\libm.a(fp_mpack.o)
                              c:/program files (x86)/atmel/studio/7.0/toolchain/avr8/avr8-gnu-toolchain/bin/../lib/gcc/avr/5.4.0/../../../../avr/lib/avrxmega7\libm.a(fmod.o) (__fp_mpack)
c:/program files (x86)/atmel/studio/7.0/toolchain/avr8/avr8-gnu-toolchain/bin/../lib/gcc/avr/5.4.0/../../../../avr/lib/avrxmega7\libm.a(fp_nan.o)
                              c:/program files (x86)/atmel/studio/7.0/toolchain/avr8/avr8-gnu-toolchain/bin/../lib/gcc/avr/5.4.0/../../../../avr/lib/avrxmega7\libm.a(addsf3x.o) (__fp_nan)
c:/program files (x86)/atmel/studio/7.0/toolchain/avr8/avr8-gnu-toolchain/bin/../lib/gcc/avr/5.4.0/../../../../avr/lib/avrxmega7\libm.a(fp_pscA.o)
                              c:/program files (x86)/atmel/studio/7.0/toolchain/avr8/avr8-gnu-toolchain/bin/../lib/gcc/avr/5.4.0/../../../../avr/lib/avrxmega7\libm.a(addsf3x.o) (__fp_pscA)
c:/program files (x86)/atmel/studio/7.0/toolchain/avr8/avr8-gnu-toolchain/bin/../lib/gcc/avr/5.4.0/../../../../avr/lib/avrxmega7\libm.a(fp_pscB.o)
                              c:/program files (x86)/atmel/studio/7.0/toolchain/avr8/avr8-gnu-toolchain/bin/../lib/gcc/avr/5.4.0/../../../../avr/lib/avrxmega7\libm.a(addsf3x.o) (__fp_pscB)
c:/program files (x86)/atmel/studio/7.0/toolchain/avr8/avr8-gnu-toolchain/bin/../lib/gcc/avr/5.4.0/../../../../avr/lib/avrxmega7\libm.a(fp_round.o)
                              c:/program files (x86)/atmel/studio/7.0/toolchain/avr8/avr8-gnu-toolchain/bin/../lib/gcc/avr/5.4.0/../../../../avr/lib/avrxmega7\libm.a(addsf3.o) (__fp_round)
c:/program files (x86)/atmel/studio/7.0/toolchain/avr8/avr8-gnu-toolchain/bin/../lib/gcc/avr/5.4.0/../../../../avr/lib/avrxmega7\libm.a(fp_split3.o)
                              c:/program files (x86)/atmel/studio/7.0/toolchain/avr8/avr8-gnu-toolchain/bin/../lib/gcc/avr/5.4.0/../../../../avr/lib/avrxmega7\libm.a(addsf3x.o) (__fp_split3)
c:/program files (x86)/atmel/studio/7.0/toolchain/avr8/avr8-gnu-toolchain/bin/../lib/gcc/avr/5.4.0/../../../../avr/lib/avrxmega7\libm.a(fp_zero.o)
                              c:/program files (x86)/atmel/studio/7.0/toolchain/avr8/avr8-gnu-toolchain/bin/../lib/gcc/avr/5.4.0/../../../../avr/lib/avrxmega7\libm.a(addsf3x.o) (__fp_zero)
c:/program files (x86)/atmel/studio/7.0/toolchain/avr8/avr8-gnu-toolchain/bin/../lib/gcc/avr/5.4.0/../../../../avr/lib/avrxmega7\libm.a(gesf2.o)
                              source/motor_control.o (__gesf2)
[...]
Memory Configuration

Name             Origin             Length             Attributes
text             0x00000000         0x00100000         xr
data             0x00802000         0x0000ffa0         rw !x
eeprom           0x00810000         0x00010000         rw !x
fuse             0x00820000         0x00000006         rw !x
lock             0x00830000         0x00000400         rw !x
signature        0x00840000         0x00000400         rw !x
user_signatures  0x00850000         0x00000400         rw !x
*default*        0x00000000         0xffffffff

Linker script and memory map

LOAD C:/Program Files (x86)/Atmel/Studio/7.0/Packs/atmel/XMEGAA_DFP/1.1.68/gcc/dev/atxmega128a1u/avrxmega7/crtatxmega128a1u.o
LOAD main.o
LOAD source/action.o
LOAD source/color_control.o
LOAD source/gyro_control.o
LOAD source/initializing.o
LOAD source/lcd_control.o
LOAD source/motor_control.o
LOAD source/mv_control.o
LOAD source/ping_control.o
LOAD source/sermo_control.o
LOAD source/ui_control.o
LOAD source/vl53lox.o
LOAD source/xmega_spi.o
LOAD source/xmega_twi.o
LOAD source/xmega_usart.o
START GROUP
LOAD c:/program files (x86)/atmel/studio/7.0/toolchain/avr8/avr8-gnu-toolchain/bin/../lib/gcc/avr/5.4.0/../../../../avr/lib/avrxmega7\libm.a
END GROUP
LOAD c:/program files (x86)/atmel/studio/7.0/toolchain/avr8/avr8-gnu-toolchain/bin/../lib/gcc/avr/5.4.0/avrxmega7\libgcc.a
LOAD c:/program files (x86)/atmel/studio/7.0/toolchain/avr8/avr8-gnu-toolchain/bin/../lib/gcc/avr/5.4.0/../../../../avr/lib/avrxmega7\libm.a
START GROUP
LOAD c:/program files (x86)/atmel/studio/7.0/toolchain/avr8/avr8-gnu-toolchain/bin/../lib/gcc/avr/5.4.0/avrxmega7\libgcc.a
LOAD c:/program files (x86)/atmel/studio/7.0/toolchain/avr8/avr8-gnu-toolchain/bin/../lib/gcc/avr/5.4.0/../../../../avr/lib/avrxmega7\libm.a
LOAD c:/program files (x86)/atmel/studio/7.0/toolchain/avr8/avr8-gnu-toolchain/bin/../lib/gcc/avr/5.4.0/../../../../avr/lib/avrxmega7\libc.a
LOAD C:/Program Files (x86)/Atmel/Studio/7.0/Packs/atmel/XMEGAA_DFP/1.1.68/gcc/dev/atxmega128a1u/avrxmega7\libatxmega128a1u.a
END GROUP
                0x00100000                __TEXT_REGION_LENGTH__ = DEFINED (__TEXT_REGION_LENGTH__)?__TEXT_REGION_LENGTH__:0x100000
                0x0000ffa0                __DATA_REGION_LENGTH__ = DEFINED (__DATA_REGION_LENGTH__)?__DATA_REGION_LENGTH__:0xffa0
                0x00010000                __EEPROM_REGION_LENGTH__ = DEFINED (__EEPROM_REGION_LENGTH__)?__EEPROM_REGION_LENGTH__:0x10000
                [0x00000006]                __FUSE_REGION_LENGTH__ = DEFINED (__FUSE_REGION_LENGTH__)?__FUSE_REGION_LENGTH__:0x400
                0x00000400                __LOCK_REGION_LENGTH__ = DEFINED (__LOCK_REGION_LENGTH__)?__LOCK_REGION_LENGTH__:0x400
                0x00000400                __SIGNATURE_REGION_LENGTH__ = DEFINED (__SIGNATURE_REGION_LENGTH__)?__SIGNATURE_REGION_LENGTH__:0x400
                0x00000400                __USER_SIGNATURE_REGION_LENGTH__ = DEFINED (__USER_SIGNATURE_REGION_LENGTH__)?__USER_SIGNATURE_REGION_LENGTH__:0x400

.hash
 *(.hash)

.dynsym
 *(.dynsym)

.dynstr
 *(.dynstr)

.gnu.version
 *(.gnu.version)

.gnu.version_d
 *(.gnu.version_d)

.gnu.version_r
 *(.gnu.version_r)

.rel.init
 *(.rel.init)

.rela.init
 *(.rela.init)

.rel.text
 *(.rel.text)
 *(.rel.text.*)
 *(.rel.gnu.linkonce.t*)

.rela.text
 *(.rela.text)
 *(.rela.text.*)
 *(.rela.gnu.linkonce.t*)

.rel.fini
 *(.rel.fini)

.rela.fini
 *(.rela.fini)

.rel.rodata
 *(.rel.rodata)
 *(.rel.rodata.*)
 *(.rel.gnu.linkonce.r*)

.rela.rodata
 *(.rela.rodata)
 *(.rela.rodata.*)
 *(.rela.gnu.linkonce.r*)

.rel.data
 *(.rel.data)
 *(.rel.data.*)
 *(.rel.gnu.linkonce.d*)

.rela.data
 *(.rela.data)
 *(.rela.data.*)
 *(.rela.gnu.linkonce.d*)

.rel.ctors
 *(.rel.ctors)

.rela.ctors
 *(.rela.ctors)

.rel.dtors
 *(.rel.dtors)

.rela.dtors
 *(.rela.dtors)

.rel.got
 *(.rel.got)

.rela.got
 *(.rela.got)

.rel.bss
 *(.rel.bss)

.rela.bss
 *(.rela.bss)

.rel.plt
 *(.rel.plt)

.rela.plt
 *(.rela.plt)

.text           0x00000000     0x2264
 *(.vectors)
 .vectors       0x00000000      0x1fc C:/Program Files (x86)/Atmel/Studio/7.0/Packs/atmel/XMEGAA_DFP/1.1.68/gcc/dev/atxmega128a1u/avrxmega7/crtatxmega128a1u.o
                0x00000000                __vector_default
                0x00000000                __vectors
 *(.vectors)
 *(.progmem.gcc*)
 .progmem.gcc_sw_table._ZN5usart6putintEl
                0x000001fc       0x14 source/xmega_usart.o
 .progmem.gcc_fplib
                0x00000210       0x5a c:/program files (x86)/atmel/studio/7.0/toolchain/avr8/avr8-gnu-toolchain/bin/../lib/gcc/avr/5.4.0/../../../../avr/lib/avrxmega7\libm.a(log.o)
                0x0000026a                . = ALIGN (0x2)
                0x0000026a                __trampolines_start = .
 *(.trampolines)
 .trampolines   0x0000026a       0x3c linker stubs
 *(.trampolines*)
                0x000002a6                __trampolines_end = .
 *libprintf_flt.a:*(.progmem.data)
 *libc.a:*(.progmem.data)
 *(.progmem*)
                0x000002a6                . = ALIGN (0x2)
 *(.jumptables)
 *(.jumptables*)
 *(.lowtext)
 *(.lowtext*)
                0x000002a6                __ctors_start = .
 *(.ctors)
 .ctors         0x000002a6        0x2 main.o
 .ctors         0x000002a8        0x2 source/gyro_control.o
 .ctors         0x000002aa        0x2 source/motor_control.o
 .ctors         0x000002ac        0x2 source/mv_control.o
 .ctors         0x000002ae        0x2 source/vl53lox.o
                0x000002b0                __ctors_end = .
                0x000002b0                __dtors_start = .
 *(.dtors)
                0x000002b0                __dtors_end = .
 SORT(*)(.ctors)
 SORT(*)(.dtors)
 *(.init0)
 .init0         0x000002b0        0x0 C:/Program Files (x86)/Atmel/Studio/7.0/Packs/atmel/XMEGAA_DFP/1.1.68/gcc/dev/atxmega128a1u/avrxmega7/crtatxmega128a1u.o
                0x000002b0                __init
 *(.init0)
 *(.init1)
 *(.init1)
 *(.init2)
 .init2         0x000002b0       0x18 C:/Program Files (x86)/Atmel/Studio/7.0/Packs/atmel/XMEGAA_DFP/1.1.68/gcc/dev/atxmega128a1u/avrxmega7/crtatxmega128a1u.o
 *(.init2)
 *(.init3)
 *(.init3)
 *(.init4)
 .init4         0x000002c8       0x1c c:/program files (x86)/atmel/studio/7.0/toolchain/avr8/avr8-gnu-toolchain/bin/../lib/gcc/avr/5.4.0/avrxmega7\libgcc.a(_copy_data.o)
                0x000002c8                __do_copy_data
 .init4         0x000002e4       0x10 c:/program files (x86)/atmel/studio/7.0/toolchain/avr8/avr8-gnu-toolchain/bin/../lib/gcc/avr/5.4.0/avrxmega7\libgcc.a(_clear_bss.o)
                0x000002e4                __do_clear_bss
 *(.init4)
 *(.init5)
 *(.init5)
 *(.init6)
 .init6         0x000002f4       0x20 c:/program files (x86)/atmel/studio/7.0/toolchain/avr8/avr8-gnu-toolchain/bin/../lib/gcc/avr/5.4.0/avrxmega7\libgcc.a(_ctors.o)
                0x000002f4                __do_global_ctors
 *(.init6)
 *(.init7)
 *(.init7)
 *(.init8)
 *(.init8)
 *(.init9)
 .init9         0x00000314        0x8 C:/Program Files (x86)/Atmel/Studio/7.0/Packs/atmel/XMEGAA_DFP/1.1.68/gcc/dev/atxmega128a1u/avrxmega7/crtatxmega128a1u.o
 *(.init9)
 *(.text)
 .text          0x0000031c        0x4 C:/Program Files (x86)/Atmel/Studio/7.0/Packs/atmel/XMEGAA_DFP/1.1.68/gcc/dev/atxmega128a1u/avrxmega7/crtatxmega128a1u.o
                0x0000031c                __vector_38
                0x0000031c                __vector_104
                0x0000031c                __vector_22
                0x0000031c                __vector_63
                0x0000031c                __vector_28
                0x0000031c                __vector_67
                0x0000031c                __vector_1
                0x0000031c                __vector_119
                0x0000031c                __vector_32
                0x0000031c                __vector_75
                0x0000031c                __vector_71
                0x0000031c                __vector_91
                0x0000031c                __vector_34
                0x0000031c                __vector_62
                0x0000031c                __vector_102
                0x0000031c                __vector_24
                0x0000031c                __vector_12
                0x0000031c                __vector_55
                0x0000031c                __vector_69
                0x0000031c                __vector_81
                0x0000031c                __vector_90
                0x0000031c                __vector_46
                0x0000031c                __bad_interrupt
                0x0000031c                __vector_122
                0x0000031c                __vector_72
                0x0000031c                __vector_114
                0x0000031c                __vector_6
                0x0000031c                __vector_110
                0x0000031c                __vector_31
                0x0000031c                __vector_92
                0x0000031c                __vector_35
                0x0000031c                __vector_78
                0x0000031c                __vector_74
                0x0000031c                __vector_117
                0x0000031c                __vector_39
                0x0000031c                __vector_107
                0x0000031c                __vector_3
                0x0000031c                __vector_105
                0x0000031c                __vector_98
                0x0000031c                __vector_23
                0x0000031c                __vector_68
                0x0000031c                __vector_30
                0x0000031c                __vector_73
                0x0000031c                __vector_45
                0x0000031c                __vector_25
                0x0000031c                __vector_93
                0x0000031c                __vector_61
                0x0000031c                __vector_11
                0x0000031c                __vector_54
                0x0000031c                __vector_99
                0x0000031c                __vector_13
                0x0000031c                __vector_17
                0x0000031c                __vector_19
                0x0000031c                __vector_56
                0x0000031c                __vector_7
                0x0000031c                __vector_125
                0x0000031c                __vector_49
                0x0000031c                __vector_123
                0x0000031c                __vector_41
                0x0000031c                __vector_86
                0x0000031c                __vector_100
                0x0000031c                __vector_101
                0x0000031c                __vector_64
                0x0000031c                __vector_88
                0x0000031c                __vector_109
                0x0000031c                __vector_43
                0x0000031c                __vector_27
                0x0000031c                __vector_5
                0x0000031c                __vector_113
                0x0000031c                __vector_33
                0x0000031c                __vector_76
                0x0000031c                __vector_115
                0x0000031c                __vector_47
                0x0000031c                __vector_52
                0x0000031c                __vector_37
                0x0000031c                __vector_95
                0x0000031c                __vector_103
                0x0000031c                __vector_96
                0x0000031c                __vector_89
                0x0000031c                __vector_108
                0x0000031c                __vector_4
                0x0000031c                __vector_44
                0x0000031c                __vector_82
                0x0000031c                __vector_106
                0x0000031c                __vector_118
                0x0000031c                __vector_51
                0x0000031c                __vector_9
                0x0000031c                __vector_2
                0x0000031c                __vector_21
                0x0000031c                __vector_15
                0x0000031c                __vector_66
                0x0000031c                __vector_36
                0x0000031c                __vector_79
                0x0000031c                __vector_58
                0x0000031c                __vector_70
                0x0000031c                __vector_83
                0x0000031c                __vector_29
                0x0000031c                __vector_60
                0x0000031c                __vector_121
                0x0000031c                __vector_40
                0x0000031c                __vector_85
                0x0000031c                __vector_94
                0x0000031c                __vector_126
                0x0000031c                __vector_8
                0x0000031c                __vector_26
                0x0000031c                __vector_48
                0x0000031c                __vector_124
                0x0000031c                __vector_116
                0x0000031c                __vector_112
                0x0000031c                __vector_111
                0x0000031c                __vector_80
                0x0000031c                __vector_14
                0x0000031c                __vector_84
                0x0000031c                __vector_57
                0x0000031c                __vector_53
                0x0000031c                __vector_10
                0x0000031c                __vector_50
                0x0000031c                __vector_16
                0x0000031c                __vector_59
                0x0000031c                __vector_18
                0x0000031c                __vector_97
                0x0000031c                __vector_20
                0x0000031c                __vector_42
                0x0000031c                __vector_87
                0x0000031c                __vector_65
                0x0000031c                __vector_120
                0x00000320                . = ALIGN (0x2)
 *(.text.*)
 .text.main     0x00000320       0x7c main.o
                0x00000320                main
 .text._GLOBAL__sub_I__Z3maxii
                0x0000039c       0xac main.o
 .text._Z13finded_victimh
                0x00000448       0xfe source/action.o
                0x00000448                _Z13finded_victimh
 .text._Z10init_colorv
                0x00000546        0x8 source/color_control.o
                0x00000546                _Z10init_colorv
 .text._Z11color_shiftv
                0x0000054e       0x52 source/color_control.o
                0x0000054e                _Z11color_shiftv
 .text._Z10color_readv
                0x000005a0       0x84 source/color_control.o
                0x000005a0                _Z10color_readv
 .text._Z11color_checkv
                0x00000624       0x30 source/color_control.o
                0x00000624                _Z11color_checkv
 .text._Z10jy_recv_wdhPi
                0x00000654       0x5e source/gyro_control.o
                0x00000654                _Z10jy_recv_wdhPi
 .text._Z7acc_mesv
                0x000006b2      0x17a source/gyro_control.o
                0x000006b2                _Z7acc_mesv
 .text._Z13gyro_time_mesv
                0x0000082c      0x132 source/gyro_control.o
                0x0000082c                _Z13gyro_time_mesv
 .text._Z8gyro_mesv
                0x0000095e       0x6e source/gyro_control.o
                0x0000095e                _Z8gyro_mesv
 .text._GLOBAL__sub_I_gyro
                0x000009cc       0x16 source/gyro_control.o
 .text._Z10init_clockv
                0x000009e2       0x2c source/initializing.o
                0x000009e2                _Z10init_clockv
 .text._Z3rtcv  0x00000a0e       0x1e source/initializing.o
                0x00000a0e                _Z3rtcv
 .text._Z8init_avrv
                0x00000a2c       0x1e source/initializing.o
                0x00000a2c                _Z8init_avrv
 .text._Z8init_allv
                0x00000a4a       0x1a source/initializing.o
                0x00000a4a                _Z8init_allv
 .text._ZN5debug6ping_dEhb
                0x00000a64       0xc6 source/initializing.o
                0x00000a64                _ZN5debug6ping_dEhb
 .text._ZN5debug2jyEb
                0x00000b2a       0x76 source/initializing.o
                0x00000b2a                _ZN5debug2jyEb
 .text._ZN5debug5colorEb
                0x00000ba0       0xd4 source/initializing.o
                0x00000ba0                _ZN5debug5colorEb
 .text._Z8init_lcdv
                0x00000c74      0x29a source/lcd_control.o
                0x00000c74                _Z8init_lcdv
 .text._Z10lcd_putstrP10TWI_structPKc
                0x00000f0e       0xc4 source/lcd_control.o
                0x00000f0e                _Z10lcd_putstrP10TWI_structPKc
 .text._Z9lcd_clearv
                0x00000fd2       0x66 source/lcd_control.o
                0x00000fd2                _Z9lcd_clearv
 .text._Z10init_motorv
                0x00001038       0x10 source/motor_control.o
                0x00001038                _Z10init_motorv
 .text._Z4mspihh
                0x00001048       0x38 source/motor_control.o
                0x00001048                _Z4mspihh
 .text._ZN5motor4waitEb
                0x00001080      0x14a source/motor_control.o
                0x00001080                _ZN5motor4waitEb
 .text._GLOBAL__sub_I_motor_spi
                0x000011ca       0x14 source/motor_control.o
 .text._Z7init_mvv
                0x000011de       0x1c source/mv_control.o
                0x000011de                _Z7init_mvv
 .text._Z6mv_caphb
                0x000011fa       0x48 source/mv_control.o
                0x000011fa                _Z6mv_caphb
 .text._Z11mv_spi_sendhh
                0x00001242       0xd6 source/mv_control.o
                0x00001242                _Z11mv_spi_sendhh
 .text._Z8check_mvh
                0x00001318      0x11c source/mv_control.o
                0x00001318                _Z8check_mvh
 .text._GLOBAL__sub_I_mv
                0x00001434       0x18 source/mv_control.o
 .text._Z10ping_checkP11PORT_structh
                0x0000144c       0x4a source/ping_control.o
                0x0000144c                _Z10ping_checkP11PORT_structh
 .text._Z4pingi
                0x00001496       0x70 source/ping_control.o
                0x00001496                _Z4pingi
 .text.__vector_77
                0x00001506       0x1e source/ui_control.o
                0x00001506                __vector_77
 .text._Z8delay_usj
                0x00001524       0x18 source/ui_control.o
                0x00001524                _Z8delay_usj
 .text._Z6buzzerj
                0x0000153c       0x66 source/ui_control.o
                0x0000153c                _Z6buzzerj
 .text._Z3ledhh
                0x000015a2       0x1c source/ui_control.o
                0x000015a2                _Z3ledhh
 .text._Z9error_ledhh
                0x000015be       0x4e source/ui_control.o
                0x000015be                _Z9error_ledhh
 .text._GLOBAL__sub_I_vl
                0x0000160c       0x16 source/vl53lox.o
 .text._ZN3spiC2EP10SPI_structP11PORT_struct18SPI_PRESCALER_enum
                0x00001622       0x28 source/xmega_spi.o
                0x00001622                _ZN3spiC1EP10SPI_structP11PORT_struct18SPI_PRESCALER_enum
                0x00001622                _ZN3spiC2EP10SPI_structP11PORT_struct18SPI_PRESCALER_enum
 .text._ZN3spi4sendEh
                0x0000164a       0x20 source/xmega_spi.o
                0x0000164a                _ZN3spi4sendEh
 .text._ZN3twiC2EP10TWI_structm
                0x0000166a       0x5e source/xmega_twi.o
                0x0000166a                _ZN3twiC1EP10TWI_structm
                0x0000166a                _ZN3twiC2EP10TWI_structm
 .text._ZN3twi10errorCheckEv
                0x000016c8       0x2e source/xmega_twi.o
                0x000016c8                _ZN3twi10errorCheckEv
 .text._ZN3twi7AddressEhh
                0x000016f6       0x5c source/xmega_twi.o
                0x000016f6                _ZN3twi7AddressEhh
 .text._ZN3twi11WriteSingleEi
                0x00001752       0x48 source/xmega_twi.o
                0x00001752                _ZN3twi11WriteSingleEi
 .text._ZN3twi10ReadSingleEh
                0x0000179a       0x30 source/xmega_twi.o
                0x0000179a                _ZN3twi10ReadSingleEh
 .text._ZN3twi4StopEv
                0x000017ca       0x24 source/xmega_twi.o
                0x000017ca                _ZN3twi4StopEv
 .text._ZN5usartC2EP12USART_structP11PORT_struct
                0x000017ee       0x44 source/xmega_usart.o
                0x000017ee                _ZN5usartC2EP12USART_structP11PORT_struct
                0x000017ee                _ZN5usartC1EP12USART_structP11PORT_struct
 .text._ZN5usart4sendEc
                0x00001832       0x14 source/xmega_usart.o
                0x00001832                _ZN5usart4sendEc
 .text._ZN5usart6stringEPKc
                0x00001846       0x2a source/xmega_usart.o
                0x00001846                _ZN5usart6stringEPKc
 .text._ZN5usart6putdecEj
                0x00001870       0xda source/xmega_usart.o
                0x00001870                _ZN5usart6putdecEj
 .text._ZN5usart6putintEl
                0x0000194a      0x216 source/xmega_usart.o
                0x0000194a                _ZN5usart6putintEl
 .text._ZN5usart8putfloatEf
                0x00001b60       0xfe source/xmega_usart.o
                0x00001b60                _ZN5usart8putfloatEf
 .text.avr-libc.fplib
                0x00001c5e        0xe c:/program files (x86)/atmel/studio/7.0/toolchain/avr8/avr8-gnu-toolchain/bin/../lib/gcc/avr/5.4.0/../../../../avr/lib/avrxmega7\libm.a(addsf3.o)
                0x00001c5e                __subsf3
                0x00001c60                __addsf3
 .text.avr-libc.fplib
                0x00001c6c       0xcc c:/program files (x86)/atmel/studio/7.0/toolchain/avr8/avr8-gnu-toolchain/bin/../lib/gcc/avr/5.4.0/../../../../avr/lib/avrxmega7\libm.a(addsf3x.o)
                0x00001c8e                __addsf3x
 .text.avr-libc.fplib
                0x00001d38        0xa c:/program files (x86)/atmel/studio/7.0/toolchain/avr8/avr8-gnu-toolchain/bin/../lib/gcc/avr/5.4.0/../../../../avr/lib/avrxmega7\libm.a(cmpsf2.o)
                0x00001d38                __nesf2
                0x00001d38                __eqsf2
                0x00001d38                __cmpsf2
                0x00001d38                __ltsf2
                0x00001d38                __lesf2
 .text.avr-libc.fplib
                0x00001d42        0xe c:/program files (x86)/atmel/studio/7.0/toolchain/avr8/avr8-gnu-toolchain/bin/../lib/gcc/avr/5.4.0/../../../../avr/lib/avrxmega7\libm.a(fixsfsi.o)
                0x00001d42                __fixsfsi
 .text.avr-libc.fplib
                0x00001d50       0x5e c:/program files (x86)/atmel/studio/7.0/toolchain/avr8/avr8-gnu-toolchain/bin/../lib/gcc/avr/5.4.0/../../../../avr/lib/avrxmega7\libm.a(fixunssfsi.o)
                0x00001d50                __fixunssfsi
 .text.avr-libc.fplib
                0x00001dae       0x7a c:/program files (x86)/atmel/studio/7.0/toolchain/avr8/avr8-gnu-toolchain/bin/../lib/gcc/avr/5.4.0/../../../../avr/lib/avrxmega7\libm.a(floatsisf.o)
                0x00001dae                __floatunsisf
                0x00001db2                __floatsisf
 .text.avr-libc.fplib
                0x00001e28       0xa8 c:/program files (x86)/atmel/studio/7.0/toolchain/avr8/avr8-gnu-toolchain/bin/../lib/gcc/avr/5.4.0/../../../../avr/lib/avrxmega7\libm.a(fmod.o)
                0x00001e3e                fmod
 .text.avr-libc.fplib
                0x00001ed0       0x48 c:/program files (x86)/atmel/studio/7.0/toolchain/avr8/avr8-gnu-toolchain/bin/../lib/gcc/avr/5.4.0/../../../../avr/lib/avrxmega7\libm.a(fp_cmp.o)
                0x00001ed0                __fp_cmp
 .text.avr-libc.fplib
                0x00001f18        0xc c:/program files (x86)/atmel/studio/7.0/toolchain/avr8/avr8-gnu-toolchain/bin/../lib/gcc/avr/5.4.0/../../../../avr/lib/avrxmega7\libm.a(fp_inf.o)
                0x00001f18                __fp_inf
 .text.avr-libc.fplib
                0x00001f24       0x1c c:/program files (x86)/atmel/studio/7.0/toolchain/avr8/avr8-gnu-toolchain/bin/../lib/gcc/avr/5.4.0/../../../../avr/lib/avrxmega7\libm.a(fp_mpack.o)
                0x00001f24                __fp_mpack
                0x00001f28                __fp_mpack_finite
 .text.avr-libc.fplib
                0x00001f40        0x6 c:/program files (x86)/atmel/studio/7.0/toolchain/avr8/avr8-gnu-toolchain/bin/../lib/gcc/avr/5.4.0/../../../../avr/lib/avrxmega7\libm.a(fp_nan.o)
                0x00001f40                __fp_nan
 .text.avr-libc.fplib
                0x00001f46        0xe c:/program files (x86)/atmel/studio/7.0/toolchain/avr8/avr8-gnu-toolchain/bin/../lib/gcc/avr/5.4.0/../../../../avr/lib/avrxmega7\libm.a(fp_pscA.o)
                0x00001f46                __fp_pscA
 .text.avr-libc.fplib
                0x00001f54        0xe c:/program files (x86)/atmel/studio/7.0/toolchain/avr8/avr8-gnu-toolchain/bin/../lib/gcc/avr/5.4.0/../../../../avr/lib/avrxmega7\libm.a(fp_pscB.o)
                0x00001f54                __fp_pscB
 .text.avr-libc.fplib
                0x00001f62       0x22 c:/program files (x86)/atmel/studio/7.0/toolchain/avr8/avr8-gnu-toolchain/bin/../lib/gcc/avr/5.4.0/../../../../avr/lib/avrxmega7\libm.a(fp_round.o)
                0x00001f62                __fp_round
 .text.avr-libc.fplib
                0x00001f84       0x44 c:/program files (x86)/atmel/studio/7.0/toolchain/avr8/avr8-gnu-toolchain/bin/../lib/gcc/avr/5.4.0/../../../../avr/lib/avrxmega7\libm.a(fp_split3.o)
                0x00001f84                __fp_split3
                0x00001f94                __fp_splitA
 .text.avr-libc.fplib
                0x00001fc8        0xe c:/program files (x86)/atmel/studio/7.0/toolchain/avr8/avr8-gnu-toolchain/bin/../lib/gcc/avr/5.4.0/../../../../avr/lib/avrxmega7\libm.a(fp_zero.o)
                0x00001fc8                __fp_zero
                0x00001fca                __fp_szero
 .text.avr-libc.fplib
                0x00001fd6       0x10 c:/program files (x86)/atmel/studio/7.0/toolchain/avr8/avr8-gnu-toolchain/bin/../lib/gcc/avr/5.4.0/../../../../avr/lib/avrxmega7\libm.a(log10.o)
                0x00001fd6                log10
 .text.avr-libc.fplib
                0x00001fe6       0xa0 c:/program files (x86)/atmel/studio/7.0/toolchain/avr8/avr8-gnu-toolchain/bin/../lib/gcc/avr/5.4.0/../../../../avr/lib/avrxmega7\libm.a(log.o)
                0x00001ff6                log
 .text.avr-libc.fplib
                0x00002086        0x8 c:/program files (x86)/atmel/studio/7.0/toolchain/avr8/avr8-gnu-toolchain/bin/../lib/gcc/avr/5.4.0/../../../../avr/lib/avrxmega7\libm.a(mulsf3.o)
                0x00002086                __mulsf3
 .text.avr-libc.fplib
                0x0000208e       0xd2 c:/program files (x86)/atmel/studio/7.0/toolchain/avr8/avr8-gnu-toolchain/bin/../lib/gcc/avr/5.4.0/../../../../avr/lib/avrxmega7\libm.a(mulsf3x.o)
                0x000020ac                __mulsf3x
                0x000020b2                __mulsf3_pse
 .text.avr-libc.fplib
                0x00002160       0x4e c:/program files (x86)/atmel/studio/7.0/toolchain/avr8/avr8-gnu-toolchain/bin/../lib/gcc/avr/5.4.0/../../../../avr/lib/avrxmega7\libm.a(fp_powser.o)
                0x00002160                __fp_powser
 .text.libgcc.div
                0x000021ae       0x44 c:/program files (x86)/atmel/studio/7.0/toolchain/avr8/avr8-gnu-toolchain/bin/../lib/gcc/avr/5.4.0/avrxmega7\libgcc.a(_udivmodsi4.o)
                0x000021ae                __udivmodsi4
 .text.libgcc.div
                0x000021f2       0x2e c:/program files (x86)/atmel/studio/7.0/toolchain/avr8/avr8-gnu-toolchain/bin/../lib/gcc/avr/5.4.0/avrxmega7\libgcc.a(_divmodsi4.o)
                0x000021f2                __divmodsi4
 .text.libgcc.div
                0x00002220       0x10 c:/program files (x86)/atmel/studio/7.0/toolchain/avr8/avr8-gnu-toolchain/bin/../lib/gcc/avr/5.4.0/avrxmega7\libgcc.a(_negsi2.o)
                0x00002220                __negsi2
 .text.libgcc   0x00002230       0x12 c:/program files (x86)/atmel/studio/7.0/toolchain/avr8/avr8-gnu-toolchain/bin/../lib/gcc/avr/5.4.0/avrxmega7\libgcc.a(_tablejump2.o)
                0x00002230                __tablejump2__
 .text.libgcc.mul
                0x00002242       0x1e c:/program files (x86)/atmel/studio/7.0/toolchain/avr8/avr8-gnu-toolchain/bin/../lib/gcc/avr/5.4.0/avrxmega7\libgcc.a(_umulhisi3.o)
                0x00002242                __umulhisi3
                0x00002260                . = ALIGN (0x2)
 *(.fini9)
 .fini9         0x00002260        0x0 c:/program files (x86)/atmel/studio/7.0/toolchain/avr8/avr8-gnu-toolchain/bin/../lib/gcc/avr/5.4.0/avrxmega7\libgcc.a(_exit.o)
                0x00002260                _exit
                0x00002260                exit
 *(.fini9)
 *(.fini8)
 *(.fini8)
 *(.fini7)
 *(.fini7)
 *(.fini6)
 *(.fini6)
 *(.fini5)
 *(.fini5)
 *(.fini4)
 *(.fini4)
 *(.fini3)
 *(.fini3)
 *(.fini2)
 *(.fini2)
 *(.fini1)
 *(.fini1)
 *(.fini0)
 .fini0         0x00002260        0x4 c:/program files (x86)/atmel/studio/7.0/toolchain/avr8/avr8-gnu-toolchain/bin/../lib/gcc/avr/5.4.0/avrxmega7\libgcc.a(_exit.o)
 *(.fini0)
                0x00002264                _etext = .

.data           0x00802000      0x136 load address 0x00002264
                0x00802000                PROVIDE (__data_start, .)
 *(.data)
 *(.data*)
 *(.gnu.linkonce.d*)
 *(.rodata)
 *(.rodata*)
 .rodata.str1.1
                0x00802000       0x16 main.o
 .rodata.str1.1
                0x00802016       0x25 source/gyro_control.o
 .rodata.str1.1
                0x0080203b       0xc6 source/initializing.o
                                 0xca (size before relaxing)
 .rodata.str1.1
                0x00802101       0x31 source/mv_control.o
                                 0x34 (size before relaxing)
 .rodata.str1.1
                0x00802132        0x4 source/xmega_usart.o
 *(.gnu.linkonce.r*)
                0x00802136                . = ALIGN (0x2)
                0x00802136                _edata = .
                0x00802136                PROVIDE (__data_end, .)

.bss            0x00802136     0x199d
                0x00802136                PROVIDE (__bss_start, .)
 *(.bss)
 *(.bss*)
 .bss.serial    0x00802136        0x4 main.o
                0x00802136                serial
 .bss.ta        0x0080213a      0x3f6 main.o
                0x0080213a                ta
 .bss.mall      0x00802530     0x1580 main.o
                0x00802530                mall
 .bss.blue      0x00803ab0        0x2 source/color_control.o
                0x00803ab0                blue
 .bss.green     0x00803ab2        0x2 source/color_control.o
                0x00803ab2                green
 .bss.red       0x00803ab4        0x2 source/color_control.o
                0x00803ab4                red
 .bss.gyro      0x00803ab6        0xa source/gyro_control.o
                0x00803ab6                gyro
 .bss.motor_spi
                0x00803ac0        0x4 source/motor_control.o
                0x00803ac0                motor_spi
 .bss.bblk      0x00803ac4        0x1 source/mv_control.o
                0x00803ac4                bblk
 .bss.mv        0x00803ac5        0x4 source/mv_control.o
                0x00803ac5                mv
 .bss.vl        0x00803ac9        0xa source/vl53lox.o
                0x00803ac9                vl
 *(COMMON)
                0x00803ad3                PROVIDE (__bss_end, .)
                0x00002264                __data_load_start = LOADADDR (.data)
                0x0000239a                __data_load_end = (__data_load_start + SIZEOF (.data))

.noinit         0x00803ad3        0x0
                [!provide]                PROVIDE (__noinit_start, .)
 *(.noinit*)
                [!provide]                PROVIDE (__noinit_end, .)
                0x00803ad3                _end = .
                [!provide]                PROVIDE (__heap_start, .)

.eeprom         0x00810000        0x2
 *(.eeprom*)
 .eeprom        0x00810000        0x2 source/action.o
                0x00810002                __eeprom_end = .

.fuse
 *(.fuse)
 *(.lfuse)
 *(.hfuse)
 *(.efuse)

.lock
 *(.lock*)

.signature
 *(.signature*)

.user_signatures
 *(.user_signatures*)

.stab
 *(.stab)

.stabstr
 *(.stabstr)

.stab.excl
 *(.stab.excl)

.stab.exclstr
 *(.stab.exclstr)

.stab.index
 *(.stab.index)

.stab.indexstr
 *(.stab.indexstr)

.comment        0x00000000       0x30
 *(.comment)
 .comment       0x00000000       0x30 main.o
                                 0x31 (size before relaxing)
 .comment       0x00000030       0x31 source/action.o
 .comment       0x00000030       0x31 source/color_control.o
 .comment       0x00000030       0x31 source/gyro_control.o
 .comment       0x00000030       0x31 source/initializing.o
 .comment       0x00000030       0x31 source/lcd_control.o
 .comment       0x00000030       0x31 source/motor_control.o
 .comment       0x00000030       0x31 source/mv_control.o
 .comment       0x00000030       0x31 source/ping_control.o
 .comment       0x00000030       0x31 source/ui_control.o
 .comment       0x00000030       0x31 source/vl53lox.o
 .comment       0x00000030       0x31 source/xmega_spi.o
 .comment       0x00000030       0x31 source/xmega_twi.o
 .comment       0x00000030       0x31 source/xmega_usart.o

.note.gnu.avr.deviceinfo
                0x00000000       0x40
 .note.gnu.avr.deviceinfo
                0x00000000       0x40 C:/Program Files (x86)/Atmel/Studio/7.0/Packs/atmel/XMEGAA_DFP/1.1.68/gcc/dev/atxmega128a1u/avrxmega7/crtatxmega128a1u.o

.note.gnu.build-id
 *(.note.gnu.build-id)

.debug
 *(.debug)

.line
 *(.line)

.debug_srcinfo
 *(.debug_srcinfo)

.debug_sfnames
 *(.debug_sfnames)

.debug_aranges  0x00000000      0x590
 *(.debug_aranges)
 .debug_aranges
                0x00000000       0x88 main.o
 .debug_aranges
                0x00000088       0x38 source/action.o
 .debug_aranges
                0x000000c0       0x38 source/color_control.o
 .debug_aranges
                0x000000f8       0x78 source/gyro_control.o
 .debug_aranges
                0x00000170       0x60 source/initializing.o
 .debug_aranges
                0x000001d0       0x40 source/lcd_control.o
 .debug_aranges
                0x00000210       0xc8 source/motor_control.o
 .debug_aranges
                0x000002d8       0x58 source/mv_control.o
 .debug_aranges
                0x00000330       0x48 source/ping_control.o
 .debug_aranges
                0x00000378       0x50 source/ui_control.o
 .debug_aranges
                0x000003c8       0xe0 source/vl53lox.o
 .debug_aranges
                0x000004a8       0x30 source/xmega_spi.o
 .debug_aranges
                0x000004d8       0x60 source/xmega_twi.o
 .debug_aranges
                0x00000538       0x58 source/xmega_usart.o

.debug_pubnames
 *(.debug_pubnames)

.debug_info     0x00000000    0x24859
 *(.debug_info .gnu.linkonce.wi.*)
 .debug_info    0x00000000     0x3e5a C:/Program Files (x86)/Atmel/Studio/7.0/Packs/atmel/XMEGAA_DFP/1.1.68/gcc/dev/atxmega128a1u/avrxmega7/crtatxmega128a1u.o
 .debug_info    0x00003e5a    0x12edc main.o
 .debug_info    0x00016d36      0x720 source/action.o
 .debug_info    0x00017456      0x530 source/color_control.o
 .debug_info    0x00017986     0x1092 source/gyro_control.o
 .debug_info    0x00018a18      0xff0 source/initializing.o
 .debug_info    0x00019a08      0xf4a source/lcd_control.o
 .debug_info    0x0001a952     0x31ae source/motor_control.o
 .debug_info    0x0001db00      0xe06 source/mv_control.o
 .debug_info    0x0001e906      0xeeb source/ping_control.o
 .debug_info    0x0001f7f1      0xe89 source/ui_control.o
 .debug_info    0x0002067a     0x2bb2 source/vl53lox.o
 .debug_info    0x0002322c      0x411 source/xmega_spi.o
 .debug_info    0x0002363d      0x6cc source/xmega_twi.o
 .debug_info    0x00023d09      0xb50 source/xmega_usart.o

.debug_abbrev   0x00000000     0x6362
 *(.debug_abbrev)
 .debug_abbrev  0x00000000     0x3b0e C:/Program Files (x86)/Atmel/Studio/7.0/Packs/atmel/XMEGAA_DFP/1.1.68/gcc/dev/atxmega128a1u/avrxmega7/crtatxmega128a1u.o
 .debug_abbrev  0x00003b0e      0x4f9 main.o
 .debug_abbrev  0x00004007      0x1e5 source/action.o
 .debug_abbrev  0x000041ec      0x1c2 source/color_control.o
 .debug_abbrev  0x000043ae      0x2e9 source/gyro_control.o
 .debug_abbrev  0x00004697      0x26f source/initializing.o
 .debug_abbrev  0x00004906      0x24c source/lcd_control.o
 .debug_abbrev  0x00004b52      0x552 source/motor_control.o
 .debug_abbrev  0x000050a4      0x3ab source/mv_control.o
 .debug_abbrev  0x0000544f      0x306 source/ping_control.o
 .debug_abbrev  0x00005755      0x2a5 source/ui_control.o
 .debug_abbrev  0x000059fa      0x38f source/vl53lox.o
 .debug_abbrev  0x00005d89      0x1b0 source/xmega_spi.o
 .debug_abbrev  0x00005f39      0x217 source/xmega_twi.o
 .debug_abbrev  0x00006150      0x212 source/xmega_usart.o

.debug_line     0x00000000     0x8a2d
 *(.debug_line .debug_line.* .debug_line_end)
 .debug_line    0x00000000      0x3b5 C:/Program Files (x86)/Atmel/Studio/7.0/Packs/atmel/XMEGAA_DFP/1.1.68/gcc/dev/atxmega128a1u/avrxmega7/crtatxmega128a1u.o
 .debug_line    0x000003b5     0x3ff9 main.o
 .debug_line    0x000043ae      0x459 source/action.o
 .debug_line    0x00004807      0x280 source/color_control.o
 .debug_line    0x00004a87      0x4ad source/gyro_control.o
 .debug_line    0x00004f34      0x454 source/initializing.o
 .debug_line    0x00005388      0x481 source/lcd_control.o
 .debug_line    0x00005809     0x10d1 source/motor_control.o
 .debug_line    0x000068da      0x4c2 source/mv_control.o
 .debug_line    0x00006d9c      0x31e source/ping_control.o
 .debug_line    0x000070ba      0x3b0 source/ui_control.o
 .debug_line    0x0000746a      0xd17 source/vl53lox.o
 .debug_line    0x00008181      0x181 source/xmega_spi.o
 .debug_line    0x00008302      0x35d source/xmega_twi.o
 .debug_line    0x0000865f      0x3ce source/xmega_usart.o

.debug_frame    0x00000000     0x1310
 *(.debug_frame)
 .debug_frame   0x00000000      0x3b0 main.o
 .debug_frame   0x000003b0       0x74 source/action.o
 .debug_frame   0x00000424       0x64 source/color_control.o
 .debug_frame   0x00000488      0x190 source/gyro_control.o
 .debug_frame   0x00000618       0xcc source/initializing.o
 .debug_frame   0x000006e4      0x10c source/lcd_control.o
 .debug_frame   0x000007f0      0x2ac source/motor_control.o
 .debug_frame   0x00000a9c       0xb0 source/mv_control.o
 .debug_frame   0x00000b4c       0x94 source/ping_control.o
 .debug_frame   0x00000be0       0xd4 source/ui_control.o
 .debug_frame   0x00000cb4      0x358 source/vl53lox.o
 .debug_frame   0x0000100c       0x44 source/xmega_spi.o
 .debug_frame   0x00001050      0x124 source/xmega_twi.o
 .debug_frame   0x00001174      0x19c source/xmega_usart.o

.debug_str      0x00000000     0x506f
 *(.debug_str)
 .debug_str     0x00000000     0x2969 C:/Program Files (x86)/Atmel/Studio/7.0/Packs/atmel/XMEGAA_DFP/1.1.68/gcc/dev/atxmega128a1u/avrxmega7/crtatxmega128a1u.o
 .debug_str     0x00002969      0x9df main.o
                                0xa94 (size before relaxing)
 .debug_str     0x00003348      0x118 source/action.o
                                0x3f3 (size before relaxing)
 .debug_str     0x00003460       0x8e source/color_control.o
                                0x37d (size before relaxing)
 .debug_str     0x000034ee      0x284 source/gyro_control.o
                                0x79b (size before relaxing)
 .debug_str     0x00003772      0x3cb source/initializing.o
                                0x94d (size before relaxing)
 .debug_str     0x00003b3d       0x7d source/lcd_control.o
                                0x4d4 (size before relaxing)
 .debug_str     0x00003bba      0x41a source/motor_control.o
                                0xa44 (size before relaxing)
 .debug_str     0x00003fd4       0xdd source/mv_control.o
                                0x78c (size before relaxing)
 .debug_str     0x000040b1      0x42f source/ping_control.o
                                0x8f0 (size before relaxing)
 .debug_str     0x000044e0      0x1a0 source/ui_control.o
                                0x8ba (size before relaxing)
 .debug_str     0x00004680      0x7d9 source/vl53lox.o
                                0xea6 (size before relaxing)
 .debug_str     0x00004e59       0x64 source/xmega_spi.o
                                0x3f4 (size before relaxing)
 .debug_str     0x00004ebd      0x15e source/xmega_twi.o
                                0x4fe (size before relaxing)
 .debug_str     0x0000501b       0x54 source/xmega_usart.o
                                0x46c (size before relaxing)

.debug_loc      0x00000000     0xec9c
 *(.debug_loc)
 .debug_loc     0x00000000     0x91c9 main.o
 .debug_loc     0x000091c9      0x3fb source/action.o
 .debug_loc     0x000095c4      0x239 source/color_control.o
 .debug_loc     0x000097fd      0x62e source/gyro_control.o
 .debug_loc     0x00009e2b      0x24f source/initializing.o
 .debug_loc     0x0000a07a      0x76d source/lcd_control.o
 .debug_loc     0x0000a7e7     0x1281 source/motor_control.o
 .debug_loc     0x0000ba68      0x5a8 source/mv_control.o
 .debug_loc     0x0000c010      0x41a source/ping_control.o
 .debug_loc     0x0000c42a      0x5b4 source/ui_control.o
 .debug_loc     0x0000c9de     0x131f source/vl53lox.o
 .debug_loc     0x0000dcfd       0xa7 source/xmega_spi.o
 .debug_loc     0x0000dda4      0x58b source/xmega_twi.o
 .debug_loc     0x0000e32f      0x96d source/xmega_usart.o

.debug_macinfo
 *(.debug_macinfo)

.debug_weaknames
 *(.debug_weaknames)

.debug_funcnames
 *(.debug_funcnames)

.debug_typenames
 *(.debug_typenames)

.debug_varnames
 *(.debug_varnames)

.debug_pubtypes
 *(.debug_pubtypes)

.debug_ranges   0x00000000      0xac8
 *(.debug_ranges)
 .debug_ranges  0x00000000      0x548 main.o
 .debug_ranges  0x00000548       0x28 source/action.o
 .debug_ranges  0x00000570       0x28 source/color_control.o
 .debug_ranges  0x00000598       0x68 source/gyro_control.o
 .debug_ranges  0x00000600       0x68 source/initializing.o
 .debug_ranges  0x00000668       0x30 source/lcd_control.o
 .debug_ranges  0x00000698       0xd0 source/motor_control.o
 .debug_ranges  0x00000768       0x88 source/mv_control.o
 .debug_ranges  0x000007f0       0x38 source/ping_control.o
 .debug_ranges  0x00000828       0xb8 source/ui_control.o
 .debug_ranges  0x000008e0      0x130 source/vl53lox.o
 .debug_ranges  0x00000a10       0x20 source/xmega_spi.o
 .debug_ranges  0x00000a30       0x50 source/xmega_twi.o
 .debug_ranges  0x00000a80       0x48 source/xmega_usart.o

.debug_macro
 *(.debug_macro)
OUTPUT(Aquila.elf elf32-avr)
LOAD linker stubs
