Archive member included to satisfy reference by file (symbol)

c:/program files (x86)/atmel/studio/7.0/toolchain/avr8/avr8-gnu-toolchain/bin/../lib/gcc/avr/5.4.0/../../../../avr/lib/avrxmega7\libm.a(addsf3.o)
                              source/gyro_control.o (__addsf3)
c:/program files (x86)/atmel/studio/7.0/toolchain/avr8/avr8-gnu-toolchain/bin/../lib/gcc/avr/5.4.0/../../../../avr/lib/avrxmega7\libm.a(addsf3x.o)
                              c:/program files (x86)/atmel/studio/7.0/toolchain/avr8/avr8-gnu-toolchain/bin/../lib/gcc/avr/5.4.0/../../../../avr/lib/avrxmega7\libm.a(addsf3.o) (__addsf3x)
c:/program files (x86)/atmel/studio/7.0/toolchain/avr8/avr8-gnu-toolchain/bin/../lib/gcc/avr/5.4.0/../../../../avr/lib/avrxmega7\libm.a(cmpsf2.o)
                              source/vl53lox.o (__ltsf2)
c:/program files (x86)/atmel/studio/7.0/toolchain/avr8/avr8-gnu-toolchain/bin/../lib/gcc/avr/5.4.0/../../../../avr/lib/avrxmega7\libm.a(fixsfsi.o)
                              source/xmega_usart.o (__fixsfsi)
c:/program files (x86)/atmel/studio/7.0/toolchain/avr8/avr8-gnu-toolchain/bin/../lib/gcc/avr/5.4.0/../../../../avr/lib/avrxmega7\libm.a(fixunssfsi.o)
                              source/gyro_control.o (__fixunssfsi)
c:/program files (x86)/atmel/studio/7.0/toolchain/avr8/avr8-gnu-toolchain/bin/../lib/gcc/avr/5.4.0/../../../../avr/lib/avrxmega7\libm.a(floatsisf.o)
                              source/sermo_control.o (__floatunsisf)
c:/program files (x86)/atmel/studio/7.0/toolchain/avr8/avr8-gnu-toolchain/bin/../lib/gcc/avr/5.4.0/../../../../avr/lib/avrxmega7\libm.a(fmod.o)
                              source/xmega_usart.o (fmod)
c:/program files (x86)/atmel/studio/7.0/toolchain/avr8/avr8-gnu-toolchain/bin/../lib/gcc/avr/5.4.0/../../../../avr/lib/avrxmega7\libm.a(fp_cmp.o)
                              c:/program files (x86)/atmel/studio/7.0/toolchain/avr8/avr8-gnu-toolchain/bin/../lib/gcc/avr/5.4.0/../../../../avr/lib/avrxmega7\libm.a(cmpsf2.o) (__fp_cmp)
c:/program files (x86)/atmel/studio/7.0/toolchain/avr8/avr8-gnu-toolchain/bin/../lib/gcc/avr/5.4.0/../../../../avr/lib/avrxmega7\libm.a(fp_inf.o)
                              c:/program files (x86)/atmel/studio/7.0/toolchain/avr8/avr8-gnu-toolchain/bin/../lib/gcc/avr/5.4.0/../../../../avr/lib/avrxmega7\libm.a(addsf3x.o) (__fp_inf)
c:/program files (x86)/atmel/studio/7.0/toolchain/avr8/avr8-gnu-toolchain/bin/../lib/gcc/avr/5.4.0/../../../../avr/lib/avrxmega7\libm.a(fp_mpack.o)
                              c:/program files (x86)/atmel/studio/7.0/toolchain/avr8/avr8-gnu-toolchain/bin/../lib/gcc/avr/5.4.0/../../../../avr/lib/avrxmega7\libm.a(fmod.o) (__fp_mpack)
c:/program files (x86)/atmel/studio/7.0/toolchain/avr8/avr8-gnu-toolchain/bin/../lib/gcc/avr/5.4.0/../../../../avr/lib/avrxmega7\libm.a(fp_nan.o)
                              c:/program files (x86)/atmel/studio/7.0/toolchain/avr8/avr8-gnu-toolchain/bin/../lib/gcc/avr/5.4.0/../../../../avr/lib/avrxmega7\libm.a(addsf3x.o) (__fp_nan)
c:/program files (x86)/atmel/studio/7.0/toolchain/avr8/avr8-gnu-toolchain/bin/../lib/gcc/avr/5.4.0/../../../../avr/lib/avrxmega7\libm.a(fp_pscA.o)
                              c:/program files (x86)/atmel/studio/7.0/toolchain/avr8/avr8-gnu-toolchain/bin/../lib/gcc/avr/5.4.0/../../../../avr/lib/avrxmega7\libm.a(addsf3x.o) (__fp_pscA)
c:/program files (x86)/atmel/studio/7.0/toolchain/avr8/avr8-gnu-toolchain/bin/../lib/gcc/avr/5.4.0/../../../../avr/lib/avrxmega7\libm.a(fp_pscB.o)
                              c:/program files (x86)/atmel/studio/7.0/toolchain/avr8/avr8-gnu-toolchain/bin/../lib/gcc/avr/5.4.0/../../../../avr/lib/avrxmega7\libm.a(addsf3x.o) (__fp_pscB)
c:/program files (x86)/atmel/studio/7.0/toolchain/avr8/avr8-gnu-toolchain/bin/../lib/gcc/avr/5.4.0/../../../../avr/lib/avrxmega7\libm.a(fp_round.o)
                              c:/program files (x86)/atmel/studio/7.0/toolchain/avr8/avr8-gnu-toolchain/bin/../lib/gcc/avr/5.4.0/../../../../avr/lib/avrxmega7\libm.a(addsf3.o) (__fp_round)
c:/program files (x86)/atmel/studio/7.0/toolchain/avr8/avr8-gnu-toolchain/bin/../lib/gcc/avr/5.4.0/../../../../avr/lib/avrxmega7\libm.a(fp_split3.o)
                              c:/program files (x86)/atmel/studio/7.0/toolchain/avr8/avr8-gnu-toolchain/bin/../lib/gcc/avr/5.4.0/../../../../avr/lib/avrxmega7\libm.a(addsf3x.o) (__fp_split3)
c:/program files (x86)/atmel/studio/7.0/toolchain/avr8/avr8-gnu-toolchain/bin/../lib/gcc/avr/5.4.0/../../../../avr/lib/avrxmega7\libm.a(fp_zero.o)
                              c:/program files (x86)/atmel/studio/7.0/toolchain/avr8/avr8-gnu-toolchain/bin/../lib/gcc/avr/5.4.0/../../../../avr/lib/avrxmega7\libm.a(addsf3x.o) (__fp_zero)
c:/program files (x86)/atmel/studio/7.0/toolchain/avr8/avr8-gnu-toolchain/bin/../lib/gcc/avr/5.4.0/../../../../avr/lib/avrxmega7\libm.a(gesf2.o)
                              source/vl53lox.o (__gtsf2)
[...]
Memory Configuration

Name             Origin             Length             Attributes
text             0x00000000         0x00100000         xr
data             0x00802000         0x0000ffa0         rw !x
eeprom           0x00810000         0x00010000         rw !x
fuse             0x00820000         0x00000006         rw !x
lock             0x00830000         0x00000400         rw !x
signature        0x00840000         0x00000400         rw !x
user_signatures  0x00850000         0x00000400         rw !x
*default*        0x00000000         0xffffffff

Linker script and memory map

LOAD C:/Program Files (x86)/Atmel/Studio/7.0/Packs/atmel/XMEGAA_DFP/1.1.68/gcc/dev/atxmega128a1u/avrxmega7/crtatxmega128a1u.o
LOAD main.o
LOAD source/action.o
LOAD source/color_control.o
LOAD source/gyro_control.o
LOAD source/initializing.o
LOAD source/lcd_control.o
LOAD source/motor_control.o
LOAD source/mv_control.o
LOAD source/ping_control.o
LOAD source/sermo_control.o
LOAD source/ui_control.o
LOAD source/vl53lox.o
LOAD source/xmega_spi.o
LOAD source/xmega_twi.o
LOAD source/xmega_usart.o
START GROUP
LOAD c:/program files (x86)/atmel/studio/7.0/toolchain/avr8/avr8-gnu-toolchain/bin/../lib/gcc/avr/5.4.0/../../../../avr/lib/avrxmega7\libm.a
END GROUP
LOAD c:/program files (x86)/atmel/studio/7.0/toolchain/avr8/avr8-gnu-toolchain/bin/../lib/gcc/avr/5.4.0/avrxmega7\libgcc.a
LOAD c:/program files (x86)/atmel/studio/7.0/toolchain/avr8/avr8-gnu-toolchain/bin/../lib/gcc/avr/5.4.0/../../../../avr/lib/avrxmega7\libm.a
START GROUP
LOAD c:/program files (x86)/atmel/studio/7.0/toolchain/avr8/avr8-gnu-toolchain/bin/../lib/gcc/avr/5.4.0/avrxmega7\libgcc.a
LOAD c:/program files (x86)/atmel/studio/7.0/toolchain/avr8/avr8-gnu-toolchain/bin/../lib/gcc/avr/5.4.0/../../../../avr/lib/avrxmega7\libm.a
LOAD c:/program files (x86)/atmel/studio/7.0/toolchain/avr8/avr8-gnu-toolchain/bin/../lib/gcc/avr/5.4.0/../../../../avr/lib/avrxmega7\libc.a
LOAD C:/Program Files (x86)/Atmel/Studio/7.0/Packs/atmel/XMEGAA_DFP/1.1.68/gcc/dev/atxmega128a1u/avrxmega7\libatxmega128a1u.a
END GROUP
                0x00100000                __TEXT_REGION_LENGTH__ = DEFINED (__TEXT_REGION_LENGTH__)?__TEXT_REGION_LENGTH__:0x100000
                0x0000ffa0                __DATA_REGION_LENGTH__ = DEFINED (__DATA_REGION_LENGTH__)?__DATA_REGION_LENGTH__:0xffa0
                0x00010000                __EEPROM_REGION_LENGTH__ = DEFINED (__EEPROM_REGION_LENGTH__)?__EEPROM_REGION_LENGTH__:0x10000
                [0x00000006]                __FUSE_REGION_LENGTH__ = DEFINED (__FUSE_REGION_LENGTH__)?__FUSE_REGION_LENGTH__:0x400
                0x00000400                __LOCK_REGION_LENGTH__ = DEFINED (__LOCK_REGION_LENGTH__)?__LOCK_REGION_LENGTH__:0x400
                0x00000400                __SIGNATURE_REGION_LENGTH__ = DEFINED (__SIGNATURE_REGION_LENGTH__)?__SIGNATURE_REGION_LENGTH__:0x400
                0x00000400                __USER_SIGNATURE_REGION_LENGTH__ = DEFINED (__USER_SIGNATURE_REGION_LENGTH__)?__USER_SIGNATURE_REGION_LENGTH__:0x400

.hash
 *(.hash)

.dynsym
 *(.dynsym)

.dynstr
 *(.dynstr)

.gnu.version
 *(.gnu.version)

.gnu.version_d
 *(.gnu.version_d)

.gnu.version_r
 *(.gnu.version_r)

.rel.init
 *(.rel.init)

.rela.init
 *(.rela.init)

.rel.text
 *(.rel.text)
 *(.rel.text.*)
 *(.rel.gnu.linkonce.t*)

.rela.text
 *(.rela.text)
 *(.rela.text.*)
 *(.rela.gnu.linkonce.t*)

.rel.fini
 *(.rel.fini)

.rela.fini
 *(.rela.fini)

.rel.rodata
 *(.rel.rodata)
 *(.rel.rodata.*)
 *(.rel.gnu.linkonce.r*)

.rela.rodata
 *(.rela.rodata)
 *(.rela.rodata.*)
 *(.rela.gnu.linkonce.r*)

.rel.data
 *(.rel.data)
 *(.rel.data.*)
 *(.rel.gnu.linkonce.d*)

.rela.data
 *(.rela.data)
 *(.rela.data.*)
 *(.rela.gnu.linkonce.d*)

.rel.ctors
 *(.rel.ctors)

.rela.ctors
 *(.rela.ctors)

.rel.dtors
 *(.rel.dtors)

.rela.dtors
 *(.rela.dtors)

.rel.got
 *(.rel.got)

.rela.got
 *(.rela.got)

.rel.bss
 *(.rel.bss)

.rela.bss
 *(.rela.bss)

.rel.plt
 *(.rel.plt)

.rela.plt
 *(.rela.plt)

.text           0x00000000    0x12d72
 *(.vectors)
 .vectors       0x00000000      0x1fc C:/Program Files (x86)/Atmel/Studio/7.0/Packs/atmel/XMEGAA_DFP/1.1.68/gcc/dev/atxmega128a1u/avrxmega7/crtatxmega128a1u.o
                0x00000000                __vector_default
                0x00000000                __vectors
 *(.vectors)
 *(.progmem.gcc*)
 .progmem.gcc_sw_table._ZN5motor4moveEh
                0x000001fc       0x14 source/motor_control.o
                0x00000210                . = ALIGN (0x2)
                0x00000210                __trampolines_start = .
 *(.trampolines)
 .trampolines   0x00000210       0x38 linker stubs
 *(.trampolines*)
                0x00000248                __trampolines_end = .
 *libprintf_flt.a:*(.progmem.data)
 *libc.a:*(.progmem.data)
 *(.progmem*)
                0x00000248                . = ALIGN (0x2)
 *(.jumptables)
 *(.jumptables*)
 *(.lowtext)
 *(.lowtext*)
                0x00000248                __ctors_start = .
 *(.ctors)
 .ctors         0x00000248        0x2 main.o
 .ctors         0x0000024a        0x2 source/gyro_control.o
 .ctors         0x0000024c        0x2 source/motor_control.o
 .ctors         0x0000024e        0x2 source/mv_control.o
 .ctors         0x00000250        0x2 source/vl53lox.o
                0x00000252                __ctors_end = .
                0x00000252                __dtors_start = .
 *(.dtors)
                0x00000252                __dtors_end = .
 SORT(*)(.ctors)
 SORT(*)(.dtors)
 *(.init0)
 .init0         0x00000252        0x0 C:/Program Files (x86)/Atmel/Studio/7.0/Packs/atmel/XMEGAA_DFP/1.1.68/gcc/dev/atxmega128a1u/avrxmega7/crtatxmega128a1u.o
                0x00000252                __init
 *(.init0)
 *(.init1)
 *(.init1)
 *(.init2)
 .init2         0x00000252       0x18 C:/Program Files (x86)/Atmel/Studio/7.0/Packs/atmel/XMEGAA_DFP/1.1.68/gcc/dev/atxmega128a1u/avrxmega7/crtatxmega128a1u.o
 *(.init2)
 *(.init3)
 *(.init3)
 *(.init4)
 .init4         0x0000026a       0x1c c:/program files (x86)/atmel/studio/7.0/toolchain/avr8/avr8-gnu-toolchain/bin/../lib/gcc/avr/5.4.0/avrxmega7\libgcc.a(_copy_data.o)
                0x0000026a                __do_copy_data
 .init4         0x00000286       0x10 c:/program files (x86)/atmel/studio/7.0/toolchain/avr8/avr8-gnu-toolchain/bin/../lib/gcc/avr/5.4.0/avrxmega7\libgcc.a(_clear_bss.o)
                0x00000286                __do_clear_bss
 *(.init4)
 *(.init5)
 *(.init5)
 *(.init6)
 .init6         0x00000296       0x20 c:/program files (x86)/atmel/studio/7.0/toolchain/avr8/avr8-gnu-toolchain/bin/../lib/gcc/avr/5.4.0/avrxmega7\libgcc.a(_ctors.o)
                0x00000296                __do_global_ctors
 *(.init6)
 *(.init7)
 *(.init7)
 *(.init8)
 *(.init8)
 *(.init9)
 .init9         0x000002b6        0x8 C:/Program Files (x86)/Atmel/Studio/7.0/Packs/atmel/XMEGAA_DFP/1.1.68/gcc/dev/atxmega128a1u/avrxmega7/crtatxmega128a1u.o
 *(.init9)
 *(.text)
 .text          0x000002be        0x4 C:/Program Files (x86)/Atmel/Studio/7.0/Packs/atmel/XMEGAA_DFP/1.1.68/gcc/dev/atxmega128a1u/avrxmega7/crtatxmega128a1u.o
                0x000002be                __vector_38
                0x000002be                __vector_104
                0x000002be                __vector_22
                0x000002be                __vector_63
                0x000002be                __vector_28
                0x000002be                __vector_67
                0x000002be                __vector_1
                0x000002be                __vector_119
                0x000002be                __vector_32
                0x000002be                __vector_75
                0x000002be                __vector_71
                0x000002be                __vector_91
                0x000002be                __vector_34
                0x000002be                __vector_62
                0x000002be                __vector_102
                0x000002be                __vector_24
                0x000002be                __vector_12
                0x000002be                __vector_55
                0x000002be                __vector_69
                0x000002be                __vector_81
                0x000002be                __vector_90
                0x000002be                __vector_46
                0x000002be                __bad_interrupt
                0x000002be                __vector_122
                0x000002be                __vector_72
                0x000002be                __vector_114
                0x000002be                __vector_6
                0x000002be                __vector_110
                0x000002be                __vector_31
                0x000002be                __vector_92
                0x000002be                __vector_35
                0x000002be                __vector_78
                0x000002be                __vector_74
                0x000002be                __vector_117
                0x000002be                __vector_39
                0x000002be                __vector_107
                0x000002be                __vector_3
                0x000002be                __vector_105
                0x000002be                __vector_98
                0x000002be                __vector_23
                0x000002be                __vector_68
                0x000002be                __vector_30
                0x000002be                __vector_73
                0x000002be                __vector_45
                0x000002be                __vector_25
                0x000002be                __vector_93
                0x000002be                __vector_61
                0x000002be                __vector_11
                0x000002be                __vector_54
                0x000002be                __vector_99
                0x000002be                __vector_13
                0x000002be                __vector_17
                0x000002be                __vector_19
                0x000002be                __vector_56
                0x000002be                __vector_7
                0x000002be                __vector_125
                0x000002be                __vector_49
                0x000002be                __vector_123
                0x000002be                __vector_41
                0x000002be                __vector_86
                0x000002be                __vector_100
                0x000002be                __vector_101
                0x000002be                __vector_64
                0x000002be                __vector_88
                0x000002be                __vector_109
                0x000002be                __vector_43
                0x000002be                __vector_27
                0x000002be                __vector_5
                0x000002be                __vector_113
                0x000002be                __vector_33
                0x000002be                __vector_76
                0x000002be                __vector_115
                0x000002be                __vector_47
                0x000002be                __vector_52
                0x000002be                __vector_37
                0x000002be                __vector_95
                0x000002be                __vector_103
                0x000002be                __vector_96
                0x000002be                __vector_89
                0x000002be                __vector_108
                0x000002be                __vector_4
                0x000002be                __vector_44
                0x000002be                __vector_82
                0x000002be                __vector_106
                0x000002be                __vector_118
                0x000002be                __vector_51
                0x000002be                __vector_9
                0x000002be                __vector_2
                0x000002be                __vector_21
                0x000002be                __vector_15
                0x000002be                __vector_66
                0x000002be                __vector_36
                0x000002be                __vector_79
                0x000002be                __vector_58
                0x000002be                __vector_70
                0x000002be                __vector_83
                0x000002be                __vector_29
                0x000002be                __vector_60
                0x000002be                __vector_121
                0x000002be                __vector_40
                0x000002be                __vector_85
                0x000002be                __vector_94
                0x000002be                __vector_126
                0x000002be                __vector_8
                0x000002be                __vector_26
                0x000002be                __vector_48
                0x000002be                __vector_124
                0x000002be                __vector_116
                0x000002be                __vector_112
                0x000002be                __vector_111
                0x000002be                __vector_80
                0x000002be                __vector_14
                0x000002be                __vector_84
                0x000002be                __vector_57
                0x000002be                __vector_53
                0x000002be                __vector_10
                0x000002be                __vector_50
                0x000002be                __vector_16
                0x000002be                __vector_59
                0x000002be                __vector_18
                0x000002be                __vector_97
                0x000002be                __vector_20
                0x000002be                __vector_42
                0x000002be                __vector_87
                0x000002be                __vector_65
                0x000002be                __vector_120
                0x000002c2                . = ALIGN (0x2)
 *(.text.*)
 .text._ZN4core3dfsEP4nodeiiii
                0x000002c2      0xa6c main.o
                0x000002c2                _ZN4core3dfsEP4nodeiiii
 .text._ZN4core7ap_nodeEP4nodei
                0x00000d2e     0x4160 main.o
                0x00000d2e                _ZN4core7ap_nodeEP4nodei
 .text._ZN4core7ac_nextEP4nodeiii
                0x00004e8e     0x4126 main.o
                0x00004e8e                _ZN4core7ac_nextEP4nodeiii
 .text._ZN4core7cl_distEP4nodei
                0x00008fb4      0x404 main.o
                0x00008fb4                _ZN4core7cl_distEP4nodei
 .text._Z10make_nodesv
                0x000093b8      0x14a main.o
                0x000093b8                _Z10make_nodesv
 .text._Z10black_tilev
                0x00009502      0x1c2 main.o
                0x00009502                _Z10black_tilev
 .text._Z4movei
                0x000096c4      0x73e main.o
                0x000096c4                _Z4movei
 .text._Z6move_nP4node
                0x00009e02       0xd0 main.o
                0x00009e02                _Z6move_nP4node
 .text._Z8move_toaP4node
                0x00009ed2     0x3ab4 main.o
                0x00009ed2                _Z8move_toaP4node
 .text._Z9stack_dfsv
                0x0000d986     0x3c68 main.o
                0x0000d986                _Z9stack_dfsv
 .text.main     0x000115ee       0x6e main.o
                0x000115ee                main
 .text._GLOBAL__sub_I__Z3maxii
                0x0001165c       0xac main.o
 .text._Z13finded_victimh
                0x00011708       0xfe source/action.o
                0x00011708                _Z13finded_victimh
 .text._Z10init_colorv
                0x00011806        0x8 source/color_control.o
                0x00011806                _Z10init_colorv
 .text._Z11color_shiftv
                0x0001180e       0x52 source/color_control.o
                0x0001180e                _Z11color_shiftv
 .text._Z10color_readv
                0x00011860       0x84 source/color_control.o
                0x00011860                _Z10color_readv
 .text._Z11color_checkv
                0x000118e4       0x32 source/color_control.o
                0x000118e4                _Z11color_checkv
 .text._GLOBAL__sub_I_gyro
                0x00011916       0x16 source/gyro_control.o
 .text._Z10init_clockv
                0x0001192c       0x2c source/initializing.o
                0x0001192c                _Z10init_clockv
 .text._Z3rtcv  0x00011958       0x1e source/initializing.o
                0x00011958                _Z3rtcv
 .text._Z8init_avrv
                0x00011976       0x1e source/initializing.o
                0x00011976                _Z8init_avrv
 .text._Z8init_allv
                0x00011994       0x1a source/initializing.o
                0x00011994                _Z8init_allv
 .text._Z8init_lcdv
                0x000119ae      0x29a source/lcd_control.o
                0x000119ae                _Z8init_lcdv
 .text._Z10lcd_putstrP10TWI_structPKc
                0x00011c48       0xc4 source/lcd_control.o
                0x00011c48                _Z10lcd_putstrP10TWI_structPKc
 .text._Z9lcd_clearv
                0x00011d0c       0x66 source/lcd_control.o
                0x00011d0c                _Z9lcd_clearv
 .text._Z10init_motorv
                0x00011d72       0x10 source/motor_control.o
                0x00011d72                _Z10init_motorv
 .text._Z4mspihh
                0x00011d82       0x38 source/motor_control.o
                0x00011d82                _Z4mspihh
 .text._Z6m_sendhhhh
                0x00011dba       0x66 source/motor_control.o
                0x00011dba                _Z6m_sendhhhh
 .text._ZN5motor5brakeEh
                0x00011e20        0xc source/motor_control.o
                0x00011e20                _ZN5motor5brakeEh
 .text._ZN5motor4waitEb
                0x00011e2c      0x14a source/motor_control.o
                0x00011e2c                _ZN5motor4waitEb
 .text._ZN5motor4moveEh
                0x00011f76      0x14a source/motor_control.o
                0x00011f76                _ZN5motor4moveEh
 .text._ZN5motor6gb_fixEv
                0x000120c0      0x160 source/motor_control.o
                0x000120c0                _ZN5motor6gb_fixEv
 .text._ZN5motor8turn_fixEh
                0x00012220      0x20a source/motor_control.o
                0x00012220                _ZN5motor8turn_fixEh
 .text._ZN5motor11notify_halfEv
                0x0001242a       0x8a source/motor_control.o
                0x0001242a                _ZN5motor11notify_halfEv
 .text._ZN5motor12fix_positionEv
                0x000124b4       0x1a source/motor_control.o
                0x000124b4                _ZN5motor12fix_positionEv
 .text._GLOBAL__sub_I_motor_spi
                0x000124ce       0x14 source/motor_control.o
 .text._Z7init_mvv
                0x000124e2       0x1c source/mv_control.o
                0x000124e2                _Z7init_mvv
 .text._Z6mv_caphb
                0x000124fe       0x48 source/mv_control.o
                0x000124fe                _Z6mv_caphb
 .text._Z11mv_spi_sendhh
                0x00012546       0xd6 source/mv_control.o
                0x00012546                _Z11mv_spi_sendhh
 .text._Z8check_mvh
                0x0001261c      0x11c source/mv_control.o
                0x0001261c                _Z8check_mvh
 .text._GLOBAL__sub_I_mv
                0x00012738       0x18 source/mv_control.o
 .text._Z10ping_checkP11PORT_structh
                0x00012750       0x4a source/ping_control.o
                0x00012750                _Z10ping_checkP11PORT_structh
 .text._Z4pingi
                0x0001279a       0x70 source/ping_control.o
                0x0001279a                _Z4pingi
 .text._Z3c_pi  0x0001280a       0x4c source/ping_control.o
                0x0001280a                _Z3c_pi
 .text._Z10check_pingi
                0x00012856       0x7e source/ping_control.o
                0x00012856                _Z10check_pingi
 .text.__vector_77
                0x000128d4       0x1e source/ui_control.o
                0x000128d4                __vector_77
 .text._Z8delay_usj
                0x000128f2       0x18 source/ui_control.o
                0x000128f2                _Z8delay_usj
 .text._Z6buzzerj
                0x0001290a       0x66 source/ui_control.o
                0x0001290a                _Z6buzzerj
 .text._Z3ledhh
                0x00012970       0x1c source/ui_control.o
                0x00012970                _Z3ledhh
 .text._Z9error_ledhh
                0x0001298c       0x4e source/ui_control.o
                0x0001298c                _Z9error_ledhh
 .text._GLOBAL__sub_I_vl
                0x000129da       0x16 source/vl53lox.o
 .text._ZN3spiC2EP10SPI_structP11PORT_struct18SPI_PRESCALER_enum
                0x000129f0       0x28 source/xmega_spi.o
                0x000129f0                _ZN3spiC1EP10SPI_structP11PORT_struct18SPI_PRESCALER_enum
                0x000129f0                _ZN3spiC2EP10SPI_structP11PORT_struct18SPI_PRESCALER_enum
 .text._ZN3spi4sendEh
                0x00012a18       0x20 source/xmega_spi.o
                0x00012a18                _ZN3spi4sendEh
 .text._ZN3twiC2EP10TWI_structm
                0x00012a38       0x5e source/xmega_twi.o
                0x00012a38                _ZN3twiC1EP10TWI_structm
                0x00012a38                _ZN3twiC2EP10TWI_structm
 .text._ZN3twi10errorCheckEv
                0x00012a96       0x2e source/xmega_twi.o
                0x00012a96                _ZN3twi10errorCheckEv
 .text._ZN3twi7AddressEhh
                0x00012ac4       0x5c source/xmega_twi.o
                0x00012ac4                _ZN3twi7AddressEhh
 .text._ZN3twi11WriteSingleEi
                0x00012b20       0x48 source/xmega_twi.o
                0x00012b20                _ZN3twi11WriteSingleEi
 .text._ZN3twi4StopEv
                0x00012b68       0x24 source/xmega_twi.o
                0x00012b68                _ZN3twi4StopEv
 .text._ZN5usartC2EP12USART_structP11PORT_struct
                0x00012b8c       0x44 source/xmega_usart.o
                0x00012b8c                _ZN5usartC2EP12USART_structP11PORT_struct
                0x00012b8c                _ZN5usartC1EP12USART_structP11PORT_struct
 .text._ZN5usart4sendEc
                0x00012bd0       0x14 source/xmega_usart.o
                0x00012bd0                _ZN5usart4sendEc
 .text._ZN5usart6stringEPKc
                0x00012be4       0x2a source/xmega_usart.o
                0x00012be4                _ZN5usart6stringEPKc
 .text._ZN5usart6putdecEj
                0x00012c0e       0xda source/xmega_usart.o
                0x00012c0e                _ZN5usart6putdecEj
 .text.libgcc.div
                0x00012ce8       0x44 c:/program files (x86)/atmel/studio/7.0/toolchain/avr8/avr8-gnu-toolchain/bin/../lib/gcc/avr/5.4.0/avrxmega7\libgcc.a(_udivmodsi4.o)
                0x00012ce8                __udivmodsi4
 .text.libgcc   0x00012d2c       0x12 c:/program files (x86)/atmel/studio/7.0/toolchain/avr8/avr8-gnu-toolchain/bin/../lib/gcc/avr/5.4.0/avrxmega7\libgcc.a(_tablejump2.o)
                0x00012d2c                __tablejump2__
 .text.libgcc.mul
                0x00012d3e       0x1e c:/program files (x86)/atmel/studio/7.0/toolchain/avr8/avr8-gnu-toolchain/bin/../lib/gcc/avr/5.4.0/avrxmega7\libgcc.a(_umulhisi3.o)
                0x00012d3e                __umulhisi3
 .text.libgcc   0x00012d5c       0x12 c:/program files (x86)/atmel/studio/7.0/toolchain/avr8/avr8-gnu-toolchain/bin/../lib/gcc/avr/5.4.0/avrxmega7\libgcc.a(_cmpdi2.o)
                0x00012d5c                __cmpdi2
                0x00012d6e                . = ALIGN (0x2)
 *(.fini9)
 .fini9         0x00012d6e        0x0 c:/program files (x86)/atmel/studio/7.0/toolchain/avr8/avr8-gnu-toolchain/bin/../lib/gcc/avr/5.4.0/avrxmega7\libgcc.a(_exit.o)
                0x00012d6e                _exit
                0x00012d6e                exit
 *(.fini9)
 *(.fini8)
 *(.fini8)
 *(.fini7)
 *(.fini7)
 *(.fini6)
 *(.fini6)
 *(.fini5)
 *(.fini5)
 *(.fini4)
 *(.fini4)
 *(.fini3)
 *(.fini3)
 *(.fini2)
 *(.fini2)
 *(.fini1)
 *(.fini1)
 *(.fini0)
 .fini0         0x00012d6e        0x4 c:/program files (x86)/atmel/studio/7.0/toolchain/avr8/avr8-gnu-toolchain/bin/../lib/gcc/avr/5.4.0/avrxmega7\libgcc.a(_exit.o)
 *(.fini0)
                0x00012d72                _etext = .

.data           0x00802000       0x94 load address 0x00012d72
                0x00802000                PROVIDE (__data_start, .)
 *(.data)
 *(.data*)
 *(.gnu.linkonce.d*)
 *(.rodata)
 *(.rodata*)
 .rodata.str1.1
                0x00802000       0x1a main.o
 .rodata._ZN1vL2vvE
                0x0080201a       0x10 main.o
 .rodata.str1.1
                0x0080202a       0x38 source/motor_control.o
 .rodata.str1.1
                0x00802062       0x31 source/mv_control.o
                                 0x34 (size before relaxing)
 *(.gnu.linkonce.r*)
                0x00802094                . = ALIGN (0x2)
 *fill*         0x00802093        0x1 
                0x00802094                _edata = .
                0x00802094                PROVIDE (__data_end, .)

.bss            0x00802094     0x199e
                0x00802094                PROVIDE (__bss_start, .)
 *(.bss)
 *(.bss*)
 .bss.serial    0x00802094        0x4 main.o
                0x00802094                serial
 .bss.ta        0x00802098      0x3f6 main.o
                0x00802098                ta
 .bss.mall      0x0080248e     0x1580 main.o
                0x0080248e                mall
 .bss.blue      0x00803a0e        0x2 source/color_control.o
                0x00803a0e                blue
 .bss.green     0x00803a10        0x2 source/color_control.o
                0x00803a10                green
 .bss.red       0x00803a12        0x2 source/color_control.o
                0x00803a12                red
 .bss.gyro      0x00803a14        0xa source/gyro_control.o
                0x00803a14                gyro
 .bss.data      0x00803a1e        0x1 source/motor_control.o
                0x00803a1e                data
 .bss.motor_spi
                0x00803a1f        0x4 source/motor_control.o
                0x00803a1f                motor_spi
 .bss.bblk      0x00803a23        0x1 source/mv_control.o
                0x00803a23                bblk
 .bss.mv        0x00803a24        0x4 source/mv_control.o
                0x00803a24                mv
 .bss.vl        0x00803a28        0xa source/vl53lox.o
                0x00803a28                vl
 *(COMMON)
                0x00803a32                PROVIDE (__bss_end, .)
                0x00012d72                __data_load_start = LOADADDR (.data)
                0x00012e06                __data_load_end = (__data_load_start + SIZEOF (.data))

.noinit         0x00803a32        0x0
                [!provide]                PROVIDE (__noinit_start, .)
 *(.noinit*)
                [!provide]                PROVIDE (__noinit_end, .)
                0x00803a32                _end = .
                [!provide]                PROVIDE (__heap_start, .)

.eeprom         0x00810000        0x2
 *(.eeprom*)
 .eeprom        0x00810000        0x2 source/action.o
                0x00810002                __eeprom_end = .

.fuse
 *(.fuse)
 *(.lfuse)
 *(.hfuse)
 *(.efuse)

.lock
 *(.lock*)

.signature
 *(.signature*)

.user_signatures
 *(.user_signatures*)

.stab
 *(.stab)

.stabstr
 *(.stabstr)

.stab.excl
 *(.stab.excl)

.stab.exclstr
 *(.stab.exclstr)

.stab.index
 *(.stab.index)

.stab.indexstr
 *(.stab.indexstr)

.comment        0x00000000       0x30
 *(.comment)
 .comment       0x00000000       0x30 main.o
                                 0x31 (size before relaxing)
 .comment       0x00000030       0x31 source/action.o
 .comment       0x00000030       0x31 source/color_control.o
 .comment       0x00000030       0x31 source/gyro_control.o
 .comment       0x00000030       0x31 source/initializing.o
 .comment       0x00000030       0x31 source/lcd_control.o
 .comment       0x00000030       0x31 source/motor_control.o
 .comment       0x00000030       0x31 source/mv_control.o
 .comment       0x00000030       0x31 source/ping_control.o
 .comment       0x00000030       0x31 source/ui_control.o
 .comment       0x00000030       0x31 source/vl53lox.o
 .comment       0x00000030       0x31 source/xmega_spi.o
 .comment       0x00000030       0x31 source/xmega_twi.o
 .comment       0x00000030       0x31 source/xmega_usart.o

.note.gnu.avr.deviceinfo
                0x00000000       0x40
 .note.gnu.avr.deviceinfo
                0x00000000       0x40 C:/Program Files (x86)/Atmel/Studio/7.0/Packs/atmel/XMEGAA_DFP/1.1.68/gcc/dev/atxmega128a1u/avrxmega7/crtatxmega128a1u.o

.note.gnu.build-id
 *(.note.gnu.build-id)

.debug
 *(.debug)

.line
 *(.line)

.debug_srcinfo
 *(.debug_srcinfo)

.debug_sfnames
 *(.debug_sfnames)

.debug_aranges  0x00000000      0x540
 *(.debug_aranges)
 .debug_aranges
                0x00000000       0x88 main.o
 .debug_aranges
                0x00000088       0x38 source/action.o
 .debug_aranges
                0x000000c0       0x38 source/color_control.o
 .debug_aranges
                0x000000f8       0x70 source/gyro_control.o
 .debug_aranges
                0x00000168       0x40 source/initializing.o
 .debug_aranges
                0x000001a8       0x40 source/lcd_control.o
 .debug_aranges
                0x000001e8       0xa0 source/motor_control.o
 .debug_aranges
                0x00000288       0x58 source/mv_control.o
 .debug_aranges
                0x000002e0       0x48 source/ping_control.o
 .debug_aranges
                0x00000328       0x50 source/ui_control.o
 .debug_aranges
                0x00000378       0xe0 source/vl53lox.o
 .debug_aranges
                0x00000458       0x30 source/xmega_spi.o
 .debug_aranges
                0x00000488       0x60 source/xmega_twi.o
 .debug_aranges
                0x000004e8       0x58 source/xmega_usart.o

.debug_pubnames
 *(.debug_pubnames)

.debug_info     0x00000000    0x236b8
 *(.debug_info .gnu.linkonce.wi.*)
 .debug_info    0x00000000     0x3e5a C:/Program Files (x86)/Atmel/Studio/7.0/Packs/atmel/XMEGAA_DFP/1.1.68/gcc/dev/atxmega128a1u/avrxmega7/crtatxmega128a1u.o
 .debug_info    0x00003e5a    0x12e89 main.o
 .debug_info    0x00016ce3      0x720 source/action.o
 .debug_info    0x00017403      0x530 source/color_control.o
 .debug_info    0x00017933     0x17c1 source/gyro_control.o
 .debug_info    0x000190f4      0x646 source/initializing.o
 .debug_info    0x0001973a      0xf4a source/lcd_control.o
 .debug_info    0x0001a684     0x22db source/motor_control.o
 .debug_info    0x0001c95f      0xe06 source/mv_control.o
 .debug_info    0x0001d765      0xeeb source/ping_control.o
 .debug_info    0x0001e650      0xe89 source/ui_control.o
 .debug_info    0x0001f4d9     0x2bb2 source/vl53lox.o
 .debug_info    0x0002208b      0x411 source/xmega_spi.o
 .debug_info    0x0002249c      0x6cc source/xmega_twi.o
 .debug_info    0x00022b68      0xb50 source/xmega_usart.o

.debug_abbrev   0x00000000     0x6181
 *(.debug_abbrev)
 .debug_abbrev  0x00000000     0x3b0e C:/Program Files (x86)/Atmel/Studio/7.0/Packs/atmel/XMEGAA_DFP/1.1.68/gcc/dev/atxmega128a1u/avrxmega7/crtatxmega128a1u.o
 .debug_abbrev  0x00003b0e      0x4db main.o
 .debug_abbrev  0x00003fe9      0x1e5 source/action.o
 .debug_abbrev  0x000041ce      0x1c2 source/color_control.o
 .debug_abbrev  0x00004390      0x2cb source/gyro_control.o
 .debug_abbrev  0x0000465b      0x14c source/initializing.o
 .debug_abbrev  0x000047a7      0x24c source/lcd_control.o
 .debug_abbrev  0x000049f3      0x4b3 source/motor_control.o
 .debug_abbrev  0x00004ea6      0x3ab source/mv_control.o
 .debug_abbrev  0x00005251      0x323 source/ping_control.o
 .debug_abbrev  0x00005574      0x2a5 source/ui_control.o
 .debug_abbrev  0x00005819      0x38f source/vl53lox.o
 .debug_abbrev  0x00005ba8      0x1b0 source/xmega_spi.o
 .debug_abbrev  0x00005d58      0x217 source/xmega_twi.o
 .debug_abbrev  0x00005f6f      0x212 source/xmega_usart.o

.debug_line     0x00000000     0x8371
 *(.debug_line .debug_line.* .debug_line_end)
 .debug_line    0x00000000      0x3b5 C:/Program Files (x86)/Atmel/Studio/7.0/Packs/atmel/XMEGAA_DFP/1.1.68/gcc/dev/atxmega128a1u/avrxmega7/crtatxmega128a1u.o
 .debug_line    0x000003b5     0x3fe3 main.o
 .debug_line    0x00004398      0x459 source/action.o
 .debug_line    0x000047f1      0x292 source/color_control.o
 .debug_line    0x00004a83      0x5b4 source/gyro_control.o
 .debug_line    0x00005037      0x224 source/initializing.o
 .debug_line    0x0000525b      0x481 source/lcd_control.o
 .debug_line    0x000056dc      0xb3c source/motor_control.o
 .debug_line    0x00006218      0x4c2 source/mv_control.o
 .debug_line    0x000066da      0x324 source/ping_control.o
 .debug_line    0x000069fe      0x3b0 source/ui_control.o
 .debug_line    0x00006dae      0xd17 source/vl53lox.o
 .debug_line    0x00007ac5      0x181 source/xmega_spi.o
 .debug_line    0x00007c46      0x35d source/xmega_twi.o
 .debug_line    0x00007fa3      0x3ce source/xmega_usart.o

.debug_frame    0x00000000     0x118c
 *(.debug_frame)
 .debug_frame   0x00000000      0x3b0 main.o
 .debug_frame   0x000003b0       0x74 source/action.o
 .debug_frame   0x00000424       0x64 source/color_control.o
 .debug_frame   0x00000488      0x130 source/gyro_control.o
 .debug_frame   0x000005b8       0x64 source/initializing.o
 .debug_frame   0x0000061c      0x10c source/lcd_control.o
 .debug_frame   0x00000728      0x1f0 source/motor_control.o
 .debug_frame   0x00000918       0xb0 source/mv_control.o
 .debug_frame   0x000009c8       0x94 source/ping_control.o
 .debug_frame   0x00000a5c       0xd4 source/ui_control.o
 .debug_frame   0x00000b30      0x358 source/vl53lox.o
 .debug_frame   0x00000e88       0x44 source/xmega_spi.o
 .debug_frame   0x00000ecc      0x124 source/xmega_twi.o
 .debug_frame   0x00000ff0      0x19c source/xmega_usart.o

.debug_str      0x00000000     0x4f04
 *(.debug_str)
 .debug_str     0x00000000     0x2969 C:/Program Files (x86)/Atmel/Studio/7.0/Packs/atmel/XMEGAA_DFP/1.1.68/gcc/dev/atxmega128a1u/avrxmega7/crtatxmega128a1u.o
 .debug_str     0x00002969      0x9f2 main.o
                                0xa9f (size before relaxing)
 .debug_str     0x0000335b       0xd0 source/action.o
                                0x3f3 (size before relaxing)
 .debug_str     0x0000342b       0x8e source/color_control.o
                                0x390 (size before relaxing)
 .debug_str     0x000034b9      0x271 source/gyro_control.o
                                0x799 (size before relaxing)
 .debug_str     0x0000372a      0x377 source/initializing.o
                                0x670 (size before relaxing)
 .debug_str     0x00003aa1       0x7d source/lcd_control.o
                                0x4d4 (size before relaxing)
 .debug_str     0x00003b1e      0x34b source/motor_control.o
                                0x915 (size before relaxing)
 .debug_str     0x00003e69       0xdd source/mv_control.o
                                0x79f (size before relaxing)
 .debug_str     0x00003f46      0x42f source/ping_control.o
                                0x8ee (size before relaxing)
 .debug_str     0x00004375      0x1a0 source/ui_control.o
                                0x8ba (size before relaxing)
 .debug_str     0x00004515      0x7d9 source/vl53lox.o
                                0xeb9 (size before relaxing)
 .debug_str     0x00004cee       0x64 source/xmega_spi.o
                                0x3f4 (size before relaxing)
 .debug_str     0x00004d52      0x15e source/xmega_twi.o
                                0x4fe (size before relaxing)
 .debug_str     0x00004eb0       0x54 source/xmega_usart.o
                                0x46c (size before relaxing)

.debug_loc      0x00000000     0xe7f8
 *(.debug_loc)
 .debug_loc     0x00000000     0x91c9 main.o
 .debug_loc     0x000091c9      0x3fb source/action.o
 .debug_loc     0x000095c4      0x239 source/color_control.o
 .debug_loc     0x000097fd      0x95b source/gyro_control.o
 .debug_loc     0x0000a158      0x76d source/lcd_control.o
 .debug_loc     0x0000a8c5      0xcff source/motor_control.o
 .debug_loc     0x0000b5c4      0x5a8 source/mv_control.o
 .debug_loc     0x0000bb6c      0x41a source/ping_control.o
 .debug_loc     0x0000bf86      0x5b4 source/ui_control.o
 .debug_loc     0x0000c53a     0x131f source/vl53lox.o
 .debug_loc     0x0000d859       0xa7 source/xmega_spi.o
 .debug_loc     0x0000d900      0x58b source/xmega_twi.o
 .debug_loc     0x0000de8b      0x96d source/xmega_usart.o

.debug_macinfo
 *(.debug_macinfo)

.debug_weaknames
 *(.debug_weaknames)

.debug_funcnames
 *(.debug_funcnames)

.debug_typenames
 *(.debug_typenames)

.debug_varnames
 *(.debug_varnames)

.debug_pubtypes
 *(.debug_pubtypes)

.debug_ranges   0x00000000      0xa60
 *(.debug_ranges)
 .debug_ranges  0x00000000      0x548 main.o
 .debug_ranges  0x00000548       0x28 source/action.o
 .debug_ranges  0x00000570       0x28 source/color_control.o
 .debug_ranges  0x00000598       0x60 source/gyro_control.o
 .debug_ranges  0x000005f8       0x30 source/initializing.o
 .debug_ranges  0x00000628       0x30 source/lcd_control.o
 .debug_ranges  0x00000658       0xa8 source/motor_control.o
 .debug_ranges  0x00000700       0x88 source/mv_control.o
 .debug_ranges  0x00000788       0x38 source/ping_control.o
 .debug_ranges  0x000007c0       0xb8 source/ui_control.o
 .debug_ranges  0x00000878      0x130 source/vl53lox.o
 .debug_ranges  0x000009a8       0x20 source/xmega_spi.o
 .debug_ranges  0x000009c8       0x50 source/xmega_twi.o
 .debug_ranges  0x00000a18       0x48 source/xmega_usart.o

.debug_macro
 *(.debug_macro)
OUTPUT(Aquila.elf elf32-avr)
LOAD linker stubs
