Archive member included to satisfy reference by file (symbol)

c:/program files (x86)/atmel/studio/7.0/toolchain/avr8/avr8-gnu-toolchain/bin/../lib/gcc/avr/5.4.0/../../../../avr/lib/avrxmega7\libm.a(addsf3.o)
                              source/motor_control.o (__subsf3)
c:/program files (x86)/atmel/studio/7.0/toolchain/avr8/avr8-gnu-toolchain/bin/../lib/gcc/avr/5.4.0/../../../../avr/lib/avrxmega7\libm.a(addsf3x.o)
                              c:/program files (x86)/atmel/studio/7.0/toolchain/avr8/avr8-gnu-toolchain/bin/../lib/gcc/avr/5.4.0/../../../../avr/lib/avrxmega7\libm.a(addsf3.o) (__addsf3x)
c:/program files (x86)/atmel/studio/7.0/toolchain/avr8/avr8-gnu-toolchain/bin/../lib/gcc/avr/5.4.0/../../../../avr/lib/avrxmega7\libm.a(cmpsf2.o)
                              source/xmega_usart.o (__eqsf2)
c:/program files (x86)/atmel/studio/7.0/toolchain/avr8/avr8-gnu-toolchain/bin/../lib/gcc/avr/5.4.0/../../../../avr/lib/avrxmega7\libm.a(divsf3.o)
                              source/xmega_usart.o (__divsf3)
c:/program files (x86)/atmel/studio/7.0/toolchain/avr8/avr8-gnu-toolchain/bin/../lib/gcc/avr/5.4.0/../../../../avr/lib/avrxmega7\libm.a(divsf3x.o)
                              c:/program files (x86)/atmel/studio/7.0/toolchain/avr8/avr8-gnu-toolchain/bin/../lib/gcc/avr/5.4.0/../../../../avr/lib/avrxmega7\libm.a(divsf3.o) (__divsf3x)
c:/program files (x86)/atmel/studio/7.0/toolchain/avr8/avr8-gnu-toolchain/bin/../lib/gcc/avr/5.4.0/../../../../avr/lib/avrxmega7\libm.a(fixsfsi.o)
                              source/gyro_control.o (__fixsfsi)
c:/program files (x86)/atmel/studio/7.0/toolchain/avr8/avr8-gnu-toolchain/bin/../lib/gcc/avr/5.4.0/../../../../avr/lib/avrxmega7\libm.a(fixunssfsi.o)
                              source/gyro_control.o (__fixunssfsi)
c:/program files (x86)/atmel/studio/7.0/toolchain/avr8/avr8-gnu-toolchain/bin/../lib/gcc/avr/5.4.0/../../../../avr/lib/avrxmega7\libm.a(floatsisf.o)
                              source/sermo_control.o (__floatunsisf)
c:/program files (x86)/atmel/studio/7.0/toolchain/avr8/avr8-gnu-toolchain/bin/../lib/gcc/avr/5.4.0/../../../../avr/lib/avrxmega7\libm.a(fmod.o)
                              source/xmega_usart.o (fmod)
c:/program files (x86)/atmel/studio/7.0/toolchain/avr8/avr8-gnu-toolchain/bin/../lib/gcc/avr/5.4.0/../../../../avr/lib/avrxmega7\libm.a(fp_cmp.o)
                              c:/program files (x86)/atmel/studio/7.0/toolchain/avr8/avr8-gnu-toolchain/bin/../lib/gcc/avr/5.4.0/../../../../avr/lib/avrxmega7\libm.a(cmpsf2.o) (__fp_cmp)
c:/program files (x86)/atmel/studio/7.0/toolchain/avr8/avr8-gnu-toolchain/bin/../lib/gcc/avr/5.4.0/../../../../avr/lib/avrxmega7\libm.a(fp_inf.o)
                              c:/program files (x86)/atmel/studio/7.0/toolchain/avr8/avr8-gnu-toolchain/bin/../lib/gcc/avr/5.4.0/../../../../avr/lib/avrxmega7\libm.a(addsf3x.o) (__fp_inf)
c:/program files (x86)/atmel/studio/7.0/toolchain/avr8/avr8-gnu-toolchain/bin/../lib/gcc/avr/5.4.0/../../../../avr/lib/avrxmega7\libm.a(fp_mpack.o)
                              c:/program files (x86)/atmel/studio/7.0/toolchain/avr8/avr8-gnu-toolchain/bin/../lib/gcc/avr/5.4.0/../../../../avr/lib/avrxmega7\libm.a(fmod.o) (__fp_mpack)
c:/program files (x86)/atmel/studio/7.0/toolchain/avr8/avr8-gnu-toolchain/bin/../lib/gcc/avr/5.4.0/../../../../avr/lib/avrxmega7\libm.a(fp_nan.o)
                              c:/program files (x86)/atmel/studio/7.0/toolchain/avr8/avr8-gnu-toolchain/bin/../lib/gcc/avr/5.4.0/../../../../avr/lib/avrxmega7\libm.a(addsf3x.o) (__fp_nan)
c:/program files (x86)/atmel/studio/7.0/toolchain/avr8/avr8-gnu-toolchain/bin/../lib/gcc/avr/5.4.0/../../../../avr/lib/avrxmega7\libm.a(fp_pscA.o)
                              c:/program files (x86)/atmel/studio/7.0/toolchain/avr8/avr8-gnu-toolchain/bin/../lib/gcc/avr/5.4.0/../../../../avr/lib/avrxmega7\libm.a(addsf3x.o) (__fp_pscA)
c:/program files (x86)/atmel/studio/7.0/toolchain/avr8/avr8-gnu-toolchain/bin/../lib/gcc/avr/5.4.0/../../../../avr/lib/avrxmega7\libm.a(fp_pscB.o)
                              c:/program files (x86)/atmel/studio/7.0/toolchain/avr8/avr8-gnu-toolchain/bin/../lib/gcc/avr/5.4.0/../../../../avr/lib/avrxmega7\libm.a(addsf3x.o) (__fp_pscB)
c:/program files (x86)/atmel/studio/7.0/toolchain/avr8/avr8-gnu-toolchain/bin/../lib/gcc/avr/5.4.0/../../../../avr/lib/avrxmega7\libm.a(fp_round.o)
                              c:/program files (x86)/atmel/studio/7.0/toolchain/avr8/avr8-gnu-toolchain/bin/../lib/gcc/avr/5.4.0/../../../../avr/lib/avrxmega7\libm.a(addsf3.o) (__fp_round)
c:/program files (x86)/atmel/studio/7.0/toolchain/avr8/avr8-gnu-toolchain/bin/../lib/gcc/avr/5.4.0/../../../../avr/lib/avrxmega7\libm.a(fp_split3.o)
                              c:/program files (x86)/atmel/studio/7.0/toolchain/avr8/avr8-gnu-toolchain/bin/../lib/gcc/avr/5.4.0/../../../../avr/lib/avrxmega7\libm.a(addsf3x.o) (__fp_split3)
[...]
Memory Configuration

Name             Origin             Length             Attributes
text             0x00000000         0x00100000         xr
data             0x00802000         0x0000ffa0         rw !x
eeprom           0x00810000         0x00010000         rw !x
fuse             0x00820000         0x00000006         rw !x
lock             0x00830000         0x00000400         rw !x
signature        0x00840000         0x00000400         rw !x
user_signatures  0x00850000         0x00000400         rw !x
*default*        0x00000000         0xffffffff

Linker script and memory map

LOAD C:/Program Files (x86)/Atmel/Studio/7.0/Packs/atmel/XMEGAA_DFP/1.1.68/gcc/dev/atxmega128a1u/avrxmega7/crtatxmega128a1u.o
LOAD main.o
LOAD source/action.o
LOAD source/color_control.o
LOAD source/gyro_control.o
LOAD source/initializing.o
LOAD source/lcd_control.o
LOAD source/motor_control.o
LOAD source/mv_control.o
LOAD source/ping_control.o
LOAD source/sermo_control.o
LOAD source/ui_control.o
LOAD source/vl53lox.o
LOAD source/xmega_spi.o
LOAD source/xmega_twi.o
LOAD source/xmega_usart.o
START GROUP
LOAD c:/program files (x86)/atmel/studio/7.0/toolchain/avr8/avr8-gnu-toolchain/bin/../lib/gcc/avr/5.4.0/../../../../avr/lib/avrxmega7\libm.a
END GROUP
LOAD c:/program files (x86)/atmel/studio/7.0/toolchain/avr8/avr8-gnu-toolchain/bin/../lib/gcc/avr/5.4.0/avrxmega7\libgcc.a
LOAD c:/program files (x86)/atmel/studio/7.0/toolchain/avr8/avr8-gnu-toolchain/bin/../lib/gcc/avr/5.4.0/../../../../avr/lib/avrxmega7\libm.a
START GROUP
LOAD c:/program files (x86)/atmel/studio/7.0/toolchain/avr8/avr8-gnu-toolchain/bin/../lib/gcc/avr/5.4.0/avrxmega7\libgcc.a
LOAD c:/program files (x86)/atmel/studio/7.0/toolchain/avr8/avr8-gnu-toolchain/bin/../lib/gcc/avr/5.4.0/../../../../avr/lib/avrxmega7\libm.a
LOAD c:/program files (x86)/atmel/studio/7.0/toolchain/avr8/avr8-gnu-toolchain/bin/../lib/gcc/avr/5.4.0/../../../../avr/lib/avrxmega7\libc.a
LOAD C:/Program Files (x86)/Atmel/Studio/7.0/Packs/atmel/XMEGAA_DFP/1.1.68/gcc/dev/atxmega128a1u/avrxmega7\libatxmega128a1u.a
END GROUP
                0x00100000                __TEXT_REGION_LENGTH__ = DEFINED (__TEXT_REGION_LENGTH__)?__TEXT_REGION_LENGTH__:0x100000
                0x0000ffa0                __DATA_REGION_LENGTH__ = DEFINED (__DATA_REGION_LENGTH__)?__DATA_REGION_LENGTH__:0xffa0
                0x00010000                __EEPROM_REGION_LENGTH__ = DEFINED (__EEPROM_REGION_LENGTH__)?__EEPROM_REGION_LENGTH__:0x10000
                [0x00000006]                __FUSE_REGION_LENGTH__ = DEFINED (__FUSE_REGION_LENGTH__)?__FUSE_REGION_LENGTH__:0x400
                0x00000400                __LOCK_REGION_LENGTH__ = DEFINED (__LOCK_REGION_LENGTH__)?__LOCK_REGION_LENGTH__:0x400
                0x00000400                __SIGNATURE_REGION_LENGTH__ = DEFINED (__SIGNATURE_REGION_LENGTH__)?__SIGNATURE_REGION_LENGTH__:0x400
                0x00000400                __USER_SIGNATURE_REGION_LENGTH__ = DEFINED (__USER_SIGNATURE_REGION_LENGTH__)?__USER_SIGNATURE_REGION_LENGTH__:0x400

.hash
 *(.hash)

.dynsym
 *(.dynsym)

.dynstr
 *(.dynstr)

.gnu.version
 *(.gnu.version)

.gnu.version_d
 *(.gnu.version_d)

.gnu.version_r
 *(.gnu.version_r)

.rel.init
 *(.rel.init)

.rela.init
 *(.rela.init)

.rel.text
 *(.rel.text)
 *(.rel.text.*)
 *(.rel.gnu.linkonce.t*)

.rela.text
 *(.rela.text)
 *(.rela.text.*)
 *(.rela.gnu.linkonce.t*)

.rel.fini
 *(.rel.fini)

.rela.fini
 *(.rela.fini)

.rel.rodata
 *(.rel.rodata)
 *(.rel.rodata.*)
 *(.rel.gnu.linkonce.r*)

.rela.rodata
 *(.rela.rodata)
 *(.rela.rodata.*)
 *(.rela.gnu.linkonce.r*)

.rel.data
 *(.rel.data)
 *(.rel.data.*)
 *(.rel.gnu.linkonce.d*)

.rela.data
 *(.rela.data)
 *(.rela.data.*)
 *(.rela.gnu.linkonce.d*)

.rel.ctors
 *(.rel.ctors)

.rela.ctors
 *(.rela.ctors)

.rel.dtors
 *(.rel.dtors)

.rela.dtors
 *(.rela.dtors)

.rel.got
 *(.rel.got)

.rela.got
 *(.rela.got)

.rel.bss
 *(.rel.bss)

.rela.bss
 *(.rela.bss)

.rel.plt
 *(.rel.plt)

.rela.plt
 *(.rela.plt)

.text           0x00000000     0x295a
 *(.vectors)
 .vectors       0x00000000      0x1fc C:/Program Files (x86)/Atmel/Studio/7.0/Packs/atmel/XMEGAA_DFP/1.1.68/gcc/dev/atxmega128a1u/avrxmega7/crtatxmega128a1u.o
                0x00000000                __vector_default
                0x00000000                __vectors
 *(.vectors)
 *(.progmem.gcc*)
 .progmem.gcc_fplib
                0x000001fc       0x5a c:/program files (x86)/atmel/studio/7.0/toolchain/avr8/avr8-gnu-toolchain/bin/../lib/gcc/avr/5.4.0/../../../../avr/lib/avrxmega7\libm.a(log.o)
 .progmem.gcc_fplib
                0x00000256       0x28 c:/program files (x86)/atmel/studio/7.0/toolchain/avr8/avr8-gnu-toolchain/bin/../lib/gcc/avr/5.4.0/../../../../avr/lib/avrxmega7\libm.a(exp.o)
                0x0000027e                . = ALIGN (0x2)
                0x0000027e                __trampolines_start = .
 *(.trampolines)
 .trampolines   0x0000027e       0x14 linker stubs
 *(.trampolines*)
                0x00000292                __trampolines_end = .
 *libprintf_flt.a:*(.progmem.data)
 *libc.a:*(.progmem.data)
 *(.progmem*)
                0x00000292                . = ALIGN (0x2)
 *(.jumptables)
 *(.jumptables*)
 *(.lowtext)
 *(.lowtext*)
                0x00000292                __ctors_start = .
 *(.ctors)
 .ctors         0x00000292        0x2 main.o
 .ctors         0x00000294        0x2 source/gyro_control.o
 .ctors         0x00000296        0x2 source/motor_control.o
 .ctors         0x00000298        0x2 source/mv_control.o
 .ctors         0x0000029a        0x2 source/vl53lox.o
                0x0000029c                __ctors_end = .
                0x0000029c                __dtors_start = .
 *(.dtors)
                0x0000029c                __dtors_end = .
 SORT(*)(.ctors)
 SORT(*)(.dtors)
 *(.init0)
 .init0         0x0000029c        0x0 C:/Program Files (x86)/Atmel/Studio/7.0/Packs/atmel/XMEGAA_DFP/1.1.68/gcc/dev/atxmega128a1u/avrxmega7/crtatxmega128a1u.o
                0x0000029c                __init
 *(.init0)
 *(.init1)
 *(.init1)
 *(.init2)
 .init2         0x0000029c       0x18 C:/Program Files (x86)/Atmel/Studio/7.0/Packs/atmel/XMEGAA_DFP/1.1.68/gcc/dev/atxmega128a1u/avrxmega7/crtatxmega128a1u.o
 *(.init2)
 *(.init3)
 *(.init3)
 *(.init4)
 .init4         0x000002b4       0x1c c:/program files (x86)/atmel/studio/7.0/toolchain/avr8/avr8-gnu-toolchain/bin/../lib/gcc/avr/5.4.0/avrxmega7\libgcc.a(_copy_data.o)
                0x000002b4                __do_copy_data
 .init4         0x000002d0       0x10 c:/program files (x86)/atmel/studio/7.0/toolchain/avr8/avr8-gnu-toolchain/bin/../lib/gcc/avr/5.4.0/avrxmega7\libgcc.a(_clear_bss.o)
                0x000002d0                __do_clear_bss
 *(.init4)
 *(.init5)
 *(.init5)
 *(.init6)
 .init6         0x000002e0       0x20 c:/program files (x86)/atmel/studio/7.0/toolchain/avr8/avr8-gnu-toolchain/bin/../lib/gcc/avr/5.4.0/avrxmega7\libgcc.a(_ctors.o)
                0x000002e0                __do_global_ctors
 *(.init6)
 *(.init7)
 *(.init7)
 *(.init8)
 *(.init8)
 *(.init9)
 .init9         0x00000300        0x8 C:/Program Files (x86)/Atmel/Studio/7.0/Packs/atmel/XMEGAA_DFP/1.1.68/gcc/dev/atxmega128a1u/avrxmega7/crtatxmega128a1u.o
 *(.init9)
 *(.text)
 .text          0x00000308        0x4 C:/Program Files (x86)/Atmel/Studio/7.0/Packs/atmel/XMEGAA_DFP/1.1.68/gcc/dev/atxmega128a1u/avrxmega7/crtatxmega128a1u.o
                0x00000308                __vector_38
                0x00000308                __vector_104
                0x00000308                __vector_22
                0x00000308                __vector_63
                0x00000308                __vector_28
                0x00000308                __vector_67
                0x00000308                __vector_1
                0x00000308                __vector_119
                0x00000308                __vector_32
                0x00000308                __vector_75
                0x00000308                __vector_71
                0x00000308                __vector_91
                0x00000308                __vector_34
                0x00000308                __vector_62
                0x00000308                __vector_102
                0x00000308                __vector_24
                0x00000308                __vector_12
                0x00000308                __vector_55
                0x00000308                __vector_69
                0x00000308                __vector_81
                0x00000308                __vector_90
                0x00000308                __vector_46
                0x00000308                __bad_interrupt
                0x00000308                __vector_122
                0x00000308                __vector_72
                0x00000308                __vector_114
                0x00000308                __vector_6
                0x00000308                __vector_110
                0x00000308                __vector_31
                0x00000308                __vector_92
                0x00000308                __vector_35
                0x00000308                __vector_78
                0x00000308                __vector_74
                0x00000308                __vector_117
                0x00000308                __vector_39
                0x00000308                __vector_107
                0x00000308                __vector_3
                0x00000308                __vector_105
                0x00000308                __vector_98
                0x00000308                __vector_23
                0x00000308                __vector_68
                0x00000308                __vector_30
                0x00000308                __vector_73
                0x00000308                __vector_45
                0x00000308                __vector_25
                0x00000308                __vector_93
                0x00000308                __vector_61
                0x00000308                __vector_11
                0x00000308                __vector_54
                0x00000308                __vector_99
                0x00000308                __vector_13
                0x00000308                __vector_17
                0x00000308                __vector_19
                0x00000308                __vector_56
                0x00000308                __vector_7
                0x00000308                __vector_125
                0x00000308                __vector_49
                0x00000308                __vector_123
                0x00000308                __vector_41
                0x00000308                __vector_86
                0x00000308                __vector_100
                0x00000308                __vector_101
                0x00000308                __vector_64
                0x00000308                __vector_88
                0x00000308                __vector_109
                0x00000308                __vector_43
                0x00000308                __vector_27
                0x00000308                __vector_5
                0x00000308                __vector_113
                0x00000308                __vector_33
                0x00000308                __vector_76
                0x00000308                __vector_115
                0x00000308                __vector_47
                0x00000308                __vector_52
                0x00000308                __vector_37
                0x00000308                __vector_95
                0x00000308                __vector_103
                0x00000308                __vector_96
                0x00000308                __vector_89
                0x00000308                __vector_108
                0x00000308                __vector_4
                0x00000308                __vector_44
                0x00000308                __vector_82
                0x00000308                __vector_106
                0x00000308                __vector_118
                0x00000308                __vector_51
                0x00000308                __vector_9
                0x00000308                __vector_2
                0x00000308                __vector_21
                0x00000308                __vector_15
                0x00000308                __vector_66
                0x00000308                __vector_36
                0x00000308                __vector_79
                0x00000308                __vector_58
                0x00000308                __vector_70
                0x00000308                __vector_83
                0x00000308                __vector_29
                0x00000308                __vector_60
                0x00000308                __vector_121
                0x00000308                __vector_40
                0x00000308                __vector_85
                0x00000308                __vector_94
                0x00000308                __vector_126
                0x00000308                __vector_8
                0x00000308                __vector_26
                0x00000308                __vector_48
                0x00000308                __vector_124
                0x00000308                __vector_116
                0x00000308                __vector_112
                0x00000308                __vector_111
                0x00000308                __vector_80
                0x00000308                __vector_14
                0x00000308                __vector_84
                0x00000308                __vector_57
                0x00000308                __vector_53
                0x00000308                __vector_10
                0x00000308                __vector_50
                0x00000308                __vector_16
                0x00000308                __vector_59
                0x00000308                __vector_18
                0x00000308                __vector_97
                0x00000308                __vector_20
                0x00000308                __vector_42
                0x00000308                __vector_87
                0x00000308                __vector_65
                0x00000308                __vector_120
                0x0000030c                . = ALIGN (0x2)
 *(.text.*)
 .text.main     0x0000030c       0x62 main.o
                0x0000030c                main
 .text._GLOBAL__sub_I_st
                0x0000036e      0xd66 main.o
 .text._Z13finded_victimh
                0x000010d4       0xfe source/action.o
                0x000010d4                _Z13finded_victimh
 .text._Z10init_colorv
                0x000011d2        0x8 source/color_control.o
                0x000011d2                _Z10init_colorv
 .text._Z7acc_mesv
                0x000011da      0x1f4 source/gyro_control.o
                0x000011da                _Z7acc_mesv
 .text._GLOBAL__sub_I_gyro
                0x000013ce       0x16 source/gyro_control.o
 .text._Z10init_clockv
                0x000013e4       0x2c source/initializing.o
                0x000013e4                _Z10init_clockv
 .text._Z3rtcv  0x00001410       0x1e source/initializing.o
                0x00001410                _Z3rtcv
 .text._Z8init_avrv
                0x0000142e       0x1e source/initializing.o
                0x0000142e                _Z8init_avrv
 .text._Z8init_allv
                0x0000144c       0x1a source/initializing.o
                0x0000144c                _Z8init_allv
 .text._Z8init_lcdv
                0x00001466      0x29a source/lcd_control.o
                0x00001466                _Z8init_lcdv
 .text._Z10lcd_putstrP10TWI_structPKc
                0x00001700       0xc4 source/lcd_control.o
                0x00001700                _Z10lcd_putstrP10TWI_structPKc
 .text._Z9lcd_clearv
                0x000017c4       0x66 source/lcd_control.o
                0x000017c4                _Z9lcd_clearv
 .text._Z10init_motorv
                0x0000182a       0x10 source/motor_control.o
                0x0000182a                _Z10init_motorv
 .text._Z4mspihh
                0x0000183a       0x38 source/motor_control.o
                0x0000183a                _Z4mspihh
 .text._ZN5motor4waitEb
                0x00001872      0x14a source/motor_control.o
                0x00001872                _ZN5motor4waitEb
 .text._GLOBAL__sub_I_motor_spi
                0x000019bc       0x14 source/motor_control.o
 .text._Z7init_mvv
                0x000019d0       0x1c source/mv_control.o
                0x000019d0                _Z7init_mvv
 .text._Z6mv_caphb
                0x000019ec       0x48 source/mv_control.o
                0x000019ec                _Z6mv_caphb
 .text._Z11mv_spi_sendhh
                0x00001a34       0xd6 source/mv_control.o
                0x00001a34                _Z11mv_spi_sendhh
 .text._Z8check_mvh
                0x00001b0a      0x11c source/mv_control.o
                0x00001b0a                _Z8check_mvh
 .text._GLOBAL__sub_I_mv
                0x00001c26       0x18 source/mv_control.o
 .text.__vector_77
                0x00001c3e       0x1e source/ui_control.o
                0x00001c3e                __vector_77
 .text._Z8delay_usj
                0x00001c5c       0x18 source/ui_control.o
                0x00001c5c                _Z8delay_usj
 .text._Z6buzzerj
                0x00001c74       0x66 source/ui_control.o
                0x00001c74                _Z6buzzerj
 .text._Z3ledhh
                0x00001cda       0x1c source/ui_control.o
                0x00001cda                _Z3ledhh
 .text._Z9error_ledhh
                0x00001cf6       0x4e source/ui_control.o
                0x00001cf6                _Z9error_ledhh
 .text._GLOBAL__sub_I_vl
                0x00001d44       0x16 source/vl53lox.o
 .text._ZN3spiC2EP10SPI_structP11PORT_struct18SPI_PRESCALER_enum
                0x00001d5a       0x28 source/xmega_spi.o
                0x00001d5a                _ZN3spiC1EP10SPI_structP11PORT_struct18SPI_PRESCALER_enum
                0x00001d5a                _ZN3spiC2EP10SPI_structP11PORT_struct18SPI_PRESCALER_enum
 .text._ZN3spi4sendEh
                0x00001d82       0x20 source/xmega_spi.o
                0x00001d82                _ZN3spi4sendEh
 .text._ZN3twiC2EP10TWI_structm
                0x00001da2       0x5e source/xmega_twi.o
                0x00001da2                _ZN3twiC1EP10TWI_structm
                0x00001da2                _ZN3twiC2EP10TWI_structm
 .text._ZN3twi10errorCheckEv
                0x00001e00       0x2e source/xmega_twi.o
                0x00001e00                _ZN3twi10errorCheckEv
 .text._ZN3twi7AddressEhh
                0x00001e2e       0x5c source/xmega_twi.o
                0x00001e2e                _ZN3twi7AddressEhh
 .text._ZN3twi11WriteSingleEi
                0x00001e8a       0x48 source/xmega_twi.o
                0x00001e8a                _ZN3twi11WriteSingleEi
 .text._ZN3twi10ReadSingleEh
                0x00001ed2       0x30 source/xmega_twi.o
                0x00001ed2                _ZN3twi10ReadSingleEh
 .text._ZN3twi4StopEv
                0x00001f02       0x24 source/xmega_twi.o
                0x00001f02                _ZN3twi4StopEv
 .text._ZN5usartC2EP12USART_structP11PORT_struct
                0x00001f26       0x44 source/xmega_usart.o
                0x00001f26                _ZN5usartC2EP12USART_structP11PORT_struct
                0x00001f26                _ZN5usartC1EP12USART_structP11PORT_struct
 .text._ZN5usart4sendEc
                0x00001f6a       0x14 source/xmega_usart.o
                0x00001f6a                _ZN5usart4sendEc
 .text._ZN5usart6stringEPKc
                0x00001f7e       0x2a source/xmega_usart.o
                0x00001f7e                _ZN5usart6stringEPKc
 .text._ZN5usart6putdecEj
                0x00001fa8       0xda source/xmega_usart.o
                0x00001fa8                _ZN5usart6putdecEj
 .text._ZN5usart6putintEi
                0x00002082       0xd6 source/xmega_usart.o
                0x00002082                _ZN5usart6putintEi
 .text.avr-libc.fplib
                0x00002158        0xe c:/program files (x86)/atmel/studio/7.0/toolchain/avr8/avr8-gnu-toolchain/bin/../lib/gcc/avr/5.4.0/../../../../avr/lib/avrxmega7\libm.a(addsf3.o)
                0x00002158                __subsf3
                0x0000215a                __addsf3
 .text.avr-libc.fplib
                0x00002166       0xcc c:/program files (x86)/atmel/studio/7.0/toolchain/avr8/avr8-gnu-toolchain/bin/../lib/gcc/avr/5.4.0/../../../../avr/lib/avrxmega7\libm.a(addsf3x.o)
                0x00002188                __addsf3x
 .text.avr-libc.fplib
                0x00002232        0x8 c:/program files (x86)/atmel/studio/7.0/toolchain/avr8/avr8-gnu-toolchain/bin/../lib/gcc/avr/5.4.0/../../../../avr/lib/avrxmega7\libm.a(divsf3.o)
                0x00002232                __divsf3
 .text.avr-libc.fplib
                0x0000223a       0xdc c:/program files (x86)/atmel/studio/7.0/toolchain/avr8/avr8-gnu-toolchain/bin/../lib/gcc/avr/5.4.0/../../../../avr/lib/avrxmega7\libm.a(divsf3x.o)
                0x0000225a                __divsf3x
                0x00002260                __divsf3_pse
 .text.avr-libc.fplib
                0x00002316        0xe c:/program files (x86)/atmel/studio/7.0/toolchain/avr8/avr8-gnu-toolchain/bin/../lib/gcc/avr/5.4.0/../../../../avr/lib/avrxmega7\libm.a(fixsfsi.o)
                0x00002316                __fixsfsi
 .text.avr-libc.fplib
                0x00002324       0x5e c:/program files (x86)/atmel/studio/7.0/toolchain/avr8/avr8-gnu-toolchain/bin/../lib/gcc/avr/5.4.0/../../../../avr/lib/avrxmega7\libm.a(fixunssfsi.o)
                0x00002324                __fixunssfsi
 .text.avr-libc.fplib
                0x00002382       0x7a c:/program files (x86)/atmel/studio/7.0/toolchain/avr8/avr8-gnu-toolchain/bin/../lib/gcc/avr/5.4.0/../../../../avr/lib/avrxmega7\libm.a(floatsisf.o)
                0x00002382                __floatunsisf
                0x00002386                __floatsisf
 .text.avr-libc.fplib
                0x000023fc        0xc c:/program files (x86)/atmel/studio/7.0/toolchain/avr8/avr8-gnu-toolchain/bin/../lib/gcc/avr/5.4.0/../../../../avr/lib/avrxmega7\libm.a(fp_inf.o)
                0x000023fc                __fp_inf
 .text.avr-libc.fplib
                0x00002408       0x1c c:/program files (x86)/atmel/studio/7.0/toolchain/avr8/avr8-gnu-toolchain/bin/../lib/gcc/avr/5.4.0/../../../../avr/lib/avrxmega7\libm.a(fp_mpack.o)
                0x00002408                __fp_mpack
                0x0000240c                __fp_mpack_finite
 .text.avr-libc.fplib
                0x00002424        0x6 c:/program files (x86)/atmel/studio/7.0/toolchain/avr8/avr8-gnu-toolchain/bin/../lib/gcc/avr/5.4.0/../../../../avr/lib/avrxmega7\libm.a(fp_nan.o)
                0x00002424                __fp_nan
 .text.avr-libc.fplib
                0x0000242a        0xe c:/program files (x86)/atmel/studio/7.0/toolchain/avr8/avr8-gnu-toolchain/bin/../lib/gcc/avr/5.4.0/../../../../avr/lib/avrxmega7\libm.a(fp_pscA.o)
                0x0000242a                __fp_pscA
 .text.avr-libc.fplib
                0x00002438        0xe c:/program files (x86)/atmel/studio/7.0/toolchain/avr8/avr8-gnu-toolchain/bin/../lib/gcc/avr/5.4.0/../../../../avr/lib/avrxmega7\libm.a(fp_pscB.o)
                0x00002438                __fp_pscB
 .text.avr-libc.fplib
                0x00002446       0x22 c:/program files (x86)/atmel/studio/7.0/toolchain/avr8/avr8-gnu-toolchain/bin/../lib/gcc/avr/5.4.0/../../../../avr/lib/avrxmega7\libm.a(fp_round.o)
                0x00002446                __fp_round
 .text.avr-libc.fplib
                0x00002468       0x44 c:/program files (x86)/atmel/studio/7.0/toolchain/avr8/avr8-gnu-toolchain/bin/../lib/gcc/avr/5.4.0/../../../../avr/lib/avrxmega7\libm.a(fp_split3.o)
                0x00002468                __fp_split3
                0x00002478                __fp_splitA
 .text.avr-libc.fplib
                0x000024ac        0xe c:/program files (x86)/atmel/studio/7.0/toolchain/avr8/avr8-gnu-toolchain/bin/../lib/gcc/avr/5.4.0/../../../../avr/lib/avrxmega7\libm.a(fp_zero.o)
                0x000024ac                __fp_zero
                0x000024ae                __fp_szero
 .text.avr-libc.fplib
                0x000024ba       0x10 c:/program files (x86)/atmel/studio/7.0/toolchain/avr8/avr8-gnu-toolchain/bin/../lib/gcc/avr/5.4.0/../../../../avr/lib/avrxmega7\libm.a(log10.o)
                0x000024ba                log10
 .text.avr-libc.fplib
                0x000024ca       0xa0 c:/program files (x86)/atmel/studio/7.0/toolchain/avr8/avr8-gnu-toolchain/bin/../lib/gcc/avr/5.4.0/../../../../avr/lib/avrxmega7\libm.a(log.o)
                0x000024da                log
 .text.avr-libc.fplib
                0x0000256a        0x8 c:/program files (x86)/atmel/studio/7.0/toolchain/avr8/avr8-gnu-toolchain/bin/../lib/gcc/avr/5.4.0/../../../../avr/lib/avrxmega7\libm.a(mulsf3.o)
                0x0000256a                __mulsf3
 .text.avr-libc.fplib
                0x00002572       0xd2 c:/program files (x86)/atmel/studio/7.0/toolchain/avr8/avr8-gnu-toolchain/bin/../lib/gcc/avr/5.4.0/../../../../avr/lib/avrxmega7\libm.a(mulsf3x.o)
                0x00002590                __mulsf3x
                0x00002596                __mulsf3_pse
 .text.avr-libc.fplib
                0x00002644       0xa0 c:/program files (x86)/atmel/studio/7.0/toolchain/avr8/avr8-gnu-toolchain/bin/../lib/gcc/avr/5.4.0/../../../../avr/lib/avrxmega7\libm.a(pow.o)
                0x00002644                pow
 .text.avr-libc.fplib
                0x000026e4       0x74 c:/program files (x86)/atmel/studio/7.0/toolchain/avr8/avr8-gnu-toolchain/bin/../lib/gcc/avr/5.4.0/../../../../avr/lib/avrxmega7\libm.a(exp.o)
                0x000026f4                exp
 .text.avr-libc.fplib
                0x00002758       0x4e c:/program files (x86)/atmel/studio/7.0/toolchain/avr8/avr8-gnu-toolchain/bin/../lib/gcc/avr/5.4.0/../../../../avr/lib/avrxmega7\libm.a(fp_powser.o)
                0x00002758                __fp_powser
 .text.avr-libc.fplib
                0x000027a6       0x10 c:/program files (x86)/atmel/studio/7.0/toolchain/avr8/avr8-gnu-toolchain/bin/../lib/gcc/avr/5.4.0/../../../../avr/lib/avrxmega7\libm.a(inverse.o)
                0x000027a6                inverse
 .text.avr-libc.fplib
                0x000027b6       0x74 c:/program files (x86)/atmel/studio/7.0/toolchain/avr8/avr8-gnu-toolchain/bin/../lib/gcc/avr/5.4.0/../../../../avr/lib/avrxmega7\libm.a(ldexp.o)
                0x000027be                ldexp
 .text.avr-libc.fplib
                0x0000282a       0x68 c:/program files (x86)/atmel/studio/7.0/toolchain/avr8/avr8-gnu-toolchain/bin/../lib/gcc/avr/5.4.0/../../../../avr/lib/avrxmega7\libm.a(modf.o)
                0x0000282a                modf
                0x0000282a                modff
 .text.libgcc.div
                0x00002892       0x28 c:/program files (x86)/atmel/studio/7.0/toolchain/avr8/avr8-gnu-toolchain/bin/../lib/gcc/avr/5.4.0/avrxmega7\libgcc.a(_divmodhi4.o)
                0x00002892                _div
                0x00002892                __divmodhi4
 .text.libgcc.div
                0x000028ba       0x44 c:/program files (x86)/atmel/studio/7.0/toolchain/avr8/avr8-gnu-toolchain/bin/../lib/gcc/avr/5.4.0/avrxmega7\libgcc.a(_udivmodsi4.o)
                0x000028ba                __udivmodsi4
 .text.libgcc   0x000028fe       0x12 c:/program files (x86)/atmel/studio/7.0/toolchain/avr8/avr8-gnu-toolchain/bin/../lib/gcc/avr/5.4.0/avrxmega7\libgcc.a(_tablejump2.o)
                0x000028fe                __tablejump2__
 .text.libgcc.mul
                0x00002910       0x1e c:/program files (x86)/atmel/studio/7.0/toolchain/avr8/avr8-gnu-toolchain/bin/../lib/gcc/avr/5.4.0/avrxmega7\libgcc.a(_umulhisi3.o)
                0x00002910                __umulhisi3
 .text.libgcc.div
                0x0000292e       0x28 c:/program files (x86)/atmel/studio/7.0/toolchain/avr8/avr8-gnu-toolchain/bin/../lib/gcc/avr/5.4.0/avrxmega7\libgcc.a(_udivmodhi4.o)
                0x0000292e                __udivmodhi4
                0x00002956                . = ALIGN (0x2)
 *(.fini9)
 .fini9         0x00002956        0x0 c:/program files (x86)/atmel/studio/7.0/toolchain/avr8/avr8-gnu-toolchain/bin/../lib/gcc/avr/5.4.0/avrxmega7\libgcc.a(_exit.o)
                0x00002956                _exit
                0x00002956                exit
 *(.fini9)
 *(.fini8)
 *(.fini8)
 *(.fini7)
 *(.fini7)
 *(.fini6)
 *(.fini6)
 *(.fini5)
 *(.fini5)
 *(.fini4)
 *(.fini4)
 *(.fini3)
 *(.fini3)
 *(.fini2)
 *(.fini2)
 *(.fini1)
 *(.fini1)
 *(.fini0)
 .fini0         0x00002956        0x4 c:/program files (x86)/atmel/studio/7.0/toolchain/avr8/avr8-gnu-toolchain/bin/../lib/gcc/avr/5.4.0/avrxmega7\libgcc.a(_exit.o)
 *(.fini0)
                0x0000295a                _etext = .

.data           0x00802000       0x62 load address 0x0000295a
                0x00802000                PROVIDE (__data_start, .)
 *(.data)
 *(.data*)
 *(.gnu.linkonce.d*)
 *(.rodata)
 *(.rodata*)
 .rodata.str1.1
                0x00802000       0x2a main.o
 .rodata.str1.1
                0x0080202a        0x2 source/gyro_control.o
                                  0x5 (size before relaxing)
 .rodata.str1.1
                0x0080202c       0x31 source/mv_control.o
                                 0x34 (size before relaxing)
 .rodata.str1.1
                0x0080205d        0x4 source/xmega_usart.o
 *(.gnu.linkonce.r*)
                0x00802062                . = ALIGN (0x2)
 *fill*         0x00802061        0x1 
                0x00802062                _edata = .
                0x00802062                PROVIDE (__data_end, .)

.bss            0x00802062     0x1b98
                0x00802062                PROVIDE (__bss_start, .)
 *(.bss)
 *(.bss*)
 .bss.serial    0x00802062        0x4 main.o
                0x00802062                serial
 .bss.ta        0x00802066      0x26f main.o
                0x00802066                ta
 .bss.mall      0x008022d5     0x16ae main.o
                0x008022d5                mall
 .bss.st        0x00803983      0x25a main.o
                0x00803983                st
 .bss.gyro      0x00803bdd        0xa source/gyro_control.o
                0x00803bdd                gyro
 .bss.motor_spi
                0x00803be7        0x4 source/motor_control.o
                0x00803be7                motor_spi
 .bss.bblk      0x00803beb        0x1 source/mv_control.o
                0x00803beb                bblk
 .bss.mv        0x00803bec        0x4 source/mv_control.o
                0x00803bec                mv
 .bss.vl        0x00803bf0        0xa source/vl53lox.o
                0x00803bf0                vl
 *(COMMON)
                0x00803bfa                PROVIDE (__bss_end, .)
                0x0000295a                __data_load_start = LOADADDR (.data)
                0x000029bc                __data_load_end = (__data_load_start + SIZEOF (.data))

.noinit         0x00803bfa        0x0
                [!provide]                PROVIDE (__noinit_start, .)
 *(.noinit*)
                [!provide]                PROVIDE (__noinit_end, .)
                0x00803bfa                _end = .
                [!provide]                PROVIDE (__heap_start, .)

.eeprom         0x00810000        0x2
 *(.eeprom*)
 .eeprom        0x00810000        0x2 source/action.o
                0x00810002                __eeprom_end = .

.fuse
 *(.fuse)
 *(.lfuse)
 *(.hfuse)
 *(.efuse)

.lock
 *(.lock*)

.signature
 *(.signature*)

.user_signatures
 *(.user_signatures*)

.stab
 *(.stab)

.stabstr
 *(.stabstr)

.stab.excl
 *(.stab.excl)

.stab.exclstr
 *(.stab.exclstr)

.stab.index
 *(.stab.index)

.stab.indexstr
 *(.stab.indexstr)

.comment        0x00000000       0x30
 *(.comment)
 .comment       0x00000000       0x30 main.o
                                 0x31 (size before relaxing)
 .comment       0x00000030       0x31 source/action.o
 .comment       0x00000030       0x31 source/color_control.o
 .comment       0x00000030       0x31 source/gyro_control.o
 .comment       0x00000030       0x31 source/initializing.o
 .comment       0x00000030       0x31 source/lcd_control.o
 .comment       0x00000030       0x31 source/motor_control.o
 .comment       0x00000030       0x31 source/mv_control.o
 .comment       0x00000030       0x31 source/ui_control.o
 .comment       0x00000030       0x31 source/vl53lox.o
 .comment       0x00000030       0x31 source/xmega_spi.o
 .comment       0x00000030       0x31 source/xmega_twi.o
 .comment       0x00000030       0x31 source/xmega_usart.o

.note.gnu.avr.deviceinfo
                0x00000000       0x40
 .note.gnu.avr.deviceinfo
                0x00000000       0x40 C:/Program Files (x86)/Atmel/Studio/7.0/Packs/atmel/XMEGAA_DFP/1.1.68/gcc/dev/atxmega128a1u/avrxmega7/crtatxmega128a1u.o

.note.gnu.build-id
 *(.note.gnu.build-id)

.debug
 *(.debug)

.line
 *(.line)

.debug_srcinfo
 *(.debug_srcinfo)

.debug_sfnames
 *(.debug_sfnames)

.debug_aranges  0x00000000      0x4f8
 *(.debug_aranges)
 .debug_aranges
                0x00000000       0xb0 main.o
 .debug_aranges
                0x000000b0       0x38 source/action.o
 .debug_aranges
                0x000000e8       0x38 source/color_control.o
 .debug_aranges
                0x00000120       0x58 source/gyro_control.o
 .debug_aranges
                0x00000178       0x38 source/initializing.o
 .debug_aranges
                0x000001b0       0x40 source/lcd_control.o
 .debug_aranges
                0x000001f0       0xa8 source/motor_control.o
 .debug_aranges
                0x00000298       0x58 source/mv_control.o
 .debug_aranges
                0x000002f0       0x50 source/ui_control.o
 .debug_aranges
                0x00000340       0xd0 source/vl53lox.o
 .debug_aranges
                0x00000410       0x30 source/xmega_spi.o
 .debug_aranges
                0x00000440       0x60 source/xmega_twi.o
 .debug_aranges
                0x000004a0       0x58 source/xmega_usart.o

.debug_pubnames
 *(.debug_pubnames)

.debug_info     0x00000000    0x21e04
 *(.debug_info .gnu.linkonce.wi.*)
 .debug_info    0x00000000     0x3e5a C:/Program Files (x86)/Atmel/Studio/7.0/Packs/atmel/XMEGAA_DFP/1.1.68/gcc/dev/atxmega128a1u/avrxmega7/crtatxmega128a1u.o
 .debug_info    0x00003e5a    0x12b73 main.o
 .debug_info    0x000169cd      0x720 source/action.o
 .debug_info    0x000170ed      0x530 source/color_control.o
 .debug_info    0x0001761d     0x10e4 source/gyro_control.o
 .debug_info    0x00018701      0x5a9 source/initializing.o
 .debug_info    0x00018caa      0xf4a source/lcd_control.o
 .debug_info    0x00019bf4     0x268b source/motor_control.o
 .debug_info    0x0001c27f      0xe06 source/mv_control.o
 .debug_info    0x0001d085      0xe89 source/ui_control.o
 .debug_info    0x0001df0e     0x2a2c source/vl53lox.o
 .debug_info    0x0002093a      0x411 source/xmega_spi.o
 .debug_info    0x00020d4b      0x6cc source/xmega_twi.o
 .debug_info    0x00021417      0x9ed source/xmega_usart.o

.debug_abbrev   0x00000000     0x5f75
 *(.debug_abbrev)
 .debug_abbrev  0x00000000     0x3b0e C:/Program Files (x86)/Atmel/Studio/7.0/Packs/atmel/XMEGAA_DFP/1.1.68/gcc/dev/atxmega128a1u/avrxmega7/crtatxmega128a1u.o
 .debug_abbrev  0x00003b0e      0x5ae main.o
 .debug_abbrev  0x000040bc      0x1e5 source/action.o
 .debug_abbrev  0x000042a1      0x1c2 source/color_control.o
 .debug_abbrev  0x00004463      0x2cb source/gyro_control.o
 .debug_abbrev  0x0000472e      0x14c source/initializing.o
 .debug_abbrev  0x0000487a      0x24c source/lcd_control.o
 .debug_abbrev  0x00004ac6      0x4f2 source/motor_control.o
 .debug_abbrev  0x00004fb8      0x3ab source/mv_control.o
 .debug_abbrev  0x00005363      0x2a5 source/ui_control.o
 .debug_abbrev  0x00005608      0x380 source/vl53lox.o
 .debug_abbrev  0x00005988      0x1b0 source/xmega_spi.o
 .debug_abbrev  0x00005b38      0x217 source/xmega_twi.o
 .debug_abbrev  0x00005d4f      0x226 source/xmega_usart.o

.debug_line     0x00000000     0x9427
 *(.debug_line .debug_line.* .debug_line_end)
 .debug_line    0x00000000      0x3b5 C:/Program Files (x86)/Atmel/Studio/7.0/Packs/atmel/XMEGAA_DFP/1.1.68/gcc/dev/atxmega128a1u/avrxmega7/crtatxmega128a1u.o
 .debug_line    0x000003b5     0x54cc main.o
 .debug_line    0x00005881      0x459 source/action.o
 .debug_line    0x00005cda      0x292 source/color_control.o
 .debug_line    0x00005f6c      0x436 source/gyro_control.o
 .debug_line    0x000063a2      0x1f6 source/initializing.o
 .debug_line    0x00006598      0x481 source/lcd_control.o
 .debug_line    0x00006a19      0xd1a source/motor_control.o
 .debug_line    0x00007733      0x4c2 source/mv_control.o
 .debug_line    0x00007bf5      0x3b2 source/ui_control.o
 .debug_line    0x00007fa7      0xc59 source/vl53lox.o
 .debug_line    0x00008c00      0x181 source/xmega_spi.o
 .debug_line    0x00008d81      0x35d source/xmega_twi.o
 .debug_line    0x000090de      0x349 source/xmega_usart.o

.debug_frame    0x00000000     0x1200
 *(.debug_frame)
 .debug_frame   0x00000000      0x4e8 main.o
 .debug_frame   0x000004e8       0x74 source/action.o
 .debug_frame   0x0000055c       0x64 source/color_control.o
 .debug_frame   0x000005c0       0xdc source/gyro_control.o
 .debug_frame   0x0000069c       0x54 source/initializing.o
 .debug_frame   0x000006f0      0x10c source/lcd_control.o
 .debug_frame   0x000007fc      0x244 source/motor_control.o
 .debug_frame   0x00000a40       0xb0 source/mv_control.o
 .debug_frame   0x00000af0       0xd4 source/ui_control.o
 .debug_frame   0x00000bc4      0x330 source/vl53lox.o
 .debug_frame   0x00000ef4       0x44 source/xmega_spi.o
 .debug_frame   0x00000f38      0x124 source/xmega_twi.o
 .debug_frame   0x0000105c      0x1a4 source/xmega_usart.o

.debug_str      0x00000000     0x4e29
 *(.debug_str)
 .debug_str     0x00000000     0x2969 C:/Program Files (x86)/Atmel/Studio/7.0/Packs/atmel/XMEGAA_DFP/1.1.68/gcc/dev/atxmega128a1u/avrxmega7/crtatxmega128a1u.o
 .debug_str     0x00002969      0xbfa main.o
                                0xcae (size before relaxing)
 .debug_str     0x00003563       0xc7 source/action.o
                                0x3e0 (size before relaxing)
 .debug_str     0x0000362a       0xd6 source/color_control.o
                                0x390 (size before relaxing)
 .debug_str     0x00003700      0x211 source/gyro_control.o
                                0x735 (size before relaxing)
 .debug_str     0x00003911      0x22a source/initializing.o
                                0x510 (size before relaxing)
 .debug_str     0x00003b3b       0x55 source/lcd_control.o
                                0x4c1 (size before relaxing)
 .debug_str     0x00003b90      0x35d source/motor_control.o
                                0x948 (size before relaxing)
 .debug_str     0x00003eed       0xaf source/mv_control.o
                                0x78c (size before relaxing)
 .debug_str     0x00003f9c      0x544 source/ui_control.o
                                0x8a7 (size before relaxing)
 .debug_str     0x000044e0      0x733 source/vl53lox.o
                                0xdd8 (size before relaxing)
 .debug_str     0x00004c13       0x64 source/xmega_spi.o
                                0x3e1 (size before relaxing)
 .debug_str     0x00004c77      0x15e source/xmega_twi.o
                                0x4eb (size before relaxing)
 .debug_str     0x00004dd5       0x54 source/xmega_usart.o
                                0x459 (size before relaxing)

.debug_loc      0x00000000     0xff41
 *(.debug_loc)
 .debug_loc     0x00000000     0xb061 main.o
 .debug_loc     0x0000b061      0x3fb source/action.o
 .debug_loc     0x0000b45c      0x239 source/color_control.o
 .debug_loc     0x0000b695      0x6fe source/gyro_control.o
 .debug_loc     0x0000bd93      0x76d source/lcd_control.o
 .debug_loc     0x0000c500      0xfd0 source/motor_control.o
 .debug_loc     0x0000d4d0      0x5a8 source/mv_control.o
 .debug_loc     0x0000da78      0x5b4 source/ui_control.o
 .debug_loc     0x0000e02c     0x103f source/vl53lox.o
 .debug_loc     0x0000f06b       0xa7 source/xmega_spi.o
 .debug_loc     0x0000f112      0x58b source/xmega_twi.o
 .debug_loc     0x0000f69d      0x8a4 source/xmega_usart.o

.debug_macinfo
 *(.debug_macinfo)

.debug_weaknames
 *(.debug_weaknames)

.debug_funcnames
 *(.debug_funcnames)

.debug_typenames
 *(.debug_typenames)

.debug_varnames
 *(.debug_varnames)

.debug_pubtypes
 *(.debug_pubtypes)

.debug_ranges   0x00000000      0x810
 *(.debug_ranges)
 .debug_ranges  0x00000000      0x358 main.o
 .debug_ranges  0x00000358       0x28 source/action.o
 .debug_ranges  0x00000380       0x28 source/color_control.o
 .debug_ranges  0x000003a8       0x48 source/gyro_control.o
 .debug_ranges  0x000003f0       0x28 source/initializing.o
 .debug_ranges  0x00000418       0x30 source/lcd_control.o
 .debug_ranges  0x00000448       0xb0 source/motor_control.o
 .debug_ranges  0x000004f8       0x88 source/mv_control.o
 .debug_ranges  0x00000580       0xb8 source/ui_control.o
 .debug_ranges  0x00000638      0x120 source/vl53lox.o
 .debug_ranges  0x00000758       0x20 source/xmega_spi.o
 .debug_ranges  0x00000778       0x50 source/xmega_twi.o
 .debug_ranges  0x000007c8       0x48 source/xmega_usart.o

.debug_macro
 *(.debug_macro)
OUTPUT(Aquila.elf elf32-avr)
LOAD linker stubs
